intro-title-v1/update_avg_ticks: 142 -> 117 ticks (-17.6%, limit 167.0)
intro-title-v1/draw_per_frame_ticks: 3823 -> 1235 ticks (-67.7%, limit 4396.4)
intro-title-v1/draw_max_ticks: 14926 -> 9901 ticks (-33.7%, limit 17164.9)
intro-title-v1/present_per_frame_ticks: 376 -> 353 ticks (-6.1%, limit 432.4)
intro-title-v1/present_max_ticks: 782 -> 782 ticks (+0.0%, limit 899.3)
oak-dialogue-v1/update_avg_ticks: 167 -> 187 ticks (+12.0%, limit 192.1)
oak-dialogue-v1/draw_per_frame_ticks: 2613 -> 2973 ticks (+13.8%, limit 3004.9)
oak-dialogue-v1/draw_max_ticks: 9336 -> 9082 ticks (-2.7%, limit 10736.4)
oak-dialogue-v1/present_per_frame_ticks: 347 -> 392 ticks (+13.0%, limit 399.1)
oak-dialogue-v1/present_max_ticks: 781 -> 781 ticks (+0.0%, limit 898.1)
overworld-idle-v1/update_avg_ticks: 333 -> 347 ticks (+4.2%, limit 382.9)
overworld-movement-v1/update_avg_ticks: 343 -> 353 ticks (+2.9%, limit 394.4)
overworld-movement-v1/draw_per_frame_ticks: 252 -> 202 ticks (-19.8%, limit 289.8)
overworld-movement-v1/draw_max_ticks: 2707 -> 3086 ticks (+14.0%, limit 3113.1)
overworld-movement-v1/present_per_frame_ticks: 77 -> 63 ticks (-18.2%, limit 102.0)
overworld-movement-v1/present_max_ticks: 767 -> 770 ticks (+0.4%, limit 882.0)
battle-entry-v1/update_avg_ticks: 192 -> 204 ticks (+6.2%, limit 220.8)
battle-entry-v1/draw_per_frame_ticks: 2761 -> 2715 ticks (-1.7%, limit 3175.2)
battle-entry-v1/draw_max_ticks: 8898 -> 8927 ticks (+0.3%, limit 10232.7)
battle-entry-v1/present_per_frame_ticks: 567 -> 568 ticks (+0.2%, limit 652.0)
battle-entry-v1/present_max_ticks: 782 -> 782 ticks (+0.0%, limit 899.3)
trainer-battle-entry-v1/update_avg_ticks: 202 -> 220 ticks (+8.9%, limit 232.3)
trainer-battle-entry-v1/draw_per_frame_ticks: 2454 -> 2452 ticks (-0.1%, limit 2822.1)
trainer-battle-entry-v1/draw_max_ticks: 10197 -> 10230 ticks (+0.3%, limit 11726.5)
trainer-battle-entry-v1/present_per_frame_ticks: 343 -> 344 ticks (+0.3%, limit 394.4)
trainer-battle-entry-v1/present_max_ticks: 781 -> 782 ticks (+0.1%, limit 898.1)
pokedex-entry-v1/update_avg_ticks: 93 -> 104 ticks (+11.8%, limit 118.0)
pokedex-entry-v1/draw_per_frame_ticks: 44 -> 41 ticks (-6.8%, limit 69.0)
pokedex-entry-v1/draw_max_ticks: 17856 -> 16418 ticks (-8.1%, limit 20534.4)
pokedex-entry-v1/present_per_frame_ticks: 1 -> 1 ticks (+0.0%, limit 26.0)
pokedex-entry-v1/present_max_ticks: 767 -> 767 ticks (+0.0%, limit 882.0)
GBA performance is within the configured regression budget.
