== m01: boot to NEW GAME / Oak speech
   done (1.1s wall)
== m02: Oak speech + default names → bedroom
[m02] frame=1921 screen=overworld map=RedsHouse2F pos=(3,6) party=0 money=0 effect=None
   done (4.2s wall)
== m03: leave home → Pallet Town
[m03] frame=2249 screen=overworld map=PalletTown pos=(5,5) party=0 money=0 effect=None
   done (5.1s wall)
== m04: Oak interception → OaksLab
[m04] frame=4196 screen=overworld map=OaksLab pos=(5,3) party=0 money=0 effect=None
   done (6.2s wall)
== m05: take starter (bulbasaur)
[m05] frame=5312 screen=overworld map=OaksLab pos=(8,4) party=1 money=0 effect=None
   done (7.1s wall)
== m06: first rival battle
[m06] frame=7706 screen=overworld map=OaksLab pos=(5,6) party=1 money=0 effect=None
   done (12.9s wall)
== m07: Route 1 → Viridian Mart parcel
[m07-in-mart] frame=11587 screen=overworld map=ViridianMart pos=(3,5) party=1 money=0 effect=None
[m07-back-outside] frame=11699 screen=overworld map=ViridianCity pos=(29,19) party=1 money=0 effect=None
   done (22.7s wall)
== m08: deliver parcel → POKéDEX
   [ntoPINCH] at ViridianCity(27,26)
[m08-southlane] frame=12037 screen=overworld map=ViridianCity pos=(20,32) party=1 money=0 effect=None
[m08-back-home] frame=13247 screen=overworld map=PalletTown pos=(12,12) party=1 money=0 effect=None
[m08-delivered] frame=15991 screen=overworld map=OaksLab pos=(5,3) party=1 money=0 effect=None
[m08] oak-after-delivery: POKeMON around the world wait for you, RED!
   done (28.1s wall)
== m09: Viridian Forest → Pewter City
   [ntoPINCH] at ViridianForest(1,19)
[m09] frame=24718 screen=overworld map=PewterCity pos=(16,29) party=1 money=90 effect=None
   done (49.0s wall)
== m10: train + Boulder Badge (Brock)
[m10-arrived] frame=24719 screen=overworld map=PewterCity pos=(16,29) party=1 money=90 effect=None
   [ntoPINCH] at ViridianForest(26,10)
[train] grass spot Route1 (12,7), target L13
[train] cyc=0 battles=0 L6 hp=22/22 (0s)
[train] hp 12/24 -> heal
[train] cyc=25 battles=4 L8 hp=27/27 (20s)
[train] hp 15/27 -> heal
[train] hp 17/29 -> heal
[train] cyc=50 battles=12 L9 hp=26/29 (54s)
[train] hp 14/31 -> heal
[train] cyc=75 battles=19 L10 hp=26/31 (85s)
[train] hp 18/33 -> heal
[train] cyc=100 battles=24 L11 hp=33/33 (103s)
[train] hp 17/33 -> heal
[train] cyc=125 battles=33 L12 hp=25/36 (132s)
[train] hp 20/36 -> heal
   [ntoPINCH] at Route1(12,2)
[train] hp 18/36 -> heal
[train] level 13 reached (177s, 45 battles)
[m10-trained] frame=84018 screen=overworld map=Route1 pos=(12,7) party=1 money=90 effect=None
   [ntoPINCH] at ViridianForest(26,19)
Traceback (most recent call last):
  File "<stdin>", line 6, in <module>
  File "/Users/liuyanghe02/develop/open-pokered-3/scripts/playthrough.py", line 1511, in main
    fn(g)
    ~~^^^
  File "/Users/liuyanghe02/develop/open-pokered-3/scripts/playthrough.py", line 1387, in m10_brock
    g.nav_to(4, 2, map_name="PewterGym")  # below Brock (4,1)
    ~~~~~~~~^^^^^^^^^^^^^^^^^^^^^^^^^^^^
  File "/Users/liuyanghe02/develop/open-pokered-3/scripts/playthrough.py", line 474, in nav_to
    raise NavError(f"warped out of {map_name} -> {cm}")
playthrough.NavError: warped out of PewterGym -> ViridianCity
