GBA performance regression detected:
- oak-dialogue-v1/update_avg_ticks regressed from 167 to 436 ticks (allowed at most 192.1; 15% or 25 ticks)
- oak-dialogue-v1/draw_per_frame_ticks regressed from 2613 to 19233 ticks (allowed at most 3004.9; 15% or 25 ticks)
- oak-dialogue-v1/draw_max_ticks regressed from 9336 to 61601 ticks (allowed at most 10736.4; 15% or 25 ticks)
- battle-entry-v1/update_avg_ticks regressed from 192 to 301 ticks (allowed at most 220.8; 15% or 25 ticks)
- battle-entry-v1/draw_per_frame_ticks regressed from 2761 to 9618 ticks (allowed at most 3175.2; 15% or 25 ticks)
- battle-entry-v1/draw_max_ticks regressed from 8898 to 41703 ticks (allowed at most 10232.7; 15% or 25 ticks)
- trainer-battle-entry-v1/update_avg_ticks regressed from 202 to 243 ticks (allowed at most 232.3; 15% or 25 ticks)
- trainer-battle-entry-v1/draw_per_frame_ticks regressed from 2454 to 4581 ticks (allowed at most 2822.1; 15% or 25 ticks)
- trainer-battle-entry-v1/draw_max_ticks regressed from 10197 to 42543 ticks (allowed at most 11726.5; 15% or 25 ticks)
- pokedex-entry-v1/draw_per_frame_ticks regressed from 44 to 142 ticks (allowed at most 69.0; 15% or 25 ticks)
- pokedex-entry-v1/draw_max_ticks regressed from 17856 to 57120 ticks (allowed at most 20534.4; 15% or 25 ticks)
intro-title-v1/update_avg_ticks: 142 -> 109 ticks (-23.2%, limit 167.0)
intro-title-v1/draw_per_frame_ticks: 3823 -> 1155 ticks (-69.8%, limit 4396.4)
intro-title-v1/draw_max_ticks: 14926 -> 10259 ticks (-31.3%, limit 17164.9)
intro-title-v1/present_per_frame_ticks: 376 -> 353 ticks (-6.1%, limit 432.4)
intro-title-v1/present_max_ticks: 782 -> 782 ticks (+0.0%, limit 899.3)
oak-dialogue-v1/update_avg_ticks: 167 -> 436 ticks (+161.1%, limit 192.1)
oak-dialogue-v1/draw_per_frame_ticks: 2613 -> 19233 ticks (+636.1%, limit 3004.9)
oak-dialogue-v1/draw_max_ticks: 9336 -> 61601 ticks (+559.8%, limit 10736.4)
oak-dialogue-v1/present_per_frame_ticks: 347 -> 392 ticks (+13.0%, limit 399.1)
oak-dialogue-v1/present_max_ticks: 781 -> 782 ticks (+0.1%, limit 898.1)
overworld-idle-v1/update_avg_ticks: 333 -> 341 ticks (+2.4%, limit 382.9)
overworld-movement-v1/update_avg_ticks: 343 -> 351 ticks (+2.3%, limit 394.4)
overworld-movement-v1/draw_per_frame_ticks: 252 -> 282 ticks (+11.9%, limit 289.8)
overworld-movement-v1/draw_max_ticks: 2707 -> 2984 ticks (+10.2%, limit 3113.1)
overworld-movement-v1/present_per_frame_ticks: 77 -> 77 ticks (+0.0%, limit 102.0)
overworld-movement-v1/present_max_ticks: 767 -> 781 ticks (+1.8%, limit 882.0)
battle-entry-v1/update_avg_ticks: 192 -> 301 ticks (+56.8%, limit 220.8)
battle-entry-v1/draw_per_frame_ticks: 2761 -> 9618 ticks (+248.4%, limit 3175.2)
battle-entry-v1/draw_max_ticks: 8898 -> 41703 ticks (+368.7%, limit 10232.7)
battle-entry-v1/present_per_frame_ticks: 567 -> 567 ticks (+0.0%, limit 652.0)
battle-entry-v1/present_max_ticks: 782 -> 782 ticks (+0.0%, limit 899.3)
trainer-battle-entry-v1/update_avg_ticks: 202 -> 243 ticks (+20.3%, limit 232.3)
trainer-battle-entry-v1/draw_per_frame_ticks: 2454 -> 4581 ticks (+86.7%, limit 2822.1)
trainer-battle-entry-v1/draw_max_ticks: 10197 -> 42543 ticks (+317.2%, limit 11726.5)
trainer-battle-entry-v1/present_per_frame_ticks: 343 -> 344 ticks (+0.3%, limit 394.4)
trainer-battle-entry-v1/present_max_ticks: 781 -> 782 ticks (+0.1%, limit 898.1)
pokedex-entry-v1/update_avg_ticks: 93 -> 100 ticks (+7.5%, limit 118.0)
pokedex-entry-v1/draw_per_frame_ticks: 44 -> 142 ticks (+222.7%, limit 69.0)
pokedex-entry-v1/draw_max_ticks: 17856 -> 57120 ticks (+219.9%, limit 20534.4)
pokedex-entry-v1/present_per_frame_ticks: 1 -> 1 ticks (+0.0%, limit 26.0)
pokedex-entry-v1/present_max_ticks: 767 -> 781 ticks (+1.8%, limit 882.0)
