GBA performance regression detected:
- oak-dialogue-v1/update_avg_ticks regressed from 167 to 193 ticks (allowed at most 192.1; 15% or 25 ticks)
- oak-dialogue-v1/draw_per_frame_ticks regressed from 2613 to 3173 ticks (allowed at most 3004.9; 15% or 25 ticks)
intro-title-v1/update_avg_ticks: 142 -> 109 ticks (-23.2%, limit 167.0)
intro-title-v1/draw_per_frame_ticks: 3823 -> 1156 ticks (-69.8%, limit 4396.4)
intro-title-v1/draw_max_ticks: 14926 -> 10259 ticks (-31.3%, limit 17164.9)
intro-title-v1/present_per_frame_ticks: 376 -> 353 ticks (-6.1%, limit 432.4)
intro-title-v1/present_max_ticks: 782 -> 782 ticks (+0.0%, limit 899.3)
oak-dialogue-v1/update_avg_ticks: 167 -> 193 ticks (+15.6%, limit 192.1)
oak-dialogue-v1/draw_per_frame_ticks: 2613 -> 3173 ticks (+21.4%, limit 3004.9)
oak-dialogue-v1/draw_max_ticks: 9336 -> 9943 ticks (+6.5%, limit 10736.4)
oak-dialogue-v1/present_per_frame_ticks: 347 -> 392 ticks (+13.0%, limit 399.1)
oak-dialogue-v1/present_max_ticks: 781 -> 782 ticks (+0.1%, limit 898.1)
overworld-idle-v1/update_avg_ticks: 333 -> 342 ticks (+2.7%, limit 382.9)
overworld-movement-v1/update_avg_ticks: 343 -> 352 ticks (+2.6%, limit 394.4)
overworld-movement-v1/draw_per_frame_ticks: 252 -> 282 ticks (+11.9%, limit 289.8)
overworld-movement-v1/draw_max_ticks: 2707 -> 2985 ticks (+10.3%, limit 3113.1)
overworld-movement-v1/present_per_frame_ticks: 77 -> 77 ticks (+0.0%, limit 102.0)
overworld-movement-v1/present_max_ticks: 767 -> 781 ticks (+1.8%, limit 882.0)
battle-entry-v1/update_avg_ticks: 192 -> 201 ticks (+4.7%, limit 220.8)
battle-entry-v1/draw_per_frame_ticks: 2761 -> 2831 ticks (+2.5%, limit 3175.2)
battle-entry-v1/draw_max_ticks: 8898 -> 8914 ticks (+0.2%, limit 10232.7)
battle-entry-v1/present_per_frame_ticks: 567 -> 567 ticks (+0.0%, limit 652.0)
battle-entry-v1/present_max_ticks: 782 -> 782 ticks (+0.0%, limit 899.3)
trainer-battle-entry-v1/update_avg_ticks: 202 -> 212 ticks (+5.0%, limit 232.3)
trainer-battle-entry-v1/draw_per_frame_ticks: 2454 -> 2466 ticks (+0.5%, limit 2822.1)
trainer-battle-entry-v1/draw_max_ticks: 10197 -> 10216 ticks (+0.2%, limit 11726.5)
trainer-battle-entry-v1/present_per_frame_ticks: 343 -> 343 ticks (+0.0%, limit 394.4)
trainer-battle-entry-v1/present_max_ticks: 781 -> 781 ticks (+0.0%, limit 898.1)
pokedex-entry-v1/update_avg_ticks: 93 -> 96 ticks (+3.2%, limit 118.0)
pokedex-entry-v1/draw_per_frame_ticks: 44 -> 41 ticks (-6.8%, limit 69.0)
pokedex-entry-v1/draw_max_ticks: 17856 -> 16540 ticks (-7.4%, limit 20534.4)
pokedex-entry-v1/present_per_frame_ticks: 1 -> 1 ticks (+0.0%, limit 26.0)
pokedex-entry-v1/present_max_ticks: 767 -> 766 ticks (-0.1%, limit 882.0)
