warning: function `emit_flex_container` is never used
    --> crates/pokered-data/build.rs:2648:4
     |
2648 | fn emit_flex_container(out: &mut String, flex: &serde_json::Value) {
     |    ^^^^^^^^^^^^^^^^^^^
     |
     = note: `#[warn(dead_code)]` (part of `#[warn(unused)]`) on by default

warning: function `emit_list_params` is never used
    --> crates/pokered-data/build.rs:2900:4
     |
2900 | fn emit_list_params(out: &mut String, list: &serde_json::Value) {
     |    ^^^^^^^^^^^^^^^^

warning: `pokered-data` (build script) generated 2 warnings
   Compiling pokered-data v0.1.0 (/workspace/open-pokered/crates/pokered-data)
warning: pokered-renderer@0.1.0: CJK glyphs generated: 519 chars (95 ASCII + 562 CJK)
warning: unused imports: `Display`, `EnumCount`, `EnumIter`, and `EnumString`
 --> crates/pokered-data/src/items.rs:4:20
  |
4 | use strum_macros::{Display, EnumCount, EnumIter, EnumString};
  |                    ^^^^^^^  ^^^^^^^^^  ^^^^^^^^  ^^^^^^^^^^
  |
  = note: `#[warn(unused_imports)]` (part of `#[warn(unused)]`) on by default

warning: unused doc comment
   --> crates/pokered-data/src/trainer_data.rs:200:1
    |
200 | / /// ROM-resident trainer tables (generated by build.rs from trainers/*.json):
201 | | /// `TRAINER_CLASS_ORDER` lists the classes in `TrainerClass` numeric order
202 | | /// (Nobody excluded) and `trainer_parties(class)` returns that class's
203 | | /// parties as static slices — zero heap involvement.
    | |_----------------------------------------------------^
    |   |
    |   rustdoc does not generate documentation for macro invocations
    |
    = help: to document an item produced by a macro, the macro must produce the documentation as part of its expansion
    = note: `#[warn(unused_doc_comments)]` (part of `#[warn(unused)]`) on by default

warning: unused import: `PaletteTrait`
   --> crates/pokered-data/src/impl_traits.rs:265:48
    |
265 | use dotzuki_engine::palette::{PaletteProvider, PaletteTrait, SgbPaletteEntry};
    |                                                ^^^^^^^^^^^^

warning: unreachable pattern
  --> crates/pokered-data/src/lang_data.rs:90:9
   |
90 |         _ => "???", // species added through the editor (no localized name yet)
   |         ^ no value can reach this
   |
note: multiple earlier patterns match some of the same values
  --> crates/pokered-data/src/lang_data.rs:90:9
   |
38 |         Species::None=>"---",
   |         ------------- matches some of the same values
39 |         Species::Bulbasaur=>"BULBASAUR",Species::Ivysaur=>"IVYSAUR",Species::Venusaur=>"VENUSAUR",
   |         ------------------              ----------------            ----------------- matches some of the same values
   |         |                               |
   |         |                               matches some of the same values
   |         matches some of the same values
...
90 |         _ => "???", // species added through the editor (no localized name yet)
   |         ^ ...and 148 other patterns collectively make this unreachable
   = note: `#[warn(unreachable_patterns)]` (part of `#[warn(unused)]`) on by default

warning: unreachable pattern
   --> crates/pokered-data/src/lang_data.rs:234:13
    |
234 |             _ => "---",
    |             ^ no value can reach this
    |
note: multiple earlier patterns match some of the same values
   --> crates/pokered-data/src/lang_data.rs:234:13
    |
179 |             MoveId::None=>"---",MoveId::Pound=>"POUND",MoveId::KarateChop=>"KARATE CHOP",
    |             ------------        -------------          ------------------ matches some of the same values
    |             |                   |
    |             |                   matches some of the same values
    |             matches some of the same values
180 |             MoveId::Doubleslap=>"DOUBLESLAP",MoveId::CometPunch=>"COMET PUNCH",MoveId::MegaPunch=>"MEGA PUNCH",
    |             ------------------ matches some of the same values
...
234 |             _ => "---",
    |             ^ ...and 162 other patterns collectively make this unreachable

warning: unreachable pattern
   --> crates/pokered-data/src/lang_data.rs:369:9
    |
346 |         "BADGES" => "徽章",
    |         -------- matches all the relevant values
...
369 |         "BADGES" => "徽章",
    |         ^^^^^^^^ no value can reach this

warning: unreachable pattern
   --> crates/pokered-data/src/lang_data.rs:389:9
    |
362 |         "EXIT" => "退出",
    |         ------ matches all the relevant values
...
389 |         "EXIT" => "退出",
    |         ^^^^^^ no value can reach this

warning: function `default_true` is never used
   --> crates/pokered-data/src/ui_layout/schema.rs:112:4
    |
112 | fn default_true() -> bool { true }
    |    ^^^^^^^^^^^^
    |
    = note: `#[warn(dead_code)]` (part of `#[warn(unused)]`) on by default

warning: function `default_gap` is never used
   --> crates/pokered-data/src/ui_layout/schema.rs:113:4
    |
113 | fn default_gap() -> u32 { 1 }
    |    ^^^^^^^^^^^

warning: function `default_item_name_width` is never used
   --> crates/pokered-data/src/ui_layout/schema.rs:114:4
    |
114 | fn default_item_name_width() -> u32 { 14 }
    |    ^^^^^^^^^^^^^^^^^^^^^^^

warning: function `default_qty_width` is never used
   --> crates/pokered-data/src/ui_layout/schema.rs:115:4
    |
115 | fn default_qty_width() -> u32 { 2 }
    |    ^^^^^^^^^^^^^^^^^

warning: function `one` is never used
   --> crates/pokered-data/src/ui_layout/schema.rs:224:4
    |
224 | fn one() -> u32 { 1 }
    |    ^^^

   Compiling pokered-core v0.1.0 (/workspace/open-pokered/crates/pokered-core)
warning: `pokered-data` (lib) generated 12 warnings (run `cargo fix --lib -p pokered-data` to apply 1 suggestion)
warning: unused import: `crate::alloc_prelude::*`
 --> crates/pokered-core/src/battle/effects/damage_effects.rs:6:5
  |
6 | use crate::alloc_prelude::*;
  |     ^^^^^^^^^^^^^^^^^^^^^^^
  |
  = note: `#[warn(unused_imports)]` (part of `#[warn(unused)]`) on by default

warning: unused import: `crate::alloc_prelude::*`
 --> crates/pokered-core/src/battle/effects/field_effects.rs:8:5
  |
8 | use crate::alloc_prelude::*;
  |     ^^^^^^^^^^^^^^^^^^^^^^^

warning: unused import: `crate::alloc_prelude::*`
  --> crates/pokered-core/src/battle/effects/multi_hit_effects.rs:14:5
   |
14 | use crate::alloc_prelude::*;
   |     ^^^^^^^^^^^^^^^^^^^^^^^

warning: unused import: `crate::alloc_prelude::*`
 --> crates/pokered-core/src/battle/effects/multi_turn_effects.rs:7:5
  |
7 | use crate::alloc_prelude::*;
  |     ^^^^^^^^^^^^^^^^^^^^^^^

warning: unused import: `crate::alloc_prelude::*`
 --> crates/pokered-core/src/battle/effects/special_effects.rs:7:5
  |
7 | use crate::alloc_prelude::*;
  |     ^^^^^^^^^^^^^^^^^^^^^^^

warning: unused import: `crate::alloc_prelude::*`
 --> crates/pokered-core/src/battle/effects/stat_effects.rs:6:5
  |
6 | use crate::alloc_prelude::*;
  |     ^^^^^^^^^^^^^^^^^^^^^^^

warning: unused import: `crate::alloc_prelude::*`
 --> crates/pokered-core/src/battle/effects/status_effects.rs:8:5
  |
8 | use crate::alloc_prelude::*;
  |     ^^^^^^^^^^^^^^^^^^^^^^^

warning: unused import: `crate::alloc_prelude::*`
  --> crates/pokered-core/src/battle/special_moves.rs:15:5
   |
15 | use crate::alloc_prelude::*;
   |     ^^^^^^^^^^^^^^^^^^^^^^^

warning: unused import: `crate::alloc_prelude::*`
 --> crates/pokered-core/src/battle/turn_order.rs:1:5
  |
1 | use crate::alloc_prelude::*;
  |     ^^^^^^^^^^^^^^^^^^^^^^^

warning: unused import: `pokered_data::pokemon_data::get_base_stats`
   --> crates/pokered-core/src/battle/mod.rs:195:5
    |
195 | use pokered_data::pokemon_data::get_base_stats;
    |     ^^^^^^^^^^^^^^^^^^^^^^^^^^^^^^^^^^^^^^^^^^

warning: unused import: `CaptureRandoms`
    --> crates/pokered-core/src/battle/mod.rs:3087:38
     |
3087 |         use crate::battle::capture::{CaptureRandoms, CaptureResult};
     |                                      ^^^^^^^^^^^^^^

warning: unused import: `crate::alloc_prelude::*`
    --> crates/pokered-core/src/battle/mod.rs:7245:9
     |
7245 |     use crate::alloc_prelude::*;
     |         ^^^^^^^^^^^^^^^^^^^^^^^
     |
help: if this is a test module, consider adding a `#[cfg(test)]` to the containing module
    --> crates/pokered-core/src/battle/mod.rs:7244:5
     |
7244 |     mod pp_lifecycle_tests {
     |     ^^^^^^^^^^^^^^^^^^^^^^

warning: unused import: `crate::battle::state::status1`
    --> crates/pokered-core/src/battle/mod.rs:7247:13
     |
7247 |         use crate::battle::state::status1;
     |             ^^^^^^^^^^^^^^^^^^^^^^^^^^^^^
     |
help: if this is a test module, consider adding a `#[cfg(test)]` to the containing module
    --> crates/pokered-core/src/battle/mod.rs:7244:5
     |
7244 |     mod pp_lifecycle_tests {
     |     ^^^^^^^^^^^^^^^^^^^^^^

warning: unused import: `crate::alloc_prelude::*`
  --> crates/pokered-core/src/link/rng.rs:67:5
   |
67 | use crate::alloc_prelude::*;
   |     ^^^^^^^^^^^^^^^^^^^^^^^

warning: unused import: `crate::alloc_prelude::*`
 --> crates/pokered-core/src/overworld/collision.rs:1:5
  |
1 | use crate::alloc_prelude::*;
  |     ^^^^^^^^^^^^^^^^^^^^^^^

warning: unused import: `pokered_data::tilesets::TilesetId`
  --> crates/pokered-core/src/overworld/doors_elevators.rs:11:5
   |
11 | use pokered_data::tilesets::TilesetId;
   |     ^^^^^^^^^^^^^^^^^^^^^^^^^^^^^^^^^

warning: unused import: `pokered_data::tilesets::TilesetId`
 --> crates/pokered-core/src/overworld/player_movement.rs:9:5
  |
9 | use pokered_data::tilesets::TilesetId;
  |     ^^^^^^^^^^^^^^^^^^^^^^^^^^^^^^^^^

warning: unused import: `pokered_data::tilesets::TilesetId`
 --> crates/pokered-core/src/overworld/special_terrain.rs:7:5
  |
7 | use pokered_data::tilesets::TilesetId;
  |     ^^^^^^^^^^^^^^^^^^^^^^^^^^^^^^^^^

warning: unnecessary parentheses around pattern
    --> crates/pokered-core/src/overworld/screen.rs:1704:21
     |
1704 |                 for (y) in [cy - r, cy + r] {
     |                     ^ ^
     |
     = note: `#[warn(unused_parens)]` (part of `#[warn(unused)]`) on by default
help: remove these parentheses
     |
1704 -                 for (y) in [cy - r, cy + r] {
1704 +                 for y in [cy - r, cy + r] {
     |

warning: unused import: `max_exp`
  --> crates/pokered-core/src/pokemon/engine_adapter.rs:43:56
   |
43 | use crate::battle::experience::growth::{exp_for_level, max_exp};
   |                                                        ^^^^^^^

warning: unused import: `crate::battle::experience::level_up::process_level_up`
  --> crates/pokered-core/src/pokemon/engine_adapter.rs:44:5
   |
44 | use crate::battle::experience::level_up::process_level_up;
   |     ^^^^^^^^^^^^^^^^^^^^^^^^^^^^^^^^^^^^^^^^^^^^^^^^^^^^^

warning: unused import: `pokered_data::items::ItemId`
  --> crates/pokered-core/src/snapshot.rs:61:5
   |
61 | use pokered_data::items::ItemId;
   |     ^^^^^^^^^^^^^^^^^^^^^^^^^^^

warning: unused variable: `randoms`
   --> crates/pokered-core/src/battle/capture.rs:113:9
    |
113 |     let randoms = CaptureRandoms { rand1, rand2 };
    |         ^^^^^^^ help: if this is intentional, prefix it with an underscore: `_randoms`
    |
    = note: `#[warn(unused_variables)]` (part of `#[warn(unused)]`) on by default

warning: variable does not need to be mutable
    --> crates/pokered-core/src/battle/mod.rs:2614:17
     |
2614 |                 mut wait_frames,
     |                 ----^^^^^^^^^^^
     |                 |
     |                 help: remove this `mut`
     |
     = note: `#[warn(unused_mut)]` (part of `#[warn(unused)]`) on by default

warning: unused variable: `pokemon_index`
    --> crates/pokered-core/src/battle/mod.rs:2280:39
     |
2280 |             BattlePhase::PartyStats { pokemon_index } => {
     |                                       ^^^^^^^^^^^^^ help: try ignoring the field: `pokemon_index: _`

warning: unused variable: `action`
    --> crates/pokered-core/src/battle/mod.rs:4293:50
     |
4293 |                     &mut |state, effects, actor, action, rng| {
     |                                                  ^^^^^^ help: if this is intentional, prefix it with an underscore: `_action`

warning: unused variable: `tileset`
   --> crates/pokered-core/src/overworld/collision.rs:166:9
    |
166 |         tileset: TilesetId,
    |         ^^^^^^^ help: if this is intentional, prefix it with an underscore: `_tileset`

warning: unused variable: `tileset`
   --> crates/pokered-core/src/overworld/collision.rs:214:9
    |
214 |         tileset: TilesetId,
    |         ^^^^^^^ help: if this is intentional, prefix it with an underscore: `_tileset`

warning: irrefutable `if let` pattern
    --> crates/pokered-core/src/overworld/native_script.rs:1274:12
     |
1274 |         if let Self::Native(engine) = self {
     |            ^^^^^^^^^^^^^^^^^^^^^^^^^^^^^^^
     |
     = note: this pattern will always match, so the `if let` is useless
     = help: consider replacing the `if let` with a `let`
     = note: `#[warn(irrefutable_let_patterns)]` on by default

warning: value assigned to `repel_wore_off` is never read
    --> crates/pokered-core/src/overworld/update.rs:2074:21
     |
2074 |                     repel_wore_off = true;
     |                     ^^^^^^^^^^^^^^^^^^^^^
     |
     = help: maybe it is overwritten before being read?
     = note: `#[warn(unused_assignments)]` (part of `#[warn(unused)]`) on by default

warning: irrefutable `if let` pattern
    --> crates/pokered-core/src/overworld/update.rs:3509:16
     |
3509 |               if let super::native_script::OverworldScriptEngine::Native(engine) =
     |  ________________^
3510 | |                 &mut self.script_engine
     | |_______________________________________^
     |
     = note: this pattern will always match, so the `if let` is useless
     = help: consider replacing the `if let` with a `let`

warning: irrefutable `if let` pattern
    --> crates/pokered-core/src/overworld/update.rs:3536:20
     |
3536 |                   if let super::native_script::OverworldScriptEngine::Native(engine) =
     |  ____________________^
3537 | |                     &self.script_engine
     | |_______________________________________^
     |
     = note: this pattern will always match, so the `if let` is useless
     = help: consider replacing the `if let` with a `let`

warning: irrefutable `if let` pattern
    --> crates/pokered-core/src/overworld/update.rs:3568:20
     |
3568 |                   if let super::native_script::OverworldScriptEngine::Native(engine) =
     |  ____________________^
3569 | |                     &mut self.script_engine
     | |___________________________________________^
     |
     = note: this pattern will always match, so the `if let` is useless
     = help: consider replacing the `if let` with a `let`

warning: unused variable: `probe`
   --> crates/pokered-core/src/save/sram_import.rs:548:29
    |
548 | fn blank_offset_after_water(probe: &[u8]) -> usize {
    |                             ^^^^^ help: if this is intentional, prefix it with an underscore: `_probe`

warning: type `screen::PendingConnection` is more private than the item `OverworldSnapshot::pending_connection`
   --> crates/pokered-core/src/snapshot.rs:92:5
    |
 92 |     pub pending_connection: Option<PendingConnection>,
    |     ^^^^^^^^^^^^^^^^^^^^^^^^^^^^^^^^^^^^^^^^^^^^^^^^^ field `OverworldSnapshot::pending_connection` is reachable at visibility `pub`
    |
note: but type `screen::PendingConnection` is only usable at visibility `pub(crate)`
   --> crates/pokered-core/src/overworld/screen.rs:313:1
    |
313 | pub(crate) struct PendingConnection {
    | ^^^^^^^^^^^^^^^^^^^^^^^^^^^^^^^^^^^
    = note: `#[warn(private_interfaces)]` on by default

warning: type `screen::PendingCut` is more private than the item `OverworldSnapshot::pending_cut`
   --> crates/pokered-core/src/snapshot.rs:105:5
    |
105 |     pub pending_cut: Option<PendingCut>,
    |     ^^^^^^^^^^^^^^^^^^^^^^^^^^^^^^^^^^^ field `OverworldSnapshot::pending_cut` is reachable at visibility `pub`
    |
note: but type `screen::PendingCut` is only usable at visibility `pub(crate)`
   --> crates/pokered-core/src/overworld/screen.rs:616:1
    |
616 | pub(crate) struct PendingCut {
    | ^^^^^^^^^^^^^^^^^^^^^^^^^^^^

warning: type `PendingFishing` is more private than the item `OverworldSnapshot::pending_fishing`
   --> crates/pokered-core/src/snapshot.rs:179:5
    |
179 |     pub pending_fishing: Option<PendingFishing>,
    |     ^^^^^^^^^^^^^^^^^^^^^^^^^^^^^^^^^^^^^^^^^^^ field `OverworldSnapshot::pending_fishing` is reachable at visibility `pub`
    |
note: but type `PendingFishing` is only usable at visibility `pub(crate)`
   --> crates/pokered-core/src/overworld/fishing.rs:161:1
    |
161 | pub(crate) struct PendingFishing {
    | ^^^^^^^^^^^^^^^^^^^^^^^^^^^^^^^^

warning: function `format_cannot_move` is never used
   --> crates/pokered-core/src/battle/mod.rs:653:4
    |
653 | fn format_cannot_move(reason: &CannotMoveReason) -> &'static str {
    |    ^^^^^^^^^^^^^^^^^^
    |
    = note: `#[warn(dead_code)]` (part of `#[warn(unused)]`) on by default

warning: associated functions `generate_move_randoms` and `format_move_outcome` are never used
    --> crates/pokered-core/src/battle/mod.rs:1532:8
     |
1180 | impl BattleScreen {
     | ----------------- associated functions in this implementation
...
1532 |     fn generate_move_randoms() -> MoveRandoms {
     |        ^^^^^^^^^^^^^^^^^^^^^
...
1723 |     fn format_move_outcome(
     |        ^^^^^^^^^^^^^^^^^^^

warning: function `mk` is never used
    --> crates/pokered-core/src/battle/mod.rs:7251:12
     |
7251 |         fn mk(sp: Species, lvl: u8, moves: [MoveId; 4]) -> crate::battle::state::Pokemon {
     |            ^^

warning: method `text_pages` is never used
   --> crates/pokered-core/src/oak_speech.rs:314:8
    |
313 | impl OakSpeechPhase {
    | ------------------- method in this implementation
314 |     fn text_pages(&self) -> Option<&'static [TextPage]> {
    |        ^^^^^^^^^^

warning: fields `scene_script_provider` and `scripts_dir` are never read
   --> crates/pokered-core/src/overworld/screen.rs:726:16
    |
627 | pub struct OverworldScreen<G: GameData = pokered_data::impl_traits::PokemonRedData> {
    |            --------------- fields in this struct
...
726 |     pub(crate) scene_script_provider: pokered_data::scene_loader::SceneScriptProvider,
    |                ^^^^^^^^^^^^^^^^^^^^^
...
736 |     pub(crate) scripts_dir: Option<std::path::PathBuf>,
    |                ^^^^^^^^^^^

warning: methods `map_scene_ast` and `repel_wore_off` are never used
    --> crates/pokered-core/src/overworld/screen.rs:1339:19
     |
 964 | impl<G: GameData<Tileset = TilesetId>> OverworldScreen<G> {
     | --------------------------------------------------------- methods in this implementation
...
1339 |     pub(crate) fn map_scene_ast(&self, map_key: &str) -> Option<dotzuki_engine_dsl::ast::GameScene> {
     |                   ^^^^^^^^^^^^^
...
2045 |     pub(crate) fn repel_wore_off(&self, repel_before: u16) -> bool {
     |                   ^^^^^^^^^^^^^^

   Compiling pokered-renderer v0.1.0 (/workspace/open-pokered/crates/pokered-renderer)
warning: `pokered-core` (lib) generated 43 warnings (run `cargo fix --lib -p pokered-core` to apply 29 suggestions)
   Compiling pokered-ui v0.1.0 (/workspace/open-pokered/crates/pokered-ui)
warning: unused import: `crate::alloc_prelude::*`
 --> crates/pokered-ui/src/v2.rs:9:5
  |
9 | use crate::alloc_prelude::*;
  |     ^^^^^^^^^^^^^^^^^^^^^^^
  |
  = note: `#[warn(unused_imports)]` (part of `#[warn(unused)]`) on by default

warning: `pokered-ui` (lib test) generated 1 warning (run `cargo fix --lib -p pokered-ui --tests` to apply 1 suggestion)
    Finished `test` profile [unoptimized] target(s) in 41.07s
     Running unittests src/lib.rs (target/debug/deps/pokered_renderer-5fa04d4637d0fb6a)

running 397 tests
test embedded_font::tests::chinese_glyph_pixels_remain_identical_to_fusion_pixel ... ok
test embedded_font::tests::original_font_uses_eight_pixel_cells_and_preserves_chinese_advance ... ok
test embedded_font::tests::original_letter_pixels_fill_the_eight_by_eight_cell ... ok
test gamefreak_stars::tests::big_star_matches_original_quadrants_palette_and_clipping_every_frame ... ok
test gen1_battle_anim::tests::blink_mon_preserves_scanline_48_tilemap_edges ... ok
test gen1_battle_anim::tests::enemy_amnesia_and_rest_use_shared_status_animations ... ok
test gen1_battle_anim::tests::every_delayed_frame_block_has_a_nonzero_delay ... ok
test gen1_battle_anim::tests::falling_objects_preserve_original_overflow_table_reads ... ok
test gen1_battle_anim::tests::gba_in_place_shifts_match_snapshot_for_clipping_and_large_offsets ... ok
test embedded_font::tests::fast_original_font_matches_rectangle_pixels_with_clipping_and_scaling ... ok
test gen1_battle_anim::tests::mon_tile_row_spans_match_the_per_pixel_blit ... ok
test gen1_battle_anim::tests::nested_effect_waits_include_their_assembly_helpers ... ok
test gen1_battle_anim::tests::pound_matches_original_vblank_timing_and_screen_coordinates ... ok
test gen1_battle_anim::tests::shade_ramp_palettes_are_recognized ... ok
test gen1_battle_anim::tests::shoot_balls_match_single_and_many_routine_frame_counts ... ok
test gen1_battle_anim::tests::short_flash_keeps_palette_restore_as_a_nonblocking_raster_edge ... ok
test gen1_battle_anim::tests::special_effect_routines_match_reference_frame_counts ... ok
test gen1_battle_anim::tests::spiral_balls_include_tile_upload_cleanup_and_flash_hook ... ok
test mon_icon::fidelity_tests::animated_frames_use_distinct_valid_source_tiles ... ok
test mon_icon::fidelity_tests::hp_thresholds_and_gb_delay_are_original ... ok
test overworld_palette::tests::sprite_highlights_are_opaque_white_over_the_background ... ok
test resource_catalog::tests::every_category_round_trips_through_its_canonical_subdirectory ... ok
test tests::animation_player_default_is_finished ... ok
test tests::animation_player_multi_command_anim ... ok
test tests::animation_player_new_is_finished ... ok
test tests::animation_player_runs_to_completion ... ok
test tests::animation_player_start_invalid_move ... ok
test tests::animation_player_start_resets_state ... ok
test tests::animation_player_tick_effect_only_anim ... ok
test tests::animation_player_tick_finished_returns_done ... ok
test tests::animation_player_tick_subanim_produces_oam ... ok
test tests::animation_type_from_u8 ... ok
test tests::apply_effect_blink_variants ... ok
test tests::apply_effect_flash_screen_variants ... ok
test tests::apply_effect_misc ... ok
test tests::apply_effect_mon_visibility ... ok
test tests::apply_effect_screen_palettes ... ok
test tests::apply_effect_shake_enemy_hud ... ok
test tests::apply_effect_shoot_balls ... ok
test tests::apply_effect_slide_variants ... ok
test tests::asset_category_font_is_1bpp ... ok
test tests::asset_category_subdir_font ... ok
test tests::asset_category_subdir_pokemon_back ... ok
test tests::asset_category_subdir_pokemon_front ... ok
test tests::asset_category_subdir_pokemon_front_rg ... ok
test tests::asset_category_subdir_tileset ... ok
test tests::asset_category_subdir_trainer ... ok
test tests::asset_category_tileset_is_not_1bpp ... ok
test tests::asset_root_from_parent_finds_gfx ... ok
test tests::asset_root_list_pngs_pokemon_front ... ok
test tests::asset_root_list_pngs_sorted ... ok
test tests::asset_root_list_pngs_tilesets ... ok
test tests::asset_root_resolve_checked_existing_file ... ok
test tests::asset_root_resolve_checked_missing_file ... ok
test tests::asset_root_resolve_path ... ok
test tests::base_coords_length_matches ... ok
test tests::base_coords_spot_check ... ok
test tests::battle_anim_constants_valid ... ok
test tests::battle_scene_draw_huds_hidden ... ok
test tests::battle_scene_draw_huds_visible ... ok
test tests::battle_scene_new_defaults ... ok
test tests::bgp_register_inverted ... ok
test tests::bgp_register_normal ... ok
test tests::bgp_register_white_out ... ok
test tests::color_palette_state_dmg_mode_uses_dmg_palette ... ok
test tests::color_palette_state_grayscale_mode ... ok
test tests::color_palette_state_new_defaults ... ok
test tests::color_palette_state_pocket_mode ... ok
test tests::color_palette_state_set_battle ... ok
test tests::color_palette_state_set_battle_transformed ... ok
test tests::color_palette_state_set_overworld ... ok
test tests::color_palette_state_sgb_mode_uses_sgb_palette ... ok
test tests::constants_are_consistent ... ok
test tests::decode_2bpp_row_function ... ok
test tests::decode_command_effect ... ok
test tests::decode_command_effect_wavy_screen ... ok
test tests::decode_command_subanim ... ok
test tests::decode_command_subanim_tileset_zero ... ok
test tests::determine_palette_id_normal ... ok
test tests::determine_palette_id_transformed ... ok
test tests::dmg_palette_colors ... ok
test tests::draw_hp_bar_empty ... ok
test tests::draw_hp_bar_full ... ok
test tests::draw_hp_bar_partial ... ok
test tests::draw_hp_bar_with_numbers ... ok
test tests::draw_level_100 ... ok
test tests::draw_level_single_digit ... ok
test tests::draw_level_two_digits ... ok
test tests::draw_retreat_stage_full_clears_area ... ok
test tests::draw_retreat_stage_pokeball ... ok
test tests::encode_menu_str_basic ... ok
test tests::enemy_hud_border ... ok
test tests::enemy_hud_clear ... ok
test tests::enemy_hud_draw_no_hp_numbers ... ok
test tests::fade_cancel_stops_fade ... ok
test tests::fade_direction_in_from_black_indices ... ok
test tests::fade_direction_in_from_white_indices ... ok
test tests::fade_direction_out_to_black_indices ... ok
test tests::fade_direction_out_to_white_indices ... ok
test tests::fade_done_clears_after_one_tick ... ok
test tests::fade_in_from_black_full_sequence ... ok
test tests::fade_in_from_white_ends_at_pal5 ... ok
test tests::fade_out_to_black_ends_at_pal1 ... ok
test tests::fade_out_to_white_full_sequence ... ok
test tests::fade_palette_constants_all_black ... ok
test tests::fade_palette_constants_all_white ... ok
test tests::fade_palette_constants_normal ... ok
test tests::fade_palettes_array_length ... ok
test tests::fade_restart_during_active ... ok
test tests::fade_tick_idle_returns_idle ... ok
test tests::fade_transition_default_is_idle ... ok
test tests::fade_transition_new_is_idle ... ok
test tests::fade_transition_start_sets_active ... ok
test tests::frame_block_data_length ... ok
test tests::frame_block_mode_from_u8_roundtrip ... ok
test tests::frame_block_mode_properties ... ok
test tests::framebuffer_blit_row ... ok
test tests::framebuffer_blit_row_out_of_bounds ... ok
test tests::framebuffer_clear ... ok
test tests::framebuffer_default_is_white ... ok
test tests::framebuffer_fill_rect ... ok
test tests::framebuffer_fill_rect_clamped ... ok
test tests::framebuffer_new_cleared ... ok
test tests::framebuffer_out_of_bounds ... ok
test tests::framebuffer_packed_layout_is_2bpp_planes ... ok
test tests::framebuffer_palette_effects_are_index_remaps ... ok
test tests::framebuffer_set_get_pixel ... ok
test tests::gb_button_bit_masks_unique ... ok
test tests::gb_color_all ... ok
test tests::gb_color_from_u8 ... ok
test tests::get_frame_block_all_valid ... ok
test tests::get_move_animation_all_valid ... ok
test tests::get_subanimation_all_valid ... ok
test tests::grayscale_palette_colors ... ok
test tests::health_bar_color_green ... ok
test tests::health_bar_color_red ... ok
test tests::health_bar_color_yellow ... ok
test tests::hp_bar_pixels_empty ... ok
test tests::hp_bar_pixels_full ... ok
test tests::hp_bar_pixels_half ... ok
test tests::hp_bar_pixels_max_zero ... ok
test tests::hp_bar_pixels_one_hp ... ok
test tests::hp_bar_pixels_overflow_clamped ... ok
test tests::hp_bar_to_sgb_palette_values ... ok
test tests::hvflip_flag_cycle ... ok
test tests::input_any_flags ... ok
test tests::input_clear ... ok
test tests::input_just_pressed ... ok
test tests::input_just_released ... ok
test tests::input_keycode_mapping ... ok
test tests::input_multiple_buttons ... ok
test tests::input_press_and_release ... ok
test tests::input_raw_values ... ok
test tests::input_set_from_keycode ... ok
test tests::input_state_initial ... ok
test tests::instant_palette_normal ... ok
test tests::instant_palette_white_out ... ok
test tests::list_menu_cursor_position ... ok
test tests::list_menu_draw_cancel ... ok
test tests::list_menu_draw_frame ... ok
test tests::list_menu_draw_item ... ok
test tests::list_menu_draw_item_quantity ... ok
test tests::list_menu_no_scroll_indicator_when_all_visible ... ok
test tests::list_menu_renderer_new ... ok
test tests::list_menu_scroll_down_up ... ok
test tests::list_menu_scroll_indicator ... ok
test tests::load_font_png_1bpp ... ok
test tests::load_gb_pal_offset_3_is_darker ... ok
test tests::load_gb_pal_offset_6 ... ok
test tests::load_gb_pal_offset_9_is_darkest ... ok
test tests::load_gb_pal_offset_large_saturates ... ok
test tests::load_gb_pal_offset_zero_is_normal ... ok
test tests::load_overworld_tileset_png ... ok
test tests::load_pokemon_back_bulbasaur ... ok
test tests::load_pokemon_front_bulbasaur ... ok
test tests::load_pokemon_front_charizard ... ok
test tests::load_sprite_red_png ... ok
test tests::loaded_png_tiles_x_and_y ... ok
test tests::lookup_sgb_palette_returns_correct_entry ... ok
test tests::menu_cursor_erase_writes_space ... ok
test tests::menu_cursor_move_to ... ok
test tests::menu_cursor_new_defaults ... ok
test tests::menu_cursor_place_does_not_save_cursor_tile ... ok
test tests::menu_cursor_place_saves_tile ... ok
test tests::menu_cursor_place_unfilled ... ok
test tests::menu_cursor_restore ... ok
test tests::menu_layout_cursor_positions ... ok
test tests::menu_layout_item_position ... ok
test tests::menu_layout_move_cursor_down_up ... ok
test tests::menu_layout_new_defaults ... ok
test tests::menu_layout_place_cursor ... ok
test tests::menu_layout_place_item_text ... ok
test tests::menu_layout_single_spaced ... ok
test tests::menu_layout_wrapping ... ok
test tests::monster_palette_bulbasaur ... ok
test tests::monster_palette_charmander ... ok
test tests::monster_palette_gengar ... ok
test tests::monster_palette_mew ... ok
test tests::monster_palette_mewtwo ... ok
test tests::monster_palette_missingno ... ok
test tests::monster_palette_out_of_range_fallback ... ok
test tests::monster_palette_pikachu ... ok
test tests::monster_palette_squirtle ... ok
test tests::monster_palettes_count ... ok
test tests::move_anim_data_length ... ok
test tests::num_sgb_pals_correct ... ok
test tests::obp0_default_makes_color0_transparent ... ok
test tests::overworld_palette_brunos_room ... ok
test tests::overworld_palette_cavern_tileset ... ok
test tests::overworld_palette_cemetery_tileset ... ok
test tests::overworld_palette_cerulean_cave ... ok
test tests::overworld_palette_indoor_celadon ... ok
test tests::overworld_palette_indoor_pallet_town ... ok
test tests::overworld_palette_indoor_route ... ok
test tests::overworld_palette_loreleis_room ... ok
test tests::overworld_palette_pallet_town ... ok
test tests::overworld_palette_route ... ok
test tests::overworld_palette_saffron_city ... ok
test tests::overworld_palette_viridian_city ... ok
test tests::palette_state_default ... ok
test tests::palette_state_white_out_and_reset ... ok
test tests::party_menu_cursor_position ... ok
test tests::party_menu_draw_hp_bar_empty ... ok
test tests::party_menu_draw_hp_bar_full ... ok
test tests::party_menu_draw_hp_bar_half ... ok
test tests::party_menu_draw_hp_text ... ok
test tests::party_menu_draw_level_100 ... ok
test tests::party_menu_draw_level_single_digit ... ok
test tests::party_menu_draw_level_two_digits ... ok
test tests::party_menu_draw_mon_entry ... ok
test tests::party_menu_draw_mon_entry_second_slot ... ok
test tests::party_menu_draw_status ... ok
test tests::party_menu_draw_unfilled_arrow ... ok
test tests::party_menu_hp_bar_position ... ok
test tests::player_hud_border ... ok
test tests::player_hud_clear ... ok
test tests::player_hud_draw_full ... ok
test tests::pokeball_indicators_enemy ... ok
test tests::pokeball_indicators_partial_party ... ok
test tests::pokeball_indicators_player ... ok
test tests::pokeball_status_tiles ... ok
test tests::pokemon_sprite_back_constants ... ok
test tests::pokemon_sprite_size_from_dimensions ... ok
test tests::pokemon_sprite_size_large ... ok
test tests::pokemon_sprite_size_medium ... ok
test tests::pokemon_sprite_size_small ... ok
test tests::render_frame_block_coordflip_transform ... ok
test tests::render_frame_block_hflip_transform ... ok
test tests::render_frame_block_hvflip_transform ... ok
test tests::render_frame_block_normal_transform ... ok
test tests::render_frame_block_out_of_bounds ... ok
test tests::render_frame_block_tile_count_matches_data ... ok
test tests::resolve_transform_enemy_enemy_turn ... ok
test tests::resolve_transform_enemy_player_turn ... ok
test tests::resolve_transform_non_enemy_enemy_turn ... ok
test tests::resolve_transform_non_enemy_player_turn ... ok
test tests::resource_manager_cache_hit ... ok
test tests::resource_manager_clear_cache ... ok
test tests::resource_manager_ensure_png_ext ... ok
test tests::resource_manager_evict ... ok
test tests::resource_manager_generic_load ... ok
test tests::resource_manager_is_cached ... ok
test tests::resource_manager_load_battle ... ok
test tests::resource_manager_load_font ... ok
test tests::resource_manager_load_nonexistent ... ok
test tests::resource_manager_load_pokemon_back ... ok
test tests::resource_manager_load_pokemon_front ... ok
test tests::resource_manager_load_pokemon_front_rg ... ok
test tests::resource_manager_load_sprite ... ok
test tests::resource_manager_load_tileset ... ok
test tests::resource_manager_load_trainer ... ok
test tests::resource_manager_new_empty_cache ... ok
test tests::retreat_stage_layout ... ok
test tests::retreat_stage_next ... ok
test tests::rgba_constructors ... ok
test tests::scale_sprite_2x_basic ... ok
test tests::scale_sprite_2x_single_pixel ... ok
test tests::screen_tile_buffer_copy_from_flat ... ok
test tests::screen_tile_buffer_copy_from_flat_partial ... ok
test tests::screen_tile_buffer_fill ... ok
test tests::screen_tile_buffer_get_out_of_bounds ... ok
test tests::screen_tile_buffer_get_set ... ok
test tests::screen_tile_buffer_new_filled_with_space ... ok
test tests::screen_tile_buffer_new_fills_with_spaces ... ok
test tests::screen_tile_buffer_render_pixel_check ... ok
test tests::screen_tile_buffer_render_region ... ok
test tests::screen_tile_buffer_set_out_of_bounds_ignored ... ok
test tests::screen_tile_buffer_set_row ... ok
test tests::screen_tile_buffer_set_row_full_width ... ok
test tests::screen_tile_buffer_set_row_out_of_bounds ... ok
test tests::screen_tile_constants ... ok
test tests::set_pal_command_enum_values ... ok
test tests::set_pal_command_from_u8_invalid ... ok
test tests::set_pal_command_from_u8_valid ... ok
test tests::set_pal_special_constants ... ok
test tests::sgb_color_to_rgba_black ... ok
test tests::sgb_color_to_rgba_mid ... ok
test tests::sgb_color_to_rgba_specific ... ok
test tests::sgb_color_to_rgba_white ... ok
test tests::sgb_entry_to_palette_conversion ... ok
test tests::sgb_palette_id_enum_values ... ok
test tests::sgb_palette_id_from_u8_invalid ... ok
test tests::sgb_palette_id_from_u8_valid ... ok
test tests::sgb_palette_id_roundtrip ... ok
test tests::special_effect_from_u8_boundary ... ok
test tests::sprite_bg_priority ... ok
test tests::sprite_layer_clear ... ok
test tests::sprite_oam_attributes ... ok
test tests::sprite_oam_from_raw ... ok
test tests::sprite_on_screen ... ok
test tests::sprite_render_obp1 ... ok
test tests::sprite_render_transparent_color0 ... ok
test tests::sprite_render_visible ... ok
test tests::sprite_render_x_flip ... ok
test tests::sprite_render_y_flip ... ok
test tests::start_menu_draw_with_player_name ... ok
test tests::start_menu_draw_with_pokedex ... ok
test tests::start_menu_draw_without_pokedex ... ok
test tests::start_menu_link_mode_shows_reset ... ok
test tests::subanim_data_length ... ok
test tests::subanim_transform_from_u8_roundtrip ... ok
test tests::super_palettes_blue_count ... ok
test tests::super_palettes_helper_selects_version ... ok
test tests::super_palettes_red_count ... ok
test tests::super_palettes_red_route_color0 ... ok
test tests::super_palettes_red_route_color3 ... ok
test tests::super_palettes_red_vs_blue_logo1_differ ... ok
test tests::super_palettes_red_vs_blue_pallet_same ... ok
test tests::super_palettes_red_vs_blue_slots2_differ ... ok
test tests::textbox_clear_all ... ok
test tests::textbox_clear_inner ... ok
test tests::textbox_draw_frame_corners ... ok
test tests::textbox_draw_frame_horizontal_edges ... ok
test tests::textbox_draw_frame_interior_is_space ... ok
test tests::textbox_draw_frame_vertical_edges ... ok
test tests::textbox_minimum_size ... ok
test tests::textbox_second_line_start ... ok
test tests::textbox_show_hide_down_arrow ... ok
test tests::textbox_small_box ... ok
test tests::textbox_standard_dialog ... ok
test tests::textbox_template_battle_menu_draw_with_text ... ok
test tests::textbox_template_buy_sell_quit ... ok
test tests::textbox_template_list_menu_box ... ok
test tests::textbox_template_message_box_coords ... ok
test tests::textbox_template_money_box ... ok
test tests::textbox_template_to_frame ... ok
test tests::textbox_text_start ... ok
test tests::textbox_too_small_noop ... ok
test tests::tile_blank ... ok
test tests::tile_decode_2bpp_all_ones ... ok
test tests::tile_decode_2bpp_all_zeros ... ok
test tests::tile_decode_2bpp_both_bits ... ok
test tests::tile_decode_2bpp_hi_bit ... ok
test tests::tile_decode_2bpp_mixed ... ok
test tests::tile_decode_alternating_pattern ... ok
test tests::tile_flip_x ... ok
test tests::tile_flip_y ... ok
test tests::tile_render_row ... ok
test tests::tilemap_fill_rect ... ok
test tests::tilemap_from_gb_tilemap ... ok
test tests::tilemap_new_all_zero ... ok
test tests::tilemap_no_wrapping ... ok
test tests::tilemap_render_solid_tile ... ok
test tests::tilemap_render_with_scroll ... ok
test tests::tilemap_set_get ... ok
test tests::tileset_blank ... ok
test tests::tileset_from_1bpp ... ok
test tests::tileset_from_2bpp ... ok
test tests::tileset_from_rgba_png_alpha_channel ... ok
test tests::tileset_from_rgba_png_basic ... ok
test tests::tileset_from_rgba_png_blank_out_of_bounds ... ok
test tests::tileset_from_rgba_png_invalid_dimensions ... ok
test tests::tileset_load_2bpp_at ... ok
test tests::tileset_out_of_bounds_returns_blank ... ok
test tests::trainer_pic_scroll_complete ... ok
test tests::trainer_pic_scroll_draw_visible ... ok
test tests::trainer_pic_scroll_extra_step_no_panic ... ok
test tests::trainer_pic_scroll_new ... ok
test tests::trainer_pic_scroll_step ... ok
test tests::two_option_menu_cursor_position ... ok
test tests::two_option_menu_custom ... ok
test tests::two_option_menu_draw ... ok
test tests::two_option_menu_save_restore_area ... ok
test tests::two_option_menu_yes_no ... ok
test tests::window_layer_disabled_by_default ... ok
test tests::window_layer_partial_coverage ... ok
test tests::window_layer_render_disabled ... ok
test tests::window_layer_render_enabled ... ok
test tests::window_layer_screen_x ... ok
test tests::write_tiles_at_basic ... ok
test tests::write_tiles_at_clips_to_screen_width ... ok
test transition_blit::tests::compact_snapshot_restores_indices_and_display_palette ... ok
test transition_blit::tests::compact_snapshot_roundtrips_every_four_pixel_combination ... ok
test gamefreak_stars::tests::all_small_star_waves_keep_upper_star_and_blink_lower_behind_bars ... ok
test embedded_font::tests::batched_opaque_original_tiles_match_per_pixel_painter ... ok
test transition_blit::tests::linear_transition_matches_the_per_pixel_blit ... ok
test gen1_battle_anim::tests::gba_shake_and_wave_scanlines_match_full_frame_snapshot ... ok

test result: ok. 397 passed; 0 failed; 0 ignored; 0 measured; 0 filtered out; finished in 20.27s

     Running unittests src/lib.rs (target/debug/deps/pokered_ui-f057c8543ab0f361)

running 12 tests
test menus::bag::tests::cancel_row_visible_when_cursor_on_it ... ok
test menus::bag::tests::long_bag_list_scrolls_and_stays_in_the_box ... ok
test menus::battle_bag::pixel_tests::long_item_quantities_are_visible_inside_the_original_tile_border ... ok
test menus::bag::tests::mixed_glyph_item_names_do_not_push_quantities_through_the_border ... ok
test menus::battle_party::tests::labels_preserve_health_and_fit_before_the_right_border ... ok
test menus::battle_main::tests::compiled_gba_layout_matches_v2_for_all_cursor_positions_and_languages ... ok
test menus::party::move_choice_tests::forget_menu_box_wide_enough_for_long_move_names ... ok
test menus::pokedex::tests::category_stays_at_asm_position_unless_too_wide ... ok
test menus::battle_safari::tests::compiled_gba_layout_matches_v2_for_all_cursor_positions_and_languages ... ok
test menus::save::tests::compiled_gba_layout_matches_v2_for_all_visible_phases_and_languages ... ok
test menus::options::tests::compiled_gba_layout_matches_v2_for_all_states_and_languages ... ok
test backends::framebuffer::performance_pixel_tests::batched_original_textbox_matches_tile_renderer_at_every_pixel ... ok

test result: ok. 12 passed; 0 failed; 0 ignored; 0 measured; 0 filtered out; finished in 1.82s
