== m01: boot to NEW GAME / Oak speech
   done (1.1s wall)
== m02: Oak speech + default names → bedroom
[m02] frame=1921 screen=overworld map=RedsHouse2F pos=(3,6) party=0 money=0 effect=None
   done (4.2s wall)
== m03: leave home → Pallet Town
[m03] frame=2249 screen=overworld map=PalletTown pos=(5,5) party=0 money=0 effect=None
   done (5.1s wall)
== m04: Oak interception → OaksLab
[m04] frame=4196 screen=overworld map=OaksLab pos=(5,3) party=0 money=0 effect=None
   done (6.3s wall)
== m05: take starter (bulbasaur)
[m05] frame=5312 screen=overworld map=OaksLab pos=(8,4) party=1 money=0 effect=None
   done (7.1s wall)
== m06: first rival battle
[m06] frame=7450 screen=overworld map=OaksLab pos=(5,6) party=1 money=0 effect=None
   done (11.9s wall)
== m07: Route 1 → Viridian Mart parcel
[m07-in-mart] frame=10947 screen=overworld map=ViridianMart pos=(3,5) party=1 money=0 effect=None
[m07-back-outside] frame=11059 screen=overworld map=ViridianCity pos=(29,19) party=1 money=0 effect=None
   done (20.1s wall)
== m08: deliver parcel → POKéDEX
[m08-southlane] frame=11304 screen=overworld map=ViridianCity pos=(20,32) party=1 money=0 effect=None
[m08-back-home] frame=13546 screen=overworld map=PalletTown pos=(12,12) party=1 money=0 effect=None
[m08-delivered] frame=16290 screen=overworld map=OaksLab pos=(5,3) party=1 money=0 effect=None
[m08] oak-after-delivery: POKeMON around the world wait for you, RED!
   done (30.1s wall)
== m09: Viridian Forest → Pewter City
   [ntoPINCH] at ViridianForest(18,16)
   [ntoPINCH] at ViridianForest(18,16)
   [ntoPINCH] at ViridianForest(18,16)
   [ntoPINCH] at ViridianForest(18,16)
   [ntoPINCH] at ViridianForest(18,16)
   [ntoPINCH] at ViridianForest(18,16)
   [ntoPINCH] at ViridianForest(18,16)
   [ntoPINCH] at ViridianForest(18,16)
[m09] frame=25253 screen=overworld map=PewterCity pos=(16,29) party=1 money=90 effect=None
   done (53.3s wall)
== m10: train + Boulder Badge (Brock)
[m10-arrived] frame=25254 screen=overworld map=PewterCity pos=(16,29) party=1 money=90 effect=None
   [ntoPINCH] at ViridianForest(1,9)
   [ntoPINCH] at ViridianForest(1,9)
   [ntoPINCH] at ViridianForest(1,9)
   [ntoPINCH] at ViridianForest(1,9)
   [ntoPINCH] at ViridianForest(1,9)
   [ntoPINCH] at ViridianForest(1,9)
   [ntoPINCH] at ViridianForest(1,9)
   [ntoPINCH] at ViridianForest(1,9)
   [ntoPINCH] at ViridianForest(1,9)
   [ntoPINCH] at ViridianForest(1,9)
   [ntoPINCH] at ViridianForest(1,9)
   [ntoPINCH] at ViridianForest(1,9)
   [ntoPINCH] at ViridianForest(1,9)
   [ntoPINCH] at ViridianForest(1,9)
   [ntoPINCH] at ViridianForest(1,9)
   [ntoPINCH] at ViridianForest(1,9)
   [ntoPINCH] at ViridianForest(1,19)
   [ntoPINCH] at ViridianForest(1,19)
   [ntoPINCH] at ViridianForest(1,19)
   [ntoPINCH] at ViridianForest(1,19)
   [ntoPINCH] at ViridianForest(1,19)
   [ntoPINCH] at ViridianForest(1,19)
   [ntoPINCH] at ViridianForest(1,19)
   [ntoPINCH] at ViridianForest(1,19)
   [ntoPINCH] at ViridianForest(1,19)
   [ntoPINCH] at ViridianForest(1,19)
   [ntoPINCH] at ViridianForest(1,19)
   [ntoPINCH] at ViridianForest(1,19)
   [ntoPINCH] at ViridianForest(1,19)
   [ntoPINCH] at ViridianForest(1,19)
   [ntoPINCH] at ViridianForest(1,19)
   [ntoPINCH] at ViridianForest(1,19)
   [ntoPINCH] at ViridianForest(6,8)
   [ntoPINCH] at ViridianForest(6,8)
   [ntoPINCH] at ViridianForest(6,8)
   [ntoPINCH] at ViridianForest(6,8)
   [ntoPINCH] at ViridianForest(6,8)
   [ntoPINCH] at ViridianForest(6,8)
   [ntoPINCH] at ViridianForest(6,8)
   [ntoPINCH] at ViridianForest(6,8)
   [ntoPINCH] at ViridianForest(6,8)
   [ntoPINCH] at ViridianForest(6,8)
   [ntoPINCH] at ViridianForest(6,8)
   [ntoPINCH] at ViridianForest(6,8)
   [ntoPINCH] at ViridianForest(6,8)
   [ntoPINCH] at ViridianForest(6,8)
   [ntoPINCH] at ViridianForest(13,8)
   [ntoPINCH] at ViridianForest(13,9)
   [ntoPINCH] at ViridianForest(11,19)
   [ntoPINCH] at ViridianForest(11,19)
   [ntoPINCH] at ViridianForest(11,19)
   [ntoPINCH] at ViridianForest(15,16)
   [ntoPINCH] at ViridianForest(15,16)
   [ntoPINCH] at ViridianForest(15,16)
   [ntoPINCH] at ViridianForest(15,16)
   [ntoPINCH] at ViridianForest(15,16)
   [ntoPINCH] at ViridianForest(15,16)
   [ntoPINCH] at ViridianForest(15,16)
   [ntoPINCH] at ViridianForest(15,16)
   [ntoPINCH] at ViridianForest(15,16)
   [ntoPINCH] at ViridianForest(15,16)
   [ntoPINCH] at ViridianForest(15,16)
   [ntoPINCH] at ViridianForest(26,10)
[train] grass spot Route1 (12,7), target L13
[train] cyc=0 battles=0 L6 hp=22/22 (0s)
[train] hp 9/24 -> heal
   [ntoPINCH] at Route1(14,6)
[train] hp 12/26 -> heal
[train] cyc=25 battles=9 L9 hp=17/28 (38s)
[train] hp 15/28 -> heal
   [ntoPINCH] at Route1(12,7)
   [ntoPINCH] at Route1(12,7)
   [ntoPINCH] at Route1(12,7)
   [ntoPINCH] at Route1(12,7)
   [ntoPINCH] at Route1(12,7)
[train] hp 16/28 -> heal
   [ntoPINCH] at Route1(12,7)
   [ntoPINCH] at Route1(12,7)
   [ntoPINCH] at Route1(12,7)
   [ntoPINCH] at Route1(12,7)
   [ntoPINCH] at Route1(12,7)
[train] cyc=50 battles=14 L9 hp=28/28 (63s)
[train] hp 16/30 -> heal
[train] cyc=75 battles=22 L11 hp=21/32 (92s)
[train] hp 18/32 -> heal
   [ntoPINCH] at Route1(12,8)
   [ntoPINCH] at Route1(12,8)
   [ntoPINCH] at Route1(12,8)
   [ntoPINCH] at Route1(12,8)
   [ntoPINCH] at Route1(12,8)
[train] cyc=100 battles=30 L11 hp=20/32 (119s)
[train] hp 18/32 -> heal
   [ntoPINCH] at Route1(13,6)
   [ntoPINCH] at Route1(13,6)
   [ntoPINCH] at Route1(13,6)
   [ntoPINCH] at Route1(13,6)
   [ntoPINCH] at Route1(12,2)
[train] cyc=125 battles=38 L12 hp=28/35 (146s)
[train] hp 20/35 -> heal
[train] level 13 reached (171s, 45 battles)
[m10-trained] frame=90918 screen=overworld map=Route1 pos=(12,8) party=1 money=90 effect=None
   [ntoPINCH] at ViridianForest(5,22)
   [ntoPINCH] at ViridianForest(5,22)
   [ntoPINCH] at ViridianForest(5,22)
   [ntoPINCH] at ViridianForest(1,19)
[m10] frame=100776 screen=overworld map=PewterGym pos=(4,2) party=1 money=1696 effect=None
   done (262.3s wall)
PLAYTHROUGH REACHED REQUESTED MILESTONE
