== m01: boot to NEW GAME / Oak speech
   done (1.1s wall)
== m02: Oak speech + default names → bedroom
[m02] frame=1921 screen=overworld map=RedsHouse2F pos=(3,6) party=0 money=0 effect=None
   done (4.3s wall)
== m03: leave home → Pallet Town
[m03] frame=2249 screen=overworld map=PalletTown pos=(5,5) party=0 money=0 effect=None
   done (5.2s wall)
== m04: Oak interception → OaksLab
[m04] frame=4196 screen=overworld map=OaksLab pos=(5,3) party=0 money=0 effect=None
   done (6.4s wall)
== m05: take starter (bulbasaur)
[m05] frame=5312 screen=overworld map=OaksLab pos=(8,4) party=1 money=0 effect=None
   done (7.2s wall)
== m06: first rival battle
[m06] frame=7576 screen=overworld map=OaksLab pos=(5,6) party=1 money=175 effect=None
   done (12.5s wall)
== m07: Route 1 → Viridian Mart parcel
[m07-in-mart] frame=10737 screen=overworld map=ViridianMart pos=(3,5) party=1 money=175 effect=None
[m07-back-outside] frame=10849 screen=overworld map=ViridianCity pos=(29,19) party=1 money=175 effect=None
   done (20.2s wall)
== m08: deliver parcel → POKéDEX
   [ntoPINCH] at ViridianCity(25,30)
[m08-southlane] frame=11262 screen=overworld map=ViridianCity pos=(20,32) party=1 money=175 effect=None
[m08-back-home] frame=12855 screen=overworld map=PalletTown pos=(12,12) party=1 money=175 effect=None
[m08-delivered] frame=15599 screen=overworld map=OaksLab pos=(5,3) party=1 money=175 effect=None
[m08] oak-after-delivery: POKeMON around the world wait for you, RED!
   done (27.6s wall)
== m09: Viridian Forest → Pewter City
   [ntoPINCH] at ViridianForest(25,41)
   [ntoPINCH] at ViridianForest(25,41)
   [ntoPINCH] at ViridianForest(25,41)
   [ntoPINCH] at ViridianForest(25,41)
   [ntoPINCH] at ViridianForest(25,41)
   [ntoPINCH] at ViridianForest(25,41)
   [ntoPINCH] at ViridianForest(25,41)
   [ntoPINCH] at ViridianForest(25,41)
   [ntoPINCH] at ViridianForest(25,41)
   [ntoPINCH] at ViridianForest(25,41)
   [ntoPINCH] at ViridianForest(25,41)
   [ntoPINCH] at ViridianForest(25,41)
   [ntoPINCH] at ViridianForest(25,41)
   [ntoPINCH] at ViridianForest(17,16)
   [ntoPINCH] at ViridianForest(17,16)
   [ntoPINCH] at ViridianForest(17,16)
   [ntoPINCH] at ViridianForest(17,16)
   [ntoPINCH] at ViridianForest(17,16)
   [ntoPINCH] at ViridianForest(17,16)
   [ntoPINCH] at ViridianForest(17,16)
   [ntoPINCH] at ViridianForest(7,19)
   [ntoPINCH] at ViridianForest(7,19)
   [ntoPINCH] at ViridianForest(7,19)
   [ntoPINCH] at ViridianForest(7,19)
[m09] frame=26922 screen=overworld map=PewterCity pos=(16,29) party=1 money=265 effect=None
   done (50.8s wall)
== m10: train + Boulder Badge (Brock)
[m10-arrived] frame=26923 screen=overworld map=PewterCity pos=(16,29) party=1 money=265 effect=None
   [ntoPINCH] at ViridianForest(5,22)
   [ntoPINCH] at ViridianForest(5,22)
   [ntoPINCH] at ViridianForest(5,22)
   [ntoPINCH] at ViridianForest(5,22)
   [ntoPINCH] at ViridianForest(5,22)
   [ntoPINCH] at ViridianForest(5,22)
   [ntoPINCH] at ViridianForest(5,22)
   [ntoPINCH] at ViridianForest(5,22)
   [ntoPINCH] at ViridianForest(5,22)
   [ntoPINCH] at ViridianForest(5,22)
   [ntoPINCH] at ViridianForest(5,22)
   [ntoPINCH] at ViridianForest(5,22)
   [ntoPINCH] at ViridianForest(5,22)
   [ntoPINCH] at ViridianForest(5,22)
   [ntoPINCH] at ViridianForest(5,22)
   [ntoPINCH] at ViridianForest(7,14)
   [ntoPINCH] at ViridianForest(7,14)
   [ntoPINCH] at ViridianForest(7,14)
   [ntoPINCH] at ViridianForest(7,14)
   [ntoPINCH] at ViridianForest(7,14)
   [ntoPINCH] at ViridianForest(7,14)
   [ntoPINCH] at ViridianForest(7,14)
   [ntoPINCH] at ViridianForest(7,14)
   [ntoPINCH] at ViridianForest(7,14)
   [ntoPINCH] at ViridianForest(7,14)
   [ntoPINCH] at ViridianForest(7,14)
   [ntoPINCH] at ViridianForest(7,14)
   [ntoPINCH] at ViridianForest(7,14)
   [ntoPINCH] at ViridianForest(7,14)
   [ntoPINCH] at ViridianForest(13,8)
   [ntoPINCH] at ViridianForest(13,9)
   [ntoPINCH] at ViridianForest(11,19)
   [ntoPINCH] at ViridianForest(11,19)
   [ntoPINCH] at ViridianForest(11,19)
   [ntoPINCH] at Route2(5,48)
   [ntoPINCH] at Route2(5,48)
   [ntoPINCH] at Route2(5,48)
   [ntoPINCH] at Route2(5,48)
   [ntoPINCH] at Route2(5,48)
   [ntoPINCH] at Route2(5,48)
   [ntoPINCH] at Route2(5,48)
   [ntoPINCH] at Route2(5,48)
   [ntoPINCH] at Route2(5,53)
   [ntoPINCH] at Route2(5,53)
   [ntoPINCH] at Route2(5,53)
   [ntoPINCH] at Route1(14,6)
[train] grass spot Route1 (12,7), target L13
[train] cyc=0 battles=0 L7 hp=25/25 (0s)
[train] hp 15/27 -> heal
   [ntoPINCH] at Route1(13,6)
   [ntoPINCH] at Route1(13,6)
   [ntoPINCH] at Route1(13,6)
   [ntoPINCH] at Route1(13,6)
   [ntoPINCH] at Route1(12,2)
[train] hp 15/29 -> heal
   [ntoPINCH] at Route1(12,8)
   [ntoPINCH] at Route1(12,8)
   [ntoPINCH] at Route1(12,8)
   [ntoPINCH] at Route1(12,8)
   [ntoPINCH] at Route1(12,8)
[train] hp 18/32 -> heal
[train] cyc=50 battles=17 L10 hp=23/32 (65s)
[train] hp 17/32 -> heal
   [ntoPINCH] at Route1(12,8)
   [ntoPINCH] at Route1(12,8)
   [ntoPINCH] at Route1(12,8)
   [ntoPINCH] at Route1(12,8)
   [ntoPINCH] at Route1(12,8)
[train] hp 20/34 -> heal
[train] cyc=100 battles=30 L12 hp=29/36 (112s)
[train] hp 20/36 -> heal
   [ntoPINCH] at Route1(13,6)
   [ntoPINCH] at Route1(13,6)
   [ntoPINCH] at Route1(13,6)
   [ntoPINCH] at Route1(13,6)
   [ntoPINCH] at Route1(12,2)
[train] cyc=125 battles=37 L12 hp=27/36 (137s)
[train] hp 19/36 -> heal
   [ntoPINCH] at Route1(14,7)
[train] level 13 reached (160s, 43 battles)
[m10-trained] frame=86874 screen=overworld map=Route1 pos=(12,7) party=1 money=265 effect=None
[m10] frame=96617 screen=overworld map=PewterGym pos=(4,2) party=1 money=1871 effect=None
   done (248.7s wall)
PLAYTHROUGH REACHED REQUESTED MILESTONE
