== m01: boot to NEW GAME / Oak speech
   done (1.1s wall)
== m02: Oak speech + default names → bedroom
[m02] frame=1921 screen=overworld map=RedsHouse2F pos=(3,6) party=0 money=0 effect=None
   done (4.2s wall)
== m03: leave home → Pallet Town
[m03] frame=2249 screen=overworld map=PalletTown pos=(5,5) party=0 money=0 effect=None
   done (5.0s wall)
== m04: Oak interception → OaksLab
[m04] frame=4196 screen=overworld map=OaksLab pos=(5,3) party=0 money=0 effect=None
   done (6.2s wall)
== m05: take starter (bulbasaur)
[m05] frame=5312 screen=overworld map=OaksLab pos=(8,4) party=1 money=0 effect=None
   done (7.0s wall)
== m06: first rival battle
[m06] frame=8018 screen=overworld map=OaksLab pos=(5,6) party=1 money=175 effect=None
   done (14.1s wall)
== m07: Route 1 → Viridian Mart parcel
[m07-in-mart] frame=11514 screen=overworld map=ViridianMart pos=(3,5) party=1 money=175 effect=None
[m07-back-outside] frame=11626 screen=overworld map=ViridianCity pos=(29,19) party=1 money=175 effect=None
   done (22.3s wall)
== m08: deliver parcel → POKéDEX
[m08-southlane] frame=11887 screen=overworld map=ViridianCity pos=(20,32) party=1 money=175 effect=None
[m08-back-home] frame=13481 screen=overworld map=PalletTown pos=(12,12) party=1 money=175 effect=None
[m08-delivered] frame=16225 screen=overworld map=OaksLab pos=(5,3) party=1 money=175 effect=None
[m08] oak-after-delivery: POKeMON around the world wait for you, RED!
   done (29.2s wall)
== m09: Viridian Forest → Pewter City
   [ntoPINCH] at ViridianForest(16,16)
   [ntoPINCH] at ViridianForest(16,16)
   [ntoPINCH] at ViridianForest(16,16)
   [ntoPINCH] at ViridianForest(16,16)
   [ntoPINCH] at ViridianForest(16,16)
   [ntoPINCH] at ViridianForest(16,16)
   [ntoPINCH] at ViridianForest(16,16)
   [ntoPINCH] at ViridianForest(12,8)
   [ntoPINCH] at ViridianForest(12,8)
   [ntoPINCH] at ViridianForest(12,8)
   [ntoPINCH] at ViridianForest(12,8)
   [ntoPINCH] at ViridianForest(12,8)
   [ntoPINCH] at ViridianForest(12,8)
   [ntoPINCH] at ViridianForest(6,18)
[m09] frame=27067 screen=overworld map=PewterCity pos=(16,29) party=1 money=265 effect=None
   done (53.9s wall)
== m10: train + Boulder Badge (Brock)
[m10-arrived] frame=27068 screen=overworld map=PewterCity pos=(16,29) party=1 money=265 effect=None
   [ntoPINCH] at ViridianForest(6,16)
   [ntoPINCH] at ViridianForest(6,16)
   [ntoPINCH] at ViridianForest(6,16)
   [ntoPINCH] at ViridianForest(6,16)
   [ntoPINCH] at ViridianForest(6,16)
   [ntoPINCH] at ViridianForest(6,16)
   [ntoPINCH] at ViridianForest(6,16)
   [ntoPINCH] at ViridianForest(6,16)
   [ntoPINCH] at ViridianForest(6,16)
   [ntoPINCH] at ViridianForest(6,16)
   [ntoPINCH] at ViridianForest(6,16)
   [ntoPINCH] at ViridianForest(6,16)
   [ntoPINCH] at ViridianForest(6,16)
   [ntoPINCH] at ViridianForest(6,16)
   [ntoPINCH] at ViridianForest(6,12)
   [ntoPINCH] at ViridianForest(6,12)
   [ntoPINCH] at ViridianForest(6,12)
   [ntoPINCH] at ViridianForest(6,12)
   [ntoPINCH] at ViridianForest(6,12)
   [ntoPINCH] at ViridianForest(6,12)
   [ntoPINCH] at ViridianForest(6,12)
   [ntoPINCH] at ViridianForest(6,12)
   [ntoPINCH] at ViridianForest(6,12)
   [ntoPINCH] at ViridianForest(6,12)
   [ntoPINCH] at ViridianForest(6,12)
   [ntoPINCH] at ViridianForest(6,12)
   [ntoPINCH] at ViridianForest(6,12)
   [ntoPINCH] at ViridianForest(6,12)
   [ntoPINCH] at ViridianForest(13,8)
   [ntoPINCH] at ViridianForest(13,9)
   [ntoPINCH] at ViridianForest(11,19)
   [ntoPINCH] at ViridianForest(11,19)
   [ntoPINCH] at ViridianForest(11,19)
[train] grass spot Route1 (12,7), target L13
[train] cyc=0 battles=0 L7 hp=25/25 (0s)
[train] hp 15/27 -> heal
   [ntoPINCH] at Route1(12,7)
   [ntoPINCH] at Route1(12,7)
   [ntoPINCH] at Route1(12,7)
   [ntoPINCH] at Route1(12,7)
   [ntoPINCH] at Route1(12,7)
   [ntoPINCH] at Route1(14,6)
   [ntoPINCH] at Route1(14,6)
   [ntoPINCH] at Route1(14,6)
   [ntoPINCH] at Route1(14,6)
[train] hp 12/29 -> heal
   [ntoPINCH] at Route1(12,6)
   [ntoPINCH] at Route1(12,6)
   [ntoPINCH] at Route1(12,6)
   [ntoPINCH] at Route1(12,6)
   [ntoPINCH] at Route1(12,6)
[train] cyc=25 battles=8 L9 hp=29/29 (34s)
[train] hp 16/31 -> heal
[train] cyc=75 battles=20 L11 hp=30/34 (72s)
[train] hp 20/34 -> heal
   [ntoPINCH] at Route1(12,9)
   [ntoPINCH] at Route1(12,9)
   [ntoPINCH] at Route1(12,9)
   [ntoPINCH] at Route1(12,9)
   [ntoPINCH] at Route1(12,9)
[train] hp 20/36 -> heal
   [ntoPINCH] at Route1(12,9)
   [ntoPINCH] at Route1(12,9)
   [ntoPINCH] at Route1(12,9)
   [ntoPINCH] at Route1(12,9)
   [ntoPINCH] at Route1(12,9)
[train] cyc=125 battles=39 L12 hp=30/36 (133s)
[train] level 13 reached (139s, 41 battles)
[m10-trained] frame=78515 screen=overworld map=Route1 pos=(12,8) party=1 money=265 effect=None
[m10] frame=88161 screen=overworld map=PewterGym pos=(4,2) party=1 money=1871 effect=None
   done (229.0s wall)
PLAYTHROUGH REACHED REQUESTED MILESTONE
