== m01: boot to NEW GAME / Oak speech
   done (1.1s wall)
== m02: Oak speech + default names → bedroom
[m02] frame=1921 screen=overworld map=RedsHouse2F pos=(3,6) party=0 money=0 effect=None
   done (4.3s wall)
== m03: leave home → Pallet Town
[m03] frame=2249 screen=overworld map=PalletTown pos=(5,5) party=0 money=0 effect=None
   done (5.1s wall)
== m04: Oak interception → OaksLab
[m04] frame=4196 screen=overworld map=OaksLab pos=(5,3) party=0 money=0 effect=None
   done (6.3s wall)
== m05: take starter (bulbasaur)
[m05] frame=5312 screen=overworld map=OaksLab pos=(8,4) party=1 money=0 effect=None
   done (7.1s wall)
== m06: first rival battle
[m06] frame=7236 screen=overworld map=OaksLab pos=(5,6) party=1 money=0 effect=None
   done (11.0s wall)
== m07: Route 1 → Viridian Mart parcel
[m07-in-mart] frame=10688 screen=overworld map=ViridianMart pos=(3,5) party=1 money=0 effect=None
[m07-back-outside] frame=10800 screen=overworld map=ViridianCity pos=(29,19) party=1 money=0 effect=None
   done (18.9s wall)
== m08: deliver parcel → POKéDEX
[m08-southlane] frame=11152 screen=overworld map=ViridianCity pos=(20,32) party=1 money=0 effect=None
[m08-back-home] frame=12757 screen=overworld map=PalletTown pos=(12,12) party=1 money=0 effect=None
[m08-delivered] frame=15501 screen=overworld map=OaksLab pos=(5,3) party=1 money=0 effect=None
[m08] oak-after-delivery: POKeMON around the world wait for you, RED!
   done (25.9s wall)
== m09: Viridian Forest → Pewter City
[m09] frame=23363 screen=overworld map=PewterCity pos=(16,29) party=1 money=90 effect=None
   done (46.4s wall)
== m10: train + Boulder Badge (Brock)
[m10-arrived] frame=23364 screen=overworld map=PewterCity pos=(16,29) party=1 money=90 effect=None
   [ntoPINCH] at ViridianForest(1,13)
   [ntoPINCH] at ViridianForest(1,13)
   [ntoPINCH] at ViridianForest(1,13)
   [ntoPINCH] at ViridianForest(1,13)
   [ntoPINCH] at ViridianForest(1,13)
   [ntoPINCH] at ViridianForest(1,13)
   [ntoPINCH] at ViridianForest(1,13)
   [ntoPINCH] at ViridianForest(1,13)
   [ntoPINCH] at ViridianForest(1,13)
   [ntoPINCH] at ViridianForest(1,13)
   [ntoPINCH] at ViridianForest(1,13)
   [ntoPINCH] at ViridianForest(1,13)
   [ntoPINCH] at ViridianForest(1,13)
   [ntoPINCH] at ViridianForest(1,13)
   [ntoPINCH] at ViridianForest(1,13)
   [ntoPINCH] at ViridianForest(1,13)
   [ntoPINCH] at ViridianForest(8,17)
   [ntoPINCH] at ViridianForest(8,10)
   [ntoPINCH] at ViridianForest(8,11)
   [ntoPINCH] at ViridianForest(1,25)
   [ntoPINCH] at ViridianForest(1,25)
   [ntoPINCH] at ViridianForest(1,25)
   [ntoPINCH] at ViridianForest(11,8)
   [ntoPINCH] at ViridianForest(11,8)
   [ntoPINCH] at ViridianForest(11,8)
   [ntoPINCH] at ViridianForest(11,8)
   [ntoPINCH] at ViridianForest(11,8)
   [ntoPINCH] at ViridianForest(11,8)
   [ntoPINCH] at ViridianForest(11,8)
   [ntoPINCH] at ViridianForest(11,8)
   [ntoPINCH] at ViridianForest(11,8)
   [ntoPINCH] at ViridianForest(11,8)
   [ntoPINCH] at ViridianForest(11,8)
   [ntoPINCH] at ViridianForest(11,8)
   [ntoPINCH] at ViridianForest(16,14)
   [ntoPINCH] at ViridianForest(16,14)
   [ntoPINCH] at ViridianForest(16,14)
   [ntoPINCH] at ViridianForest(16,14)
   [ntoPINCH] at ViridianForest(16,14)
   [ntoPINCH] at ViridianForest(16,14)
   [ntoPINCH] at ViridianForest(16,14)
   [ntoPINCH] at ViridianForest(16,14)
   [ntoPINCH] at ViridianForest(16,14)
   [ntoPINCH] at ViridianForest(16,14)
   [ntoPINCH] at ViridianForest(25,33)
   [ntoPINCH] at ViridianForest(25,33)
   [ntoPINCH] at ViridianForest(25,33)
   [ntoPINCH] at ViridianForest(25,33)
   [ntoPINCH] at Route2(7,48)
   [ntoPINCH] at Route2(7,48)
   [ntoPINCH] at Route2(7,48)
   [ntoPINCH] at Route2(7,48)
   [ntoPINCH] at Route2(7,48)
   [ntoPINCH] at Route2(7,48)
   [ntoPINCH] at Route2(7,48)
   [ntoPINCH] at Route2(7,48)
   [ntoPINCH] at Route2(6,52)
   [ntoPINCH] at Route2(5,53)
   [ntoPINCH] at Route2(5,53)
   [ntoPINCH] at Route2(5,53)
[train] grass spot Route1 (12,7), target L13
[train] cyc=0 battles=0 L6 hp=21/21 (0s)
[train] hp 10/23 -> heal
[train] hp 14/25 -> heal
[train] cyc=25 battles=7 L8 hp=25/25 (32s)
[train] hp 15/27 -> heal
[train] cyc=50 battles=15 L9 hp=22/27 (57s)
[train] hp 14/30 -> heal
[train] hp 18/32 -> heal
[train] hp 18/34 -> heal
   [ntoPINCH] at Route1(14,6)
   [ntoPINCH] at Route1(14,6)
   [ntoPINCH] at Route1(14,6)
   [ntoPINCH] at Route1(14,6)
[train] cyc=125 battles=39 L12 hp=32/34 (137s)
[train] level 13 reached (155s, 46 battles)
[m10-trained] frame=81696 screen=overworld map=Route1 pos=(12,8) party=1 money=90 effect=None
   [ntoPINCH] at ViridianCity(18,6)
[m10] frame=91268 screen=overworld map=PewterGym pos=(4,2) party=1 money=1696 effect=None
   done (240.6s wall)
PLAYTHROUGH REACHED REQUESTED MILESTONE
