[resume-reentry] frame=637 screen=overworld map=IndigoPlateau pos=(9,6) party=5 money=11911 effect=None
CHECKPOINT league-resumed IndigoPlateau 9 6 [{'hp': 177, 'level': 56, 'max_hp': 177, 'moves': ['Thunderbolt', 'DrillPeck', 'Thunder', 'Agility'], 'pp': [15, 20, 10, 30], 'species': 'Zapdos', 'status': 'None'}, {'hp': 137, 'level': 30, 'max_hp': 137, 'moves': ['IceBeam', 'Surf', 'Rest', 'Strength'], 'pp': [10, 15, 10, 15], 'species': 'Snorlax', 'status': 'None'}, {'hp': 52, 'level': 24, 'max_hp': 52, 'moves': ['Peck', 'Growl', 'FuryAttack', 'Fly'], 'pp': [35, 40, 20, 15], 'species': 'Doduo', 'status': 'None'}, {'hp': 64, 'level': 15, 'max_hp': 64, 'moves': ['WaterGun', 'Growl', 'None', 'None'], 'pp': [25, 40, 0, 0], 'species': 'Lapras', 'status': 'None'}, {'hp': 164, 'level': 52, 'max_hp': 164, 'moves': ['MegaDrain', 'Cut', 'LeechSeed', 'Growth'], 'pp': [10, 30, 10, 40], 'species': 'Venusaur', 'status': 'None'}]
GAME_LOG /var/folders/d2/2fv86m890m34_13rn_t3d79w0000gn/T/pokered-run-ybfrl4x3/game.log
READY
RUN 001_helpers.py
DONE 001_helpers.py
RUN 002_battle.py
DONE 002_battle.py
RUN 003_fly.py
CHECKPOINT m141-retry-saffron SaffronCity 9 30 [{'hp': 177, 'level': 56, 'max_hp': 177, 'moves': ['Thunderbolt', 'DrillPeck', 'Thunder', 'Agility'], 'pp': [15, 20, 10, 30], 'species': 'Zapdos', 'status': 'None'}, {'hp': 137, 'level': 30, 'max_hp': 137, 'moves': ['IceBeam', 'Surf', 'Rest', 'Strength'], 'pp': [10, 15, 10, 15], 'species': 'Snorlax', 'status': 'None'}, {'hp': 52, 'level': 24, 'max_hp': 52, 'moves': ['Peck', 'Growl', 'FuryAttack', 'Fly'], 'pp': [35, 40, 20, 15], 'species': 'Doduo', 'status': 'None'}, {'hp': 64, 'level': 15, 'max_hp': 64, 'moves': ['WaterGun', 'Growl', 'None', 'None'], 'pp': [25, 40, 0, 0], 'species': 'Lapras', 'status': 'None'}, {'hp': 164, 'level': 52, 'max_hp': 164, 'moves': ['MegaDrain', 'Cut', 'LeechSeed', 'Growth'], 'pp': [10, 30, 10, 40], 'species': 'Venusaur', 'status': 'None'}]
DONE 003_fly.py
RUN 004_shop.py
CHECKPOINT m142-retry-hyper-potions SaffronCity 25 11 [{'hp': 177, 'level': 56, 'max_hp': 177, 'moves': ['Thunderbolt', 'DrillPeck', 'Thunder', 'Agility'], 'pp': [15, 20, 10, 30], 'species': 'Zapdos', 'status': 'None'}, {'hp': 137, 'level': 30, 'max_hp': 137, 'moves': ['IceBeam', 'Surf', 'Rest', 'Strength'], 'pp': [10, 15, 10, 15], 'species': 'Snorlax', 'status': 'None'}, {'hp': 52, 'level': 24, 'max_hp': 52, 'moves': ['Peck', 'Growl', 'FuryAttack', 'Fly'], 'pp': [35, 40, 20, 15], 'species': 'Doduo', 'status': 'None'}, {'hp': 64, 'level': 15, 'max_hp': 64, 'moves': ['WaterGun', 'Growl', 'None', 'None'], 'pp': [25, 40, 0, 0], 'species': 'Lapras', 'status': 'None'}, {'hp': 164, 'level': 52, 'max_hp': 164, 'moves': ['MegaDrain', 'Cut', 'LeechSeed', 'Growth'], 'pp': [10, 30, 10, 40], 'species': 'Venusaur', 'status': 'None'}]
DONE 004_shop.py
RUN 005_silph.py
CHECKPOINT m143-retry-elixer SilphCo5F 12 4 [{'hp': 177, 'level': 56, 'max_hp': 177, 'moves': ['Thunderbolt', 'DrillPeck', 'Thunder', 'Agility'], 'pp': [15, 20, 10, 30], 'species': 'Zapdos', 'status': 'None'}, {'hp': 137, 'level': 30, 'max_hp': 137, 'moves': ['IceBeam', 'Surf', 'Rest', 'Strength'], 'pp': [10, 15, 10, 15], 'species': 'Snorlax', 'status': 'None'}, {'hp': 52, 'level': 24, 'max_hp': 52, 'moves': ['Peck', 'Growl', 'FuryAttack', 'Fly'], 'pp': [35, 40, 20, 15], 'species': 'Doduo', 'status': 'None'}, {'hp': 64, 'level': 15, 'max_hp': 64, 'moves': ['WaterGun', 'Growl', 'None', 'None'], 'pp': [25, 40, 0, 0], 'species': 'Lapras', 'status': 'None'}, {'hp': 164, 'level': 52, 'max_hp': 164, 'moves': ['MegaDrain', 'Cut', 'LeechSeed', 'Growth'], 'pp': [10, 30, 10, 40], 'species': 'Venusaur', 'status': 'None'}]
DONE 005_silph.py
RUN 006_return.py
CHECKPOINT m144-retry-league IndigoPlateauLobby 7 11 [{'hp': 177, 'level': 56, 'max_hp': 177, 'moves': ['Thunderbolt', 'DrillPeck', 'Thunder', 'Agility'], 'pp': [15, 20, 10, 30], 'species': 'Zapdos', 'status': 'None'}, {'hp': 137, 'level': 30, 'max_hp': 137, 'moves': ['IceBeam', 'Surf', 'Rest', 'Strength'], 'pp': [10, 15, 10, 15], 'species': 'Snorlax', 'status': 'None'}, {'hp': 52, 'level': 24, 'max_hp': 52, 'moves': ['Peck', 'Growl', 'FuryAttack', 'Fly'], 'pp': [35, 40, 20, 15], 'species': 'Doduo', 'status': 'None'}, {'hp': 64, 'level': 15, 'max_hp': 64, 'moves': ['WaterGun', 'Growl', 'None', 'None'], 'pp': [25, 40, 0, 0], 'species': 'Lapras', 'status': 'None'}, {'hp': 164, 'level': 52, 'max_hp': 164, 'moves': ['MegaDrain', 'Cut', 'LeechSeed', 'Growth'], 'pp': [10, 30, 10, 40], 'species': 'Venusaur', 'status': 'None'}]
DONE 006_return.py
RUN 007_elite_rematch.py
HyperPotion 6 / 181 remaining before 7
CHECKPOINT m145-retry-LoreleisRoom-won LoreleisRoom 5 3 [{'hp': 181, 'level': 57, 'max_hp': 181, 'moves': ['Thunderbolt', 'DrillPeck', 'Thunder', 'Agility'], 'pp': [10, 18, 10, 30], 'species': 'Zapdos', 'status': 'None'}, {'hp': 137, 'level': 30, 'max_hp': 137, 'moves': ['IceBeam', 'Surf', 'Rest', 'Strength'], 'pp': [10, 15, 10, 15], 'species': 'Snorlax', 'status': 'None'}, {'hp': 52, 'level': 24, 'max_hp': 52, 'moves': ['Peck', 'Growl', 'FuryAttack', 'Fly'], 'pp': [35, 40, 20, 15], 'species': 'Doduo', 'status': 'None'}, {'hp': 64, 'level': 15, 'max_hp': 64, 'moves': ['WaterGun', 'Growl', 'None', 'None'], 'pp': [25, 40, 0, 0], 'species': 'Lapras', 'status': 'None'}, {'hp': 164, 'level': 52, 'max_hp': 164, 'moves': ['MegaDrain', 'Cut', 'LeechSeed', 'Growth'], 'pp': [10, 30, 10, 40], 'species': 'Venusaur', 'status': 'None'}]
CHECKPOINT m146-retry-BrunosRoom-won BrunosRoom 5 3 [{'hp': 161, 'level': 57, 'max_hp': 181, 'moves': ['Thunderbolt', 'DrillPeck', 'Thunder', 'Agility'], 'pp': [8, 17, 10, 30], 'species': 'Zapdos', 'status': 'None'}, {'hp': 137, 'level': 30, 'max_hp': 137, 'moves': ['IceBeam', 'Surf', 'Rest', 'Strength'], 'pp': [10, 15, 10, 15], 'species': 'Snorlax', 'status': 'None'}, {'hp': 52, 'level': 24, 'max_hp': 52, 'moves': ['Peck', 'Growl', 'FuryAttack', 'Fly'], 'pp': [35, 40, 20, 15], 'species': 'Doduo', 'status': 'None'}, {'hp': 64, 'level': 15, 'max_hp': 64, 'moves': ['WaterGun', 'Growl', 'None', 'None'], 'pp': [25, 40, 0, 0], 'species': 'Lapras', 'status': 'None'}, {'hp': 168, 'level': 53, 'max_hp': 168, 'moves': ['MegaDrain', 'Cut', 'LeechSeed', 'Growth'], 'pp': [9, 29, 8, 40], 'species': 'Venusaur', 'status': 'None'}]
CHECKPOINT m147-retry-AgathasRoom-won AgathasRoom 5 3 [{'hp': 164, 'level': 58, 'max_hp': 184, 'moves': ['Thunderbolt', 'DrillPeck', 'Thunder', 'Agility'], 'pp': [6, 12, 10, 30], 'species': 'Zapdos', 'status': 'None'}, {'hp': 137, 'level': 30, 'max_hp': 137, 'moves': ['IceBeam', 'Surf', 'Rest', 'Strength'], 'pp': [10, 15, 10, 15], 'species': 'Snorlax', 'status': 'None'}, {'hp': 52, 'level': 24, 'max_hp': 52, 'moves': ['Peck', 'Growl', 'FuryAttack', 'Fly'], 'pp': [35, 40, 20, 15], 'species': 'Doduo', 'status': 'None'}, {'hp': 64, 'level': 15, 'max_hp': 64, 'moves': ['WaterGun', 'Growl', 'None', 'None'], 'pp': [25, 40, 0, 0], 'species': 'Lapras', 'status': 'None'}, {'hp': 168, 'level': 53, 'max_hp': 168, 'moves': ['MegaDrain', 'Cut', 'LeechSeed', 'Growth'], 'pp': [9, 29, 8, 40], 'species': 'Venusaur', 'status': 'None'}]
DONE 007_elite_rematch.py
RUN 008_lance.py
CHECKPOINT m148-retry-lance-ready LancesRoom 6 3 [{'hp': 164, 'level': 58, 'max_hp': 184, 'moves': ['Thunderbolt', 'DrillPeck', 'Thunder', 'Agility'], 'pp': [6, 12, 10, 30], 'species': 'Zapdos', 'status': 'None'}, {'hp': 137, 'level': 30, 'max_hp': 137, 'moves': ['IceBeam', 'Surf', 'Rest', 'Strength'], 'pp': [10, 15, 10, 15], 'species': 'Snorlax', 'status': 'None'}, {'hp': 52, 'level': 24, 'max_hp': 52, 'moves': ['Peck', 'Growl', 'FuryAttack', 'Fly'], 'pp': [35, 40, 20, 15], 'species': 'Doduo', 'status': 'None'}, {'hp': 64, 'level': 15, 'max_hp': 64, 'moves': ['WaterGun', 'Growl', 'None', 'None'], 'pp': [25, 40, 0, 0], 'species': 'Lapras', 'status': 'None'}, {'hp': 168, 'level': 53, 'max_hp': 168, 'moves': ['MegaDrain', 'Cut', 'LeechSeed', 'Growth'], 'pp': [9, 29, 8, 40], 'species': 'Venusaur', 'status': 'None'}]
HyperPotion 66 / 188 remaining before 6
CHECKPOINT m149-retry-lance-won LancesRoom 6 2 [{'hp': 0, 'level': 59, 'max_hp': 188, 'moves': ['Thunderbolt', 'DrillPeck', 'Thunder', 'Agility'], 'pp': [3, 0, 10, 30], 'species': 'Zapdos', 'status': 'None'}, {'hp': 142, 'level': 31, 'max_hp': 142, 'moves': ['IceBeam', 'Surf', 'Rest', 'Strength'], 'pp': [10, 14, 10, 15], 'species': 'Snorlax', 'status': 'None'}, {'hp': 52, 'level': 24, 'max_hp': 52, 'moves': ['Peck', 'Growl', 'FuryAttack', 'Fly'], 'pp': [35, 40, 20, 15], 'species': 'Doduo', 'status': 'None'}, {'hp': 64, 'level': 15, 'max_hp': 64, 'moves': ['WaterGun', 'Growl', 'None', 'None'], 'pp': [25, 40, 0, 0], 'species': 'Lapras', 'status': 'None'}, {'hp': 168, 'level': 53, 'max_hp': 168, 'moves': ['MegaDrain', 'Cut', 'LeechSeed', 'Growth'], 'pp': [9, 29, 8, 40], 'species': 'Venusaur', 'status': 'None'}]
DONE 008_lance.py
RUN 009_champion_supplies.py
CHECKPOINT m150-retry-champion-ready LancesRoom 6 2 [{'hp': 188, 'level': 59, 'max_hp': 188, 'moves': ['Thunderbolt', 'DrillPeck', 'Thunder', 'Agility'], 'pp': [13, 10, 10, 30], 'species': 'Zapdos', 'status': 'None'}, {'hp': 142, 'level': 31, 'max_hp': 142, 'moves': ['IceBeam', 'Surf', 'Rest', 'Strength'], 'pp': [10, 14, 10, 15], 'species': 'Snorlax', 'status': 'None'}, {'hp': 52, 'level': 24, 'max_hp': 52, 'moves': ['Peck', 'Growl', 'FuryAttack', 'Fly'], 'pp': [35, 40, 20, 15], 'species': 'Doduo', 'status': 'None'}, {'hp': 64, 'level': 15, 'max_hp': 64, 'moves': ['WaterGun', 'Growl', 'None', 'None'], 'pp': [25, 40, 0, 0], 'species': 'Lapras', 'status': 'None'}, {'hp': 168, 'level': 53, 'max_hp': 168, 'moves': ['MegaDrain', 'Cut', 'LeechSeed', 'Growth'], 'pp': [9, 29, 8, 40], 'species': 'Venusaur', 'status': 'None'}]
DONE 009_champion_supplies.py
RUN 010_champion.py
DONE 010_champion.py
RUN 011_ceremony.py
CEREMONY_STATE {'active_script_effect': None, 'battle_bag': None, 'battle_inventory': [{'item': 'Bicycle', 'qty': 1}, {'item': 'ParlyzHeal', 'qty': 3}, {'item': 'Awakening', 'qty': 3}, {'item': 'BurnHeal', 'qty': 2}, {'item': 'RareCandy', 'qty': 1}, {'item': 'PokeFlute', 'qty': 1}, {'item': 'Hm03', 'qty': 1}, {'item': 'Hm04', 'qty': 1}, {'item': 'Revive', 'qty': 4}, {'item': 'FullHeal', 'qty': 4}, {'item': 'GreatBall', 'qty': 13}, {'item': 'Hm02', 'qty': 1}, {'item': 'FullRestore', 'qty': 3}, {'item': 'HyperPotion', 'qty': 4}], 'battle_live': {'enemy': {'hp': 0, 'level': 65, 'max_hp': 186, 'species': 'Charizard', 'status': 'None'}, 'enemy_party': [{'hp': 0, 'level': 61, 'species': 'Pidgeot'}, {'hp': 0, 'level': 59, 'species': 'Alakazam'}, {'hp': 0, 'level': 61, 'species': 'Rhydon'}, {'hp': 0, 'level': 61, 'species': 'Exeggutor'}, {'hp': 0, 'level': 63, 'species': 'Gyarados'}, {'hp': 0, 'level': 65, 'species': 'Charizard'}], 'player': {'hp': 107, 'level': 60, 'max_hp': 191, 'species': 'Zapdos', 'status': 'None'}, 'player_party': [{'hp': 107, 'level': 60, 'max_hp': 191, 'species': 'Zapdos'}, {'hp': 142, 'level': 31, 'max_hp': 142, 'species': 'Snorlax'}, {'hp': 52, 'level': 24, 'max_hp': 52, 'species': 'Doduo'}, {'hp': 64, 'level': 15, 'max_hp': 64, 'species': 'Lapras'}, {'hp': 171, 'level': 54, 'max_hp': 171, 'species': 'Venusaur'}]}, 'battle_message': None, 'battle_moves': None, 'battle_party_cursor': 0, 'battle_phase': 'TrainerVictory { phase: EndBattleText, wait_frames: 0, player_won: true }', 'choice': None, 'coins': 0, 'dialogue': None, 'dialogue_state': None, 'frame_count': 43607, 'map_id': 118, 'map_name': 'HallOfFame', 'money': 31210, 'party': [{'hp': 107, 'level': 60, 'max_hp': 191, 'moves': ['Thunderbolt', 'DrillPeck', 'Thunder', 'LightScreen'], 'pp': [10, 7, 10, 30], 'species': 'Zapdos', 'status': 'None'}, {'hp': 142, 'level': 31, 'max_hp': 142, 'moves': ['IceBeam', 'Surf', 'Rest', 'Strength'], 'pp': [10, 14, 10, 15], 'species': 'Snorlax', 'status': 'None'}, {'hp': 52, 'level': 24, 'max_hp': 52, 'moves': ['Peck', 'Growl', 'FuryAttack', 'Fly'], 'pp': [35, 40, 20, 15], 'species': 'Doduo', 'status': 'None'}, {'hp': 64, 'level': 15, 'max_hp': 64, 'moves': ['WaterGun', 'Growl', 'None', 'None'], 'pp': [25, 40, 0, 0], 'species': 'Lapras', 'status': 'None'}, {'hp': 171, 'level': 54, 'max_hp': 171, 'moves': ['MegaDrain', 'Cut', 'LeechSeed', 'Growth'], 'pp': [9, 28, 7, 40], 'species': 'Venusaur', 'status': 'None'}], 'party_count': 5, 'pc_phase': None, 'player_facing': 'Right', 'player_movement_state': 'Idle', 'player_name': 'RED', 'player_x': 4, 'player_y': 2, 'screen': 'overworld', 'script_awaiting_battle': False, 'script_effect': None, 'script_running': False, 'shop_phase': None, 'text_speed_delay_frames': 3, 'warp_fade': 'Idle'}
DONE 011_ceremony.py
RUN 012_credits_capture.py
ENDGAME_FILM_CAPTURED overworld
DONE 012_credits_capture.py
RUN 013_finish.py
DONE 013_finish.py
RUN 014_continue.py
Traceback (most recent call last):
  File "/tmp/pokered-completion-20260907-ohko-fixed/controller.py", line 82, in <module>
    exec(compile(__task_path.read_text(),str(__task_path),'exec'),globals())
    ~~~~^^^^^^^^^^^^^^^^^^^^^^^^^^^^^^^^^^^^^^^^^^^^^^^^^^^^^^^^^^^^^^^^^^^^
  File "/tmp/pokered-completion-20260907-ohko-fixed/inbox/014_continue.py", line 4, in <module>
    assert g.st()['screen']=='overworld' and g.st()['map_name']=='PalletTown',g.st()
           ^^^^^^^^^^^^^^^^^^^^^^^^^^^^^^^^^^^^^^^^^^^^^^^^^^^^^^^^^^^^^^^^^^
AssertionError: {'active_script_effect': None, 'battle_bag': None, 'battle_inventory': [{'item': 'Bicycle', 'qty': 1}, {'item': 'ParlyzHeal', 'qty': 3}, {'item': 'Awakening', 'qty': 3}, {'item': 'BurnHeal', 'qty': 2}, {'item': 'RareCandy', 'qty': 1}, {'item': 'PokeFlute', 'qty': 1}, {'item': 'Hm03', 'qty': 1}, {'item': 'Hm04', 'qty': 1}, {'item': 'Revive', 'qty': 4}, {'item': 'FullHeal', 'qty': 4}, {'item': 'GreatBall', 'qty': 13}, {'item': 'Hm02', 'qty': 1}, {'item': 'FullRestore', 'qty': 3}, {'item': 'HyperPotion', 'qty': 4}], 'battle_live': {'enemy': {'hp': 0, 'level': 65, 'max_hp': 186, 'species': 'Charizard', 'status': 'None'}, 'enemy_party': [{'hp': 0, 'level': 61, 'species': 'Pidgeot'}, {'hp': 0, 'level': 59, 'species': 'Alakazam'}, {'hp': 0, 'level': 61, 'species': 'Rhydon'}, {'hp': 0, 'level': 61, 'species': 'Exeggutor'}, {'hp': 0, 'level': 63, 'species': 'Gyarados'}, {'hp': 0, 'level': 65, 'species': 'Charizard'}], 'player': {'hp': 107, 'level': 60, 'max_hp': 191, 'species': 'Zapdos', 'status': 'None'}, 'player_party': [{'hp': 107, 'level': 60, 'max_hp': 191, 'species': 'Zapdos'}, {'hp': 142, 'level': 31, 'max_hp': 142, 'species': 'Snorlax'}, {'hp': 52, 'level': 24, 'max_hp': 52, 'species': 'Doduo'}, {'hp': 64, 'level': 15, 'max_hp': 64, 'species': 'Lapras'}, {'hp': 171, 'level': 54, 'max_hp': 171, 'species': 'Venusaur'}]}, 'battle_message': None, 'battle_moves': None, 'battle_party_cursor': 0, 'battle_phase': 'TrainerVictory { phase: EndBattleText, wait_frames: 0, player_won: true }', 'choice': None, 'coins': 0, 'dialogue': None, 'dialogue_state': None, 'frame_count': 57581, 'map_id': 0, 'map_name': 'PalletTown', 'money': 31210, 'party': [{'hp': 107, 'level': 60, 'max_hp': 191, 'moves': ['Thunderbolt', 'DrillPeck', 'Thunder', 'LightScreen'], 'pp': [10, 7, 10, 30], 'species': 'Zapdos', 'status': 'None'}, {'hp': 142, 'level': 31, 'max_hp': 142, 'moves': ['IceBeam', 'Surf', 'Rest', 'Strength'], 'pp': [10, 14, 10, 15], 'species': 'Snorlax', 'status': 'None'}, {'hp': 52, 'level': 24, 'max_hp': 52, 'moves': ['Peck', 'Growl', 'FuryAttack', 'Fly'], 'pp': [35, 40, 20, 15], 'species': 'Doduo', 'status': 'None'}, {'hp': 64, 'level': 15, 'max_hp': 64, 'moves': ['WaterGun', 'Growl', 'None', 'None'], 'pp': [25, 40, 0, 0], 'species': 'Lapras', 'status': 'None'}, {'hp': 171, 'level': 54, 'max_hp': 171, 'moves': ['MegaDrain', 'Cut', 'LeechSeed', 'Growth'], 'pp': [9, 28, 7, 40], 'species': 'Venusaur', 'status': 'None'}], 'party_count': 5, 'pc_phase': None, 'player_facing': 'Down', 'player_movement_state': 'Idle', 'player_name': 'RED', 'player_x': 5, 'player_y': 6, 'screen': 'main-menu', 'script_awaiting_battle': False, 'script_effect': None, 'script_running': False, 'shop_phase': None, 'text_speed_delay_frames': 3, 'warp_fade': 'Idle'}
FAILED 014_continue.py
RUN 015_continue_confirm.py
CHECKPOINT m158-postgame-pallet-saved PalletTown 5 6 [{'hp': 107, 'level': 60, 'max_hp': 191, 'moves': ['Thunderbolt', 'DrillPeck', 'Thunder', 'LightScreen'], 'pp': [10, 7, 10, 30], 'species': 'Zapdos', 'status': 'None'}, {'hp': 142, 'level': 31, 'max_hp': 142, 'moves': ['IceBeam', 'Surf', 'Rest', 'Strength'], 'pp': [10, 14, 10, 15], 'species': 'Snorlax', 'status': 'None'}, {'hp': 52, 'level': 24, 'max_hp': 52, 'moves': ['Peck', 'Growl', 'FuryAttack', 'Fly'], 'pp': [35, 40, 20, 15], 'species': 'Doduo', 'status': 'None'}, {'hp': 64, 'level': 15, 'max_hp': 64, 'moves': ['WaterGun', 'Growl', 'None', 'None'], 'pp': [25, 40, 0, 0], 'species': 'Lapras', 'status': 'None'}, {'hp': 171, 'level': 54, 'max_hp': 171, 'moves': ['MegaDrain', 'Cut', 'LeechSeed', 'Growth'], 'pp': [9, 28, 7, 40], 'species': 'Venusaur', 'status': 'None'}]
DONE 015_continue_confirm.py
RUN 016_stop.py
