== m01: boot to NEW GAME / Oak speech
   done (1.1s wall)
== m02: Oak speech + default names → bedroom
[m02] frame=1921 screen=overworld map=RedsHouse2F pos=(3,6) party=0 money=0 effect=None
   done (4.2s wall)
== m03: leave home → Pallet Town
[m03] frame=2249 screen=overworld map=PalletTown pos=(5,5) party=0 money=0 effect=None
   done (5.1s wall)
== m04: Oak interception → OaksLab
[m04] frame=4196 screen=overworld map=OaksLab pos=(5,3) party=0 money=0 effect=None
   done (6.2s wall)
== m05: take starter (bulbasaur)
[m05] frame=5312 screen=overworld map=OaksLab pos=(8,4) party=1 money=0 effect=None
   done (7.0s wall)
== m06: first rival battle
[m06] frame=8432 screen=overworld map=OaksLab pos=(5,6) party=1 money=175 effect=None
   done (16.0s wall)
== m07: Route 1 → Viridian Mart parcel
[m07-in-mart] frame=11896 screen=overworld map=ViridianMart pos=(3,5) party=1 money=175 effect=None
[m07-back-outside] frame=12008 screen=overworld map=ViridianCity pos=(29,19) party=1 money=175 effect=None
   done (24.0s wall)
== m08: deliver parcel → POKéDEX
[m08-southlane] frame=12269 screen=overworld map=ViridianCity pos=(20,32) party=1 money=175 effect=None
[m08-back-home] frame=14653 screen=overworld map=PalletTown pos=(12,12) party=1 money=175 effect=None
[m08-delivered] frame=17397 screen=overworld map=OaksLab pos=(5,3) party=1 money=175 effect=None
[m08] oak-after-delivery: POKeMON around the world wait for you, RED!
   done (34.7s wall)
== m09: Viridian Forest → Pewter City
   [ntoPINCH] at ViridianForest(25,34)
   [ntoPINCH] at ViridianForest(25,34)
   [ntoPINCH] at ViridianForest(25,34)
   [ntoPINCH] at ViridianForest(25,34)
   [ntoPINCH] at ViridianForest(25,34)
   [ntoPINCH] at ViridianForest(25,34)
   [ntoPINCH] at ViridianForest(25,34)
   [ntoPINCH] at ViridianForest(25,34)
   [ntoPINCH] at ViridianForest(25,34)
   [ntoPINCH] at ViridianForest(25,34)
   [ntoPINCH] at ViridianForest(25,34)
   [ntoPINCH] at ViridianForest(25,34)
   [ntoPINCH] at ViridianForest(25,24)
   [ntoPINCH] at ViridianForest(25,24)
   [ntoPINCH] at ViridianForest(25,24)
   [ntoPINCH] at ViridianForest(25,24)
   [ntoPINCH] at ViridianForest(25,24)
   [ntoPINCH] at ViridianForest(25,24)
   [ntoPINCH] at ViridianForest(25,24)
   [ntoPINCH] at ViridianForest(25,24)
   [ntoPINCH] at ViridianForest(25,24)
   [ntoPINCH] at ViridianForest(25,24)
   [ntoPINCH] at ViridianForest(25,24)
   [ntoPINCH] at ViridianForest(25,24)
   [ntoPINCH] at ViridianForest(18,11)
   [ntoPINCH] at ViridianForest(18,11)
   [ntoPINCH] at ViridianForest(18,11)
   [ntoPINCH] at ViridianForest(18,11)
   [ntoPINCH] at ViridianForest(18,11)
   [ntoPINCH] at ViridianForest(18,11)
   [ntoPINCH] at ViridianForest(18,11)
   [ntoPINCH] at ViridianForest(18,11)
   [ntoPINCH] at ViridianForest(11,19)
   [ntoPINCH] at ViridianForest(11,16)
   [ntoPINCH] at ViridianForest(11,16)
   [ntoPINCH] at ViridianForest(11,13)
   [ntoPINCH] at ViridianForest(11,13)
   [ntoPINCH] at ViridianForest(11,13)
   [ntoPINCH] at ViridianForest(11,13)
   [ntoPINCH] at ViridianForest(11,13)
   [ntoPINCH] at ViridianForest(11,13)
   [ntoPINCH] at ViridianForest(11,8)
   [ntoPINCH] at ViridianForest(11,8)
   [ntoPINCH] at ViridianForest(11,8)
   [ntoPINCH] at ViridianForest(11,8)
   [ntoPINCH] at ViridianForest(11,8)
   [ntoPINCH] at ViridianForest(11,8)
   [ntoPINCH] at ViridianForest(6,18)
   [ntoPINCH] at ViridianForest(6,13)
   [ntoPINCH] at ViridianForest(6,13)
   [ntoPINCH] at ViridianForest(6,13)
   [ntoPINCH] at ViridianForest(6,13)
[m09] frame=34057 screen=overworld map=PewterCity pos=(16,29) party=1 money=265 effect=None
   done (65.0s wall)
== m10: train + Boulder Badge (Brock)
[m10-arrived] frame=34058 screen=overworld map=PewterCity pos=(16,29) party=1 money=265 effect=None
   [ntoPINCH] at ViridianForest(11,13)
   [ntoPINCH] at ViridianForest(11,13)
   [ntoPINCH] at ViridianForest(11,13)
   [ntoPINCH] at ViridianForest(11,13)
   [ntoPINCH] at ViridianForest(11,13)
   [ntoPINCH] at ViridianForest(11,13)
   [ntoPINCH] at ViridianForest(11,13)
   [ntoPINCH] at ViridianForest(11,13)
   [ntoPINCH] at ViridianForest(11,13)
   [ntoPINCH] at ViridianForest(11,13)
   [ntoPINCH] at ViridianForest(11,13)
   [ntoPINCH] at ViridianForest(11,13)
   [ntoPINCH] at ViridianForest(18,11)
   [ntoPINCH] at ViridianForest(18,15)
   [ntoPINCH] at ViridianForest(18,15)
   [ntoPINCH] at ViridianForest(18,15)
   [ntoPINCH] at ViridianForest(18,15)
   [ntoPINCH] at ViridianForest(18,15)
   [ntoPINCH] at ViridianForest(18,15)
   [ntoPINCH] at ViridianForest(18,10)
   [ntoPINCH] at ViridianForest(18,11)
   [ntoPINCH] at ViridianForest(11,19)
   [ntoPINCH] at ViridianForest(11,19)
   [ntoPINCH] at ViridianForest(11,19)
   [ntoPINCH] at ViridianForest(16,15)
   [ntoPINCH] at ViridianForest(16,15)
   [ntoPINCH] at ViridianForest(16,15)
   [ntoPINCH] at ViridianForest(16,15)
   [ntoPINCH] at ViridianForest(16,15)
   [ntoPINCH] at ViridianForest(16,15)
   [ntoPINCH] at ViridianForest(16,15)
   [ntoPINCH] at ViridianForest(16,15)
   [ntoPINCH] at ViridianForest(16,15)
   [ntoPINCH] at ViridianForest(16,15)
   [ntoPINCH] at ViridianForest(25,23)
   [ntoPINCH] at ViridianForest(25,23)
   [ntoPINCH] at ViridianForest(25,23)
   [ntoPINCH] at ViridianForest(25,23)
   [ntoPINCH] at Route1(14,7)
[train] grass spot Route1 (12,7), target L13
[train] cyc=0 battles=0 L7 hp=23/23 (0s)
[train] hp 6/25 -> heal
   [ntoPINCH] at Route1(12,8)
   [ntoPINCH] at Route1(12,8)
   [ntoPINCH] at Route1(12,8)
   [ntoPINCH] at Route1(12,8)
   [ntoPINCH] at Route1(12,8)
[train] hp 16/28 -> heal
   [ntoPINCH] at Route1(14,6)
[train] hp 15/30 -> heal
   [ntoPINCH] at Route1(14,6)
[train] cyc=50 battles=13 L10 hp=18/30 (57s)
[train] hp 12/30 -> heal
[train] hp 12/32 -> heal
[train] cyc=75 battles=22 L11 hp=32/32 (93s)
[train] hp 20/34 -> heal
[train] cyc=125 battles=36 L12 hp=28/34 (135s)
[train] level 13 reached (148s, 41 battles)
[m10-trained] frame=89443 screen=overworld map=Route1 pos=(12,9) party=1 money=265 effect=None
   [ntoPINCH] at ViridianForest(25,26)
   [ntoPINCH] at ViridianForest(25,26)
   [ntoPINCH] at ViridianForest(25,26)
   [ntoPINCH] at ViridianForest(25,26)
   [ntoPINCH] at ViridianForest(25,26)
   [ntoPINCH] at ViridianForest(25,26)
   [ntoPINCH] at ViridianForest(25,26)
   [ntoPINCH] at ViridianForest(25,26)
   [ntoPINCH] at ViridianForest(25,26)
   [ntoPINCH] at ViridianForest(25,26)
   [ntoPINCH] at ViridianForest(25,26)
   [ntoPINCH] at ViridianForest(25,26)
   [ntoPINCH] at ViridianForest(18,11)
   [ntoPINCH] at ViridianForest(18,11)
   [ntoPINCH] at ViridianForest(18,11)
   [ntoPINCH] at ViridianForest(18,11)
   [ntoPINCH] at ViridianForest(18,11)
   [ntoPINCH] at ViridianForest(18,11)
   [ntoPINCH] at ViridianForest(18,11)
   [ntoPINCH] at ViridianForest(18,11)
   [ntoPINCH] at ViridianForest(15,17)
   [ntoPINCH] at ViridianForest(15,17)
   [ntoPINCH] at ViridianForest(15,17)
   [ntoPINCH] at ViridianForest(15,17)
   [ntoPINCH] at ViridianForest(15,17)
   [ntoPINCH] at ViridianForest(15,17)
   [ntoPINCH] at ViridianForest(15,17)
   [ntoPINCH] at ViridianForest(12,15)
   [ntoPINCH] at ViridianForest(12,15)
   [ntoPINCH] at ViridianForest(12,15)
   [ntoPINCH] at ViridianForest(12,15)
   [ntoPINCH] at ViridianForest(12,15)
   [ntoPINCH] at ViridianForest(12,15)
   [ntoPINCH] at ViridianForest(6,18)
   [ntoPINCH] at ViridianForest(6,22)
   [ntoPINCH] at ViridianForest(6,22)
   [ntoPINCH] at ViridianForest(6,22)
   [ntoPINCH] at ViridianForest(6,22)
[m10] frame=105546 screen=overworld map=PewterGym pos=(4,2) party=1 money=1871 effect=None
   done (255.4s wall)
PLAYTHROUGH REACHED REQUESTED MILESTONE
