== m01: boot to NEW GAME / Oak speech
   done (1.1s wall)
== m02: Oak speech + default names → bedroom
[m02] frame=1921 screen=overworld map=RedsHouse2F pos=(3,6) party=0 money=0 effect=None
   done (4.3s wall)
== m03: leave home → Pallet Town
[m03] frame=2249 screen=overworld map=PalletTown pos=(5,5) party=0 money=0 effect=None
   done (5.1s wall)
== m04: Oak interception → OaksLab
[m04] frame=4196 screen=overworld map=OaksLab pos=(5,3) party=0 money=0 effect=None
   done (6.3s wall)
== m05: take starter (bulbasaur)
[m05] frame=5312 screen=overworld map=OaksLab pos=(8,4) party=1 money=0 effect=None
   done (7.1s wall)
== m06: first rival battle
[m06] frame=7122 screen=overworld map=OaksLab pos=(5,6) party=1 money=0 effect=None
   done (10.5s wall)
== m07: Route 1 → Viridian Mart parcel
[m07-in-mart] frame=10572 screen=overworld map=ViridianMart pos=(3,5) party=1 money=0 effect=None
[m07-back-outside] frame=10684 screen=overworld map=ViridianCity pos=(29,19) party=1 money=0 effect=None
   done (18.4s wall)
== m08: deliver parcel → POKéDEX
[m08-southlane] frame=11036 screen=overworld map=ViridianCity pos=(20,32) party=1 money=0 effect=None
[m08-back-home] frame=12641 screen=overworld map=PalletTown pos=(12,12) party=1 money=0 effect=None
[m08-delivered] frame=15385 screen=overworld map=OaksLab pos=(5,3) party=1 money=0 effect=None
[m08] oak-after-delivery: POKeMON around the world wait for you, RED!
   done (25.4s wall)
== m09: Viridian Forest → Pewter City
[m09] frame=23620 screen=overworld map=PewterCity pos=(16,29) party=1 money=90 effect=None
   done (48.4s wall)
== m10: train + Boulder Badge (Brock)
[m10-arrived] frame=23621 screen=overworld map=PewterCity pos=(16,29) party=1 money=90 effect=None
   [ntoPINCH] at ViridianForest(16,13)
   [ntoPINCH] at ViridianForest(16,13)
   [ntoPINCH] at ViridianForest(16,13)
   [ntoPINCH] at ViridianForest(16,13)
   [ntoPINCH] at ViridianForest(16,13)
   [ntoPINCH] at ViridianForest(16,13)
   [ntoPINCH] at ViridianForest(16,13)
   [ntoPINCH] at ViridianForest(16,13)
   [ntoPINCH] at ViridianForest(16,13)
   [ntoPINCH] at ViridianForest(16,13)
   [ntoPINCH] at ViridianForest(22,8)
   [ntoPINCH] at ViridianForest(22,8)
   [ntoPINCH] at ViridianForest(22,8)
   [ntoPINCH] at ViridianForest(22,8)
   [ntoPINCH] at ViridianForest(22,8)
   [ntoPINCH] at ViridianForest(22,8)
   [ntoPINCH] at ViridianForest(22,8)
   [ntoPINCH] at ViridianForest(22,8)
   [ntoPINCH] at ViridianForest(22,8)
   [ntoPINCH] at ViridianForest(26,10)
   [ntoPINCH] at Route2(5,48)
   [ntoPINCH] at Route2(5,48)
   [ntoPINCH] at Route2(5,48)
   [ntoPINCH] at Route2(5,48)
   [ntoPINCH] at Route2(5,48)
   [ntoPINCH] at Route2(5,48)
   [ntoPINCH] at Route2(5,48)
   [ntoPINCH] at Route2(5,48)
   [ntoPINCH] at Route2(5,53)
   [ntoPINCH] at Route2(5,53)
   [ntoPINCH] at Route2(5,53)
   [ntoPINCH] at Route1(14,6)
[train] grass spot Route1 (12,7), target L13
[train] cyc=0 battles=0 L6 hp=22/22 (0s)
[train] hp 7/24 -> heal
[train] hp 15/27 -> heal
   [ntoPINCH] at Route1(14,7)
[train] cyc=50 battles=11 L9 hp=21/29 (45s)
[train] hp 16/31 -> heal
   [ntoPINCH] at Route1(12,7)
   [ntoPINCH] at Route1(12,7)
   [ntoPINCH] at Route1(12,7)
   [ntoPINCH] at Route1(12,7)
   [ntoPINCH] at Route1(12,7)
[train] cyc=75 battles=16 L10 hp=31/31 (66s)
[train] cyc=100 battles=24 L11 hp=24/33 (87s)
[train] hp 18/33 -> heal
   [ntoPINCH] at Route1(12,9)
   [ntoPINCH] at Route1(12,9)
   [ntoPINCH] at Route1(12,9)
   [ntoPINCH] at Route1(12,9)
   [ntoPINCH] at Route1(12,9)
[train] cyc=125 battles=33 L12 hp=22/36 (116s)
[train] hp 20/36 -> heal
   [ntoPINCH] at Route1(14,6)
[train] cyc=150 battles=41 L12 hp=32/36 (143s)
[train] level 13 reached (151s, 44 battles)
[m10-trained] frame=76926 screen=overworld map=Route1 pos=(12,8) party=1 money=90 effect=None
[m10] frame=86716 screen=overworld map=PewterGym pos=(4,2) party=1 money=1696 effect=None
   done (235.4s wall)
PLAYTHROUGH REACHED REQUESTED MILESTONE
