== m01: boot to NEW GAME / Oak speech
   done (1.2s wall)
== m02: Oak speech + default names → bedroom
[m02] frame=1921 screen=overworld map=RedsHouse2F pos=(3,6) party=0 money=0 effect=None
   done (4.3s wall)
== m03: leave home → Pallet Town
[m03] frame=2249 screen=overworld map=PalletTown pos=(5,5) party=0 money=0 effect=None
   done (5.2s wall)
== m04: Oak interception → OaksLab
[m04] frame=4196 screen=overworld map=OaksLab pos=(5,3) party=0 money=0 effect=None
   done (6.4s wall)
== m05: take starter (bulbasaur)
[m05] frame=5312 screen=overworld map=OaksLab pos=(8,4) party=1 money=0 effect=None
   done (7.2s wall)
== m06: first rival battle
[m06] frame=7450 screen=overworld map=OaksLab pos=(5,6) party=1 money=0 effect=None
   done (11.9s wall)
== m07: Route 1 → Viridian Mart parcel
[m07-in-mart] frame=11305 screen=overworld map=ViridianMart pos=(3,5) party=1 money=0 effect=None
[m07-back-outside] frame=11417 screen=overworld map=ViridianCity pos=(29,19) party=1 money=0 effect=None
   done (21.6s wall)
== m08: deliver parcel → POKéDEX
[m08-southlane] frame=11662 screen=overworld map=ViridianCity pos=(20,32) party=1 money=0 effect=None
[m08-back-home] frame=13757 screen=overworld map=PalletTown pos=(12,12) party=1 money=0 effect=None
[m08-delivered] frame=16501 screen=overworld map=OaksLab pos=(5,3) party=1 money=0 effect=None
[m08] oak-after-delivery: POKeMON around the world wait for you, RED!
   done (30.5s wall)
== m09: Viridian Forest → Pewter City
[m09] frame=24323 screen=overworld map=PewterCity pos=(16,29) party=1 money=90 effect=None
   done (50.6s wall)
== m10: train + Boulder Badge (Brock)
[m10-arrived] frame=24324 screen=overworld map=PewterCity pos=(16,29) party=1 money=90 effect=None
   [ntoPINCH] at ViridianForest(16,12)
   [ntoPINCH] at ViridianForest(16,12)
   [ntoPINCH] at ViridianForest(16,12)
   [ntoPINCH] at ViridianForest(16,12)
   [ntoPINCH] at ViridianForest(16,12)
   [ntoPINCH] at ViridianForest(16,12)
   [ntoPINCH] at ViridianForest(16,12)
   [ntoPINCH] at ViridianForest(16,12)
   [ntoPINCH] at ViridianForest(16,12)
   [ntoPINCH] at ViridianForest(16,12)
   [ntoPINCH] at Route2(8,48)
   [ntoPINCH] at Route2(8,48)
   [ntoPINCH] at Route2(8,48)
   [ntoPINCH] at Route2(8,48)
   [ntoPINCH] at Route2(8,48)
   [ntoPINCH] at Route2(8,48)
   [ntoPINCH] at Route2(8,48)
   [ntoPINCH] at Route2(8,48)
[train] grass spot Route1 (12,7), target L13
[train] cyc=0 battles=0 L6 hp=23/23 (0s)
[train] hp 10/25 -> heal
   [ntoPINCH] at Route1(14,6)
[train] cyc=25 battles=5 L8 hp=21/27 (23s)
[train] hp 16/27 -> heal
   [ntoPINCH] at Route1(14,6)
[train] hp 16/29 -> heal
   [ntoPINCH] at Route1(12,8)
   [ntoPINCH] at Route1(12,8)
   [ntoPINCH] at Route1(12,8)
   [ntoPINCH] at Route1(12,8)
   [ntoPINCH] at Route1(12,8)
[train] cyc=50 battles=12 L9 hp=20/29 (54s)
[train] hp 14/29 -> heal
   [ntoPINCH] at Route1(12,7)
   [ntoPINCH] at Route1(12,7)
   [ntoPINCH] at Route1(12,7)
   [ntoPINCH] at Route1(12,7)
   [ntoPINCH] at Route1(12,7)
[train] hp 19/32 -> heal
[train] cyc=75 battles=18 L10 hp=32/32 (80s)
[train] hp 19/34 -> heal
   [ntoPINCH] at Route1(13,6)
   [ntoPINCH] at Route1(13,6)
   [ntoPINCH] at Route1(13,6)
   [ntoPINCH] at Route1(13,6)
   [ntoPINCH] at Route1(12,2)
[train] hp 18/34 -> heal
   [ntoPINCH] at Route1(13,6)
   [ntoPINCH] at Route1(13,6)
   [ntoPINCH] at Route1(13,6)
   [ntoPINCH] at Route1(13,6)
   [ntoPINCH] at Route1(12,2)
   [ntoPINCH] at Route1(14,6)
[train] hp 21/36 -> heal
[train] level 13 reached (170s, 44 battles)
[m10-trained] frame=84758 screen=overworld map=Route1 pos=(12,7) party=1 money=90 effect=None
   [ntoPINCH] at ViridianForest(25,36)
   [ntoPINCH] at ViridianForest(25,36)
   [ntoPINCH] at ViridianForest(25,36)
   [ntoPINCH] at ViridianForest(25,36)
   [ntoPINCH] at ViridianForest(25,36)
   [ntoPINCH] at ViridianForest(25,36)
   [ntoPINCH] at ViridianForest(25,36)
   [ntoPINCH] at ViridianForest(25,36)
   [ntoPINCH] at ViridianForest(25,36)
   [ntoPINCH] at ViridianForest(25,36)
   [ntoPINCH] at ViridianForest(25,36)
   [ntoPINCH] at ViridianForest(25,36)
[m10] frame=96077 screen=overworld map=PewterGym pos=(4,2) party=1 money=1696 effect=None
   done (253.4s wall)
PLAYTHROUGH REACHED REQUESTED MILESTONE
