== m01: boot to NEW GAME / Oak speech
   done (1.2s wall)
== m02: Oak speech + default names → bedroom
[m02] frame=1921 screen=overworld map=RedsHouse2F pos=(3,6) party=0 money=0 effect=None
   done (4.3s wall)
== m03: leave home → Pallet Town
[m03] frame=2249 screen=overworld map=PalletTown pos=(5,5) party=0 money=0 effect=None
   done (5.2s wall)
== m04: Oak interception → OaksLab
[m04] frame=4196 screen=overworld map=OaksLab pos=(5,3) party=0 money=0 effect=None
   done (6.3s wall)
== m05: take starter (bulbasaur)
[m05] frame=5312 screen=overworld map=OaksLab pos=(8,4) party=1 money=0 effect=None
   done (7.1s wall)
== m06: first rival battle
[m06] frame=8404 screen=overworld map=OaksLab pos=(5,6) party=1 money=175 effect=None
   done (16.0s wall)
== m07: Route 1 → Viridian Mart parcel
[m07-in-mart] frame=11471 screen=overworld map=ViridianMart pos=(3,5) party=1 money=175 effect=None
[m07-back-outside] frame=11583 screen=overworld map=ViridianCity pos=(29,19) party=1 money=175 effect=None
   done (22.1s wall)
== m08: deliver parcel → POKéDEX
[m08-southlane] frame=11828 screen=overworld map=ViridianCity pos=(20,32) party=1 money=175 effect=None
[m08-back-home] frame=13797 screen=overworld map=PalletTown pos=(12,12) party=1 money=175 effect=None
[m08-delivered] frame=16541 screen=overworld map=OaksLab pos=(5,3) party=1 money=175 effect=None
[m08] oak-after-delivery: POKeMON around the world wait for you, RED!
   done (30.6s wall)
== m09: Viridian Forest → Pewter City
[m09] frame=24405 screen=overworld map=PewterCity pos=(16,29) party=1 money=265 effect=None
   done (50.8s wall)
== m10: train + Boulder Badge (Brock)
[m10-arrived] frame=24406 screen=overworld map=PewterCity pos=(16,29) party=1 money=265 effect=None
   [ntoPINCH] at ViridianForest(1,6)
   [ntoPINCH] at ViridianForest(1,6)
   [ntoPINCH] at ViridianForest(1,6)
   [ntoPINCH] at ViridianForest(1,6)
   [ntoPINCH] at ViridianForest(1,6)
   [ntoPINCH] at ViridianForest(1,6)
   [ntoPINCH] at ViridianForest(1,6)
   [ntoPINCH] at ViridianForest(1,6)
   [ntoPINCH] at ViridianForest(1,6)
   [ntoPINCH] at ViridianForest(1,6)
   [ntoPINCH] at ViridianForest(1,6)
   [ntoPINCH] at ViridianForest(1,6)
   [ntoPINCH] at ViridianForest(1,6)
   [ntoPINCH] at ViridianForest(1,6)
   [ntoPINCH] at ViridianForest(1,6)
   [ntoPINCH] at ViridianForest(1,6)
   [ntoPINCH] at ViridianForest(6,21)
   [ntoPINCH] at ViridianForest(6,21)
   [ntoPINCH] at ViridianForest(6,21)
   [ntoPINCH] at ViridianForest(6,21)
   [ntoPINCH] at ViridianForest(6,21)
   [ntoPINCH] at ViridianForest(6,21)
   [ntoPINCH] at ViridianForest(6,21)
   [ntoPINCH] at ViridianForest(6,21)
   [ntoPINCH] at ViridianForest(6,21)
   [ntoPINCH] at ViridianForest(6,21)
   [ntoPINCH] at ViridianForest(6,21)
   [ntoPINCH] at ViridianForest(6,21)
   [ntoPINCH] at ViridianForest(6,21)
   [ntoPINCH] at ViridianForest(6,21)
   [ntoPINCH] at ViridianForest(13,8)
   [ntoPINCH] at ViridianForest(13,9)
   [ntoPINCH] at ViridianForest(11,19)
   [ntoPINCH] at ViridianForest(11,19)
   [ntoPINCH] at ViridianForest(11,19)
   [ntoPINCH] at Route2(8,50)
   [ntoPINCH] at Route2(8,50)
   [ntoPINCH] at Route2(8,50)
   [ntoPINCH] at Route2(8,50)
   [ntoPINCH] at Route2(8,50)
   [ntoPINCH] at Route2(8,50)
   [ntoPINCH] at Route2(8,50)
[train] grass spot Route1 (12,7), target L13
[train] cyc=0 battles=0 L7 hp=24/24 (0s)
[train] hp 11/26 -> heal
   [ntoPINCH] at Route1(14,6)
   [ntoPINCH] at Route1(14,6)
   [ntoPINCH] at Route1(14,6)
   [ntoPINCH] at Route1(14,6)
[train] cyc=25 battles=7 L9 hp=17/28 (27s)
[train] hp 14/28 -> heal
   [ntoPINCH] at Route1(12,9)
   [ntoPINCH] at Route1(12,9)
   [ntoPINCH] at Route1(12,9)
   [ntoPINCH] at Route1(12,9)
   [ntoPINCH] at Route1(12,9)
   [ntoPINCH] at Route1(14,6)
   [ntoPINCH] at Route1(14,6)
   [ntoPINCH] at Route1(14,6)
   [ntoPINCH] at Route1(14,6)
[train] cyc=50 battles=14 L10 hp=25/30 (52s)
[train] hp 16/30 -> heal
   [ntoPINCH] at Route1(14,6)
   [ntoPINCH] at Route1(14,6)
   [ntoPINCH] at Route1(14,6)
   [ntoPINCH] at Route1(14,6)
[train] cyc=75 battles=22 L11 hp=24/32 (78s)
[train] hp 18/32 -> heal
   [ntoPINCH] at Route1(12,6)
   [ntoPINCH] at Route1(12,6)
   [ntoPINCH] at Route1(12,6)
   [ntoPINCH] at Route1(12,6)
   [ntoPINCH] at Route1(12,6)
[train] cyc=100 battles=27 L11 hp=32/32 (98s)
[train] cyc=125 battles=34 L12 hp=25/34 (116s)
[train] hp 19/34 -> heal
[train] cyc=150 battles=42 L12 hp=28/34 (145s)
[train] level 13 reached (148s, 43 battles)
[m10-trained] frame=79270 screen=overworld map=Route1 pos=(12,7) party=1 money=265 effect=None
   [ntoPINCH] at ViridianForest(18,41)
   [ntoPINCH] at ViridianForest(18,41)
   [ntoPINCH] at ViridianForest(18,41)
   [ntoPINCH] at ViridianForest(18,41)
   [ntoPINCH] at ViridianForest(18,41)
   [ntoPINCH] at ViridianForest(18,41)
   [ntoPINCH] at ViridianForest(18,41)
   [ntoPINCH] at ViridianForest(18,41)
   [ntoPINCH] at ViridianForest(18,41)
   [ntoPINCH] at ViridianForest(18,41)
   [ntoPINCH] at ViridianForest(18,41)
   [ntoPINCH] at ViridianForest(18,41)
   [ntoPINCH] at ViridianForest(18,41)
   [ntoPINCH] at ViridianForest(18,41)
   [ntoPINCH] at ViridianForest(25,41)
   [ntoPINCH] at ViridianForest(25,41)
   [ntoPINCH] at ViridianForest(25,41)
   [ntoPINCH] at ViridianForest(25,41)
   [ntoPINCH] at ViridianForest(25,41)
   [ntoPINCH] at ViridianForest(25,41)
   [ntoPINCH] at ViridianForest(25,41)
   [ntoPINCH] at ViridianForest(25,41)
   [ntoPINCH] at ViridianForest(25,41)
   [ntoPINCH] at ViridianForest(25,41)
   [ntoPINCH] at ViridianForest(25,41)
   [ntoPINCH] at ViridianForest(25,41)
   [ntoPINCH] at ViridianForest(25,41)
   [ntoPINCH] at ViridianForest(25,36)
   [ntoPINCH] at ViridianForest(25,36)
   [ntoPINCH] at ViridianForest(25,36)
   [ntoPINCH] at ViridianForest(25,36)
   [ntoPINCH] at ViridianForest(25,36)
   [ntoPINCH] at ViridianForest(25,36)
   [ntoPINCH] at ViridianForest(25,36)
   [ntoPINCH] at ViridianForest(25,36)
   [ntoPINCH] at ViridianForest(25,36)
   [ntoPINCH] at ViridianForest(25,36)
   [ntoPINCH] at ViridianForest(25,36)
   [ntoPINCH] at ViridianForest(25,36)
[m10] frame=95342 screen=overworld map=PewterGym pos=(4,2) party=1 money=1871 effect=None
   done (242.2s wall)
PLAYTHROUGH REACHED REQUESTED MILESTONE
