== m01: boot to NEW GAME / Oak speech
   done (1.1s wall)
== m02: Oak speech + default names → bedroom
[m02] frame=1921 screen=overworld map=RedsHouse2F pos=(3,6) party=0 money=0 effect=None
   done (4.3s wall)
== m03: leave home → Pallet Town
[m03] frame=2249 screen=overworld map=PalletTown pos=(5,5) party=0 money=0 effect=None
   done (5.2s wall)
== m04: Oak interception → OaksLab
[m04] frame=4196 screen=overworld map=OaksLab pos=(5,3) party=0 money=0 effect=None
   done (6.4s wall)
== m05: take starter (bulbasaur)
[m05] frame=5312 screen=overworld map=OaksLab pos=(8,4) party=1 money=0 effect=None
   done (7.2s wall)
== m06: first rival battle
[m06] frame=8018 screen=overworld map=OaksLab pos=(5,6) party=1 money=175 effect=None
   done (14.4s wall)
== m07: Route 1 → Viridian Mart parcel
[m07-in-mart] frame=11468 screen=overworld map=ViridianMart pos=(3,5) party=1 money=175 effect=None
[m07-back-outside] frame=11580 screen=overworld map=ViridianCity pos=(29,19) party=1 money=175 effect=None
   done (22.4s wall)
== m08: deliver parcel → POKéDEX
[m08-southlane] frame=11932 screen=overworld map=ViridianCity pos=(20,32) party=1 money=175 effect=None
[m08-back-home] frame=13572 screen=overworld map=PalletTown pos=(12,12) party=1 money=175 effect=None
[m08-delivered] frame=16316 screen=overworld map=OaksLab pos=(5,3) party=1 money=175 effect=None
[m08] oak-after-delivery: POKeMON around the world wait for you, RED!
   done (29.6s wall)
== m09: Viridian Forest → Pewter City
   [ntoPINCH] at ViridianForest(25,25)
   [ntoPINCH] at ViridianForest(25,25)
   [ntoPINCH] at ViridianForest(25,25)
   [ntoPINCH] at ViridianForest(25,25)
   [ntoPINCH] at ViridianForest(25,25)
   [ntoPINCH] at ViridianForest(25,25)
   [ntoPINCH] at ViridianForest(25,25)
   [ntoPINCH] at ViridianForest(25,25)
   [ntoPINCH] at ViridianForest(25,25)
   [ntoPINCH] at ViridianForest(25,25)
   [ntoPINCH] at ViridianForest(25,25)
   [ntoPINCH] at ViridianForest(25,25)
[m09] frame=26337 screen=overworld map=PewterCity pos=(16,29) party=1 money=265 effect=None
   done (53.2s wall)
== m10: train + Boulder Badge (Brock)
[m10-arrived] frame=26338 screen=overworld map=PewterCity pos=(16,29) party=1 money=265 effect=None
   [ntoPINCH] at ViridianForest(1,8)
   [ntoPINCH] at ViridianForest(1,8)
   [ntoPINCH] at ViridianForest(1,8)
   [ntoPINCH] at ViridianForest(1,8)
   [ntoPINCH] at ViridianForest(1,8)
   [ntoPINCH] at ViridianForest(1,8)
   [ntoPINCH] at ViridianForest(1,8)
   [ntoPINCH] at ViridianForest(1,8)
   [ntoPINCH] at ViridianForest(1,8)
   [ntoPINCH] at ViridianForest(1,8)
   [ntoPINCH] at ViridianForest(1,8)
   [ntoPINCH] at ViridianForest(1,8)
   [ntoPINCH] at ViridianForest(1,8)
   [ntoPINCH] at ViridianForest(1,8)
   [ntoPINCH] at ViridianForest(1,8)
   [ntoPINCH] at ViridianForest(1,8)
   [ntoPINCH] at ViridianForest(8,17)
   [ntoPINCH] at ViridianForest(8,10)
   [ntoPINCH] at ViridianForest(8,11)
   [ntoPINCH] at ViridianForest(1,25)
   [ntoPINCH] at ViridianForest(1,25)
   [ntoPINCH] at ViridianForest(1,25)
   [ntoPINCH] at ViridianForest(6,13)
   [ntoPINCH] at ViridianForest(6,13)
   [ntoPINCH] at ViridianForest(6,13)
   [ntoPINCH] at ViridianForest(6,13)
   [ntoPINCH] at ViridianForest(6,13)
   [ntoPINCH] at ViridianForest(6,13)
   [ntoPINCH] at ViridianForest(6,13)
   [ntoPINCH] at ViridianForest(6,13)
   [ntoPINCH] at ViridianForest(6,13)
   [ntoPINCH] at ViridianForest(6,13)
   [ntoPINCH] at ViridianForest(6,13)
   [ntoPINCH] at ViridianForest(6,13)
   [ntoPINCH] at ViridianForest(6,13)
   [ntoPINCH] at ViridianForest(6,13)
   [ntoPINCH] at ViridianForest(6,10)
   [ntoPINCH] at ViridianForest(6,10)
   [ntoPINCH] at ViridianForest(6,10)
   [ntoPINCH] at ViridianForest(6,10)
   [ntoPINCH] at ViridianForest(6,10)
   [ntoPINCH] at ViridianForest(6,10)
   [ntoPINCH] at ViridianForest(6,10)
   [ntoPINCH] at ViridianForest(6,10)
   [ntoPINCH] at ViridianForest(6,10)
   [ntoPINCH] at ViridianForest(6,10)
   [ntoPINCH] at ViridianForest(6,10)
   [ntoPINCH] at ViridianForest(6,10)
   [ntoPINCH] at ViridianForest(6,10)
   [ntoPINCH] at ViridianForest(6,10)
   [ntoPINCH] at ViridianForest(11,8)
   [ntoPINCH] at ViridianForest(11,8)
   [ntoPINCH] at ViridianForest(11,8)
   [ntoPINCH] at ViridianForest(11,8)
   [ntoPINCH] at ViridianForest(11,8)
   [ntoPINCH] at ViridianForest(11,8)
   [ntoPINCH] at ViridianForest(11,8)
   [ntoPINCH] at ViridianForest(11,8)
   [ntoPINCH] at ViridianForest(11,8)
   [ntoPINCH] at ViridianForest(11,8)
   [ntoPINCH] at ViridianForest(11,8)
   [ntoPINCH] at ViridianForest(11,8)
   [ntoPINCH] at ViridianForest(11,17)
   [ntoPINCH] at ViridianForest(11,17)
   [ntoPINCH] at ViridianForest(11,17)
   [ntoPINCH] at ViridianForest(11,17)
   [ntoPINCH] at ViridianForest(11,17)
   [ntoPINCH] at ViridianForest(11,17)
   [ntoPINCH] at ViridianForest(11,17)
   [ntoPINCH] at ViridianForest(11,17)
   [ntoPINCH] at ViridianForest(11,17)
   [ntoPINCH] at ViridianForest(11,17)
   [ntoPINCH] at ViridianForest(11,17)
   [ntoPINCH] at ViridianForest(11,17)
   [ntoPINCH] at ViridianForest(16,13)
   [ntoPINCH] at ViridianForest(16,13)
   [ntoPINCH] at ViridianForest(16,13)
   [ntoPINCH] at ViridianForest(16,13)
   [ntoPINCH] at ViridianForest(16,13)
   [ntoPINCH] at ViridianForest(16,13)
   [ntoPINCH] at ViridianForest(16,13)
   [ntoPINCH] at ViridianForest(16,13)
   [ntoPINCH] at ViridianForest(16,13)
   [ntoPINCH] at ViridianForest(16,13)
   [ntoPINCH] at ViridianForest(19,8)
   [ntoPINCH] at ViridianForest(19,8)
   [ntoPINCH] at ViridianForest(19,8)
   [ntoPINCH] at ViridianForest(19,8)
   [ntoPINCH] at ViridianForest(19,8)
   [ntoPINCH] at ViridianForest(19,8)
   [ntoPINCH] at ViridianForest(19,8)
   [ntoPINCH] at ViridianForest(19,8)
   [ntoPINCH] at ViridianForest(19,8)
   [ntoPINCH] at ViridianForest(26,10)
[train] grass spot Route1 (12,7), target L13
[train] cyc=0 battles=0 L7 hp=24/24 (0s)
[train] hp 14/26 -> heal
[train] hp 12/28 -> heal
[train] cyc=25 battles=8 L9 hp=28/28 (31s)
[train] hp 13/30 -> heal
   [ntoPINCH] at Route1(12,9)
   [ntoPINCH] at Route1(12,9)
   [ntoPINCH] at Route1(12,9)
   [ntoPINCH] at Route1(12,9)
   [ntoPINCH] at Route1(12,9)
[train] cyc=50 battles=15 L10 hp=27/30 (57s)
[train] hp 18/32 -> heal
   [ntoPINCH] at Route1(12,7)
   [ntoPINCH] at Route1(12,7)
   [ntoPINCH] at Route1(12,7)
   [ntoPINCH] at Route1(12,7)
   [ntoPINCH] at Route1(12,7)
   [ntoPINCH] at Route1(14,6)
   [ntoPINCH] at Route1(14,6)
   [ntoPINCH] at Route1(14,6)
   [ntoPINCH] at Route1(14,6)
[train] hp 18/32 -> heal
[train] cyc=100 battles=28 L11 hp=26/32 (104s)
[train] hp 20/34 -> heal
[train] hp 18/34 -> heal
[train] level 13 reached (151s, 42 battles)
[m10-trained] frame=90417 screen=overworld map=Route1 pos=(12,6) party=1 money=265 effect=None
   [ntoPINCH] at ViridianForest(7,22)
   [ntoPINCH] at ViridianForest(7,22)
   [ntoPINCH] at ViridianForest(7,22)
   [ntoPINCH] at ViridianForest(1,19)
[m10] frame=100843 screen=overworld map=PewterGym pos=(4,2) party=1 money=1871 effect=None
   done (250.2s wall)
PLAYTHROUGH REACHED REQUESTED MILESTONE
