intro-title-v1/update_avg_ticks: 171 -> 142 ticks (-17.0%, limit 196.7)
intro-title-v1/draw_per_frame_ticks: 3921 -> 3823 ticks (-2.5%, limit 4509.1)
intro-title-v1/draw_max_ticks: 14217 -> 14926 ticks (+5.0%, limit 16349.5)
intro-title-v1/present_per_frame_ticks: 382 -> 376 ticks (-1.6%, limit 439.3)
intro-title-v1/present_max_ticks: 785 -> 782 ticks (-0.4%, limit 902.8)
oak-dialogue-v1/update_avg_ticks: 184 -> 167 ticks (-9.2%, limit 211.6)
oak-dialogue-v1/draw_per_frame_ticks: 2700 -> 2613 ticks (-3.2%, limit 3105.0)
oak-dialogue-v1/draw_max_ticks: 9458 -> 9336 ticks (-1.3%, limit 10876.7)
oak-dialogue-v1/present_per_frame_ticks: 356 -> 347 ticks (-2.5%, limit 409.4)
oak-dialogue-v1/present_max_ticks: 799 -> 781 ticks (-2.3%, limit 918.9)
overworld-idle-v1/update_avg_ticks: 344 -> 333 ticks (-3.2%, limit 395.6)
overworld-movement-v1/update_avg_ticks: 354 -> 343 ticks (-3.1%, limit 407.1)
overworld-movement-v1/draw_per_frame_ticks: 252 -> 252 ticks (+0.0%, limit 289.8)
overworld-movement-v1/draw_max_ticks: 2712 -> 2707 ticks (-0.2%, limit 3118.8)
overworld-movement-v1/present_per_frame_ticks: 78 -> 77 ticks (-1.3%, limit 103.0)
overworld-movement-v1/present_max_ticks: 799 -> 767 ticks (-4.0%, limit 918.9)
battle-entry-v1/update_avg_ticks: 213 -> 192 ticks (-9.9%, limit 244.9)
battle-entry-v1/draw_per_frame_ticks: 2751 -> 2761 ticks (+0.4%, limit 3163.7)
battle-entry-v1/draw_max_ticks: 8904 -> 8898 ticks (-0.1%, limit 10239.6)
battle-entry-v1/present_per_frame_ticks: 581 -> 567 ticks (-2.4%, limit 668.1)
battle-entry-v1/present_max_ticks: 799 -> 782 ticks (-2.1%, limit 918.9)
trainer-battle-entry-v1/update_avg_ticks: 226 -> 202 ticks (-10.6%, limit 259.9)
trainer-battle-entry-v1/draw_per_frame_ticks: 2450 -> 2454 ticks (+0.2%, limit 2817.5)
trainer-battle-entry-v1/draw_max_ticks: 10207 -> 10197 ticks (-0.1%, limit 11738.0)
trainer-battle-entry-v1/present_per_frame_ticks: 351 -> 343 ticks (-2.3%, limit 403.6)
trainer-battle-entry-v1/present_max_ticks: 799 -> 781 ticks (-2.3%, limit 918.9)
pokedex-entry-v1/update_avg_ticks: 107 -> 93 ticks (-13.1%, limit 132.0)
pokedex-entry-v1/draw_per_frame_ticks: 44 -> 44 ticks (+0.0%, limit 69.0)
pokedex-entry-v1/draw_max_ticks: 17917 -> 17856 ticks (-0.3%, limit 20604.5)
pokedex-entry-v1/present_per_frame_ticks: 1 -> 1 ticks (+0.0%, limit 26.0)
pokedex-entry-v1/present_max_ticks: 784 -> 767 ticks (-2.2%, limit 901.6)
GBA performance is within the configured regression budget.
