== m01: boot to NEW GAME / Oak speech
   done (1.0s wall)
== m02: Oak speech + default names → bedroom
[m02] frame=1921 screen=overworld map=RedsHouse2F pos=(3,6) party=0 money=0 effect=None
   done (3.8s wall)
== m03: leave home → Pallet Town
[m03] frame=2249 screen=overworld map=PalletTown pos=(5,5) party=0 money=0 effect=None
   done (4.5s wall)
== m04: Oak interception → OaksLab
[m04] frame=4196 screen=overworld map=OaksLab pos=(5,3) party=0 money=0 effect=None
   done (5.6s wall)
== m05: take starter (bulbasaur)
[m05] frame=5312 screen=overworld map=OaksLab pos=(8,4) party=1 money=0 effect=None
   done (6.3s wall)
== m06: first rival battle
[m06] frame=7564 screen=overworld map=OaksLab pos=(5,6) party=1 money=0 effect=None
   done (10.9s wall)
== m07: Route 1 → Viridian Mart parcel
[m07-in-mart] frame=11043 screen=overworld map=ViridianMart pos=(3,5) party=1 money=0 effect=None
[m07-back-outside] frame=11155 screen=overworld map=ViridianCity pos=(29,19) party=1 money=0 effect=None
   done (18.0s wall)
== m08: deliver parcel → POKéDEX
[m08-southlane] frame=11416 screen=overworld map=ViridianCity pos=(20,32) party=1 money=0 effect=None
[m08-back-home] frame=13419 screen=overworld map=PalletTown pos=(12,12) party=1 money=0 effect=None
[m08-delivered] frame=16163 screen=overworld map=OaksLab pos=(5,3) party=1 money=0 effect=None
[m08] oak-after-delivery: POKeMON around the world wait for you, RED!
   done (25.8s wall)
== m09: Viridian Forest → Pewter City
[m09] frame=24595 screen=overworld map=PewterCity pos=(16,29) party=1 money=90 effect=None
   done (45.3s wall)
== m10: train + Boulder Badge (Brock)
[m10-arrived] frame=24596 screen=overworld map=PewterCity pos=(16,29) party=1 money=90 effect=None
   [ntoPINCH] at ViridianForest(18,11)
   [ntoPINCH] at ViridianForest(11,19)
   [ntoPINCH] at ViridianForest(11,19)
   [ntoPINCH] at ViridianForest(11,19)
[train] grass spot Route1 (12,7), target L13
[train] cyc=0 battles=0 L6 hp=21/21 (0s)
[train] hp 9/23 -> heal
[train] hp 14/25 -> heal
[train] cyc=25 battles=6 L8 hp=22/25 (25s)
[train] hp 15/27 -> heal
[train] cyc=50 battles=14 L9 hp=18/27 (50s)
[train] hp 15/29 -> heal
[train] hp 16/29 -> heal
[train] cyc=75 battles=22 L10 hp=29/29 (77s)
[train] hp 18/31 -> heal
[train] hp 18/33 -> heal
[train] cyc=125 battles=40 L12 hp=33/33 (132s)
[train] level 13 reached (147s, 46 battles)
[m10-trained] frame=80128 screen=overworld map=Route1 pos=(12,9) party=1 money=90 effect=None
[m10] frame=90084 screen=overworld map=PewterGym pos=(4,2) party=1 money=1696 effect=None
   done (223.3s wall)
PLAYTHROUGH REACHED REQUESTED MILESTONE
