== m01: boot to NEW GAME / Oak speech
   done (0.0s wall)
== m02: Oak speech + default names → bedroom
[m02] frame=1887 screen=overworld map=RedsHouse2F pos=(3,6) party=0 money=3000 effect=None
   done (0.1s wall)
== m03: leave home → Pallet Town
[m03] frame=2193 screen=overworld map=PalletTown pos=(5,5) party=0 money=3000 effect=None
   done (0.0s wall)
== m04: Oak interception → OaksLab
[m04] frame=4074 screen=overworld map=OaksLab pos=(5,3) party=0 money=3000 effect=None
   done (0.0s wall)
== m05: take starter (bulbasaur)
[m05] frame=5192 screen=overworld map=OaksLab pos=(8,4) party=1 money=3000 effect=None
   done (0.0s wall)
== m06: first rival battle
[m06] frame=7275 screen=overworld map=OaksLab pos=(5,6) party=1 money=3175 effect=None
   done (0.1s wall)
== m07: Route 1 → Viridian Mart parcel
[m07-in-mart] frame=10282 screen=overworld map=ViridianMart pos=(3,5) party=1 money=3175 effect=None
[m07-back-outside] frame=10380 screen=overworld map=ViridianCity pos=(29,19) party=1 money=3175 effect=None
   done (0.3s wall)
== m08: deliver parcel → POKéDEX
[m08-southlane] frame=10624 screen=overworld map=ViridianCity pos=(20,32) party=1 money=3175 effect=None
[m08-back-home] frame=11856 screen=overworld map=PalletTown pos=(12,12) party=1 money=3175 effect=None
[m08-delivered] frame=14572 screen=overworld map=OaksLab pos=(5,3) party=1 money=3175 effect=None
[m08] oak-after-delivery: POKeMON around the world wait for you, RED!
   done (0.3s wall)
== m09: Viridian Forest → Pewter City
[m09] frame=22661 screen=overworld map=PewterCity pos=(16,29) party=1 money=3265 effect=None
   done (0.8s wall)
== m10: train + Boulder Badge (Brock)
[m10-arrived] frame=22661 screen=overworld map=PewterCity pos=(16,29) party=1 money=3265 effect=None
[train] grass spot Route1 (12,7), target L13
[train] cyc=0 battles=0 L7 hp=24/24 (0s)
[train] hp 14/26 -> heal
[train] hp 16/28 -> heal
[train] hp 17/31 -> heal
[train] cyc=50 battles=16 L10 hp=28/31 (2s)
[train] cyc=75 battles=23 L11 hp=24/33 (2s)
[train] hp 19/33 -> heal
[train] hp 20/35 -> heal
[train] cyc=125 battles=38 L12 hp=26/35 (4s)
[train] level 13 reached (4s, 41 battles)
[m10-trained] frame=66325 screen=overworld map=Route1 pos=(12,8) party=1 money=3265 effect=None
   [ntoPINCH] at ViridianForest(26,33)
   [ntoPINCH] at ViridianForest(26,19)
[m10] frame=83295 screen=overworld map=PewterGym pos=(4,2) party=1 money=5001 effect=None
   done (5.8s wall)
== m11: Route 3 trainers → Mt Moon entrance
[m11] frame=97239 screen=overworld map=Route4 pos=(11,5) party=1 money=5826 effect=None
   done (1.7s wall)
== m12: Mt Moon fossil → Cerulean City
   [ntoPINCH] at MtMoon1F(30,7)
   [ntoPINCH] at MtMoon1F(15,16)
   [ntoPINCH] at MtMoonB2F(11,17)
   [ntoPINCH] at MtMoonB2F(13,9)
[m12] frame=112012 screen=overworld map=CeruleanCity pos=(19,17) party=1 money=6831 effect=None
   done (1.5s wall)
== m13: Cascade Badge (Misty)
   [ntoPINCH] at CeruleanGym(5,3)
[m13] frame=116910 screen=overworld map=CeruleanGym pos=(5,2) party=1 money=9370 effect=None
   done (0.5s wall)
== m14: Nugget Bridge → Bill → S.S. Ticket
[m14] frame=148987 screen=overworld map=BillsHouse pos=(4,5) party=1 money=2695 effect=None
   done (3.7s wall)
== m15: Cerulean thief → Underground Path → Vermilion
[m15] frame=179214 screen=overworld map=VermilionCity pos=(11,3) party=1 money=781 effect=None
   done (4.9s wall)
== m16: S.S. Anne rival + captain → HM01
   [ntoPINCH] at SSAnne1F(11,7)
[m16] rival blackout 1: boarding again
[train] grass spot Route6 (10,23), target L30
[train] cyc=0 battles=0 L28 hp=80/80 (0s)
[train] cyc=25 battles=3 L28 hp=64/80 (1s)
[train] hp 44/83 -> heal
[train] cyc=75 battles=9 L29 hp=78/83 (2s)
[train] cyc=100 battles=10 L29 hp=72/83 (2s)
[train] cyc=125 battles=10 L29 hp=72/83 (2s)
[train] cyc=150 battles=14 L29 hp=62/83 (3s)
[train] cyc=175 battles=14 L29 hp=62/83 (3s)
[train] hp 46/83 -> heal
[train] cyc=200 battles=17 L29 hp=83/83 (4s)
[train] cyc=250 battles=22 L29 hp=61/83 (4s)
[train] level 30 reached (5s, 23 battles)
[m16] frame=229560 screen=overworld map=SSAnneCaptainsRoom pos=(4,3) party=1 money=1691 effect=None
   done (5.5s wall)
== m17: CUT + trash switches → Thunder Badge
   [ntoPINCH] at VermilionGym(2,10)
   [ntoPINCH] at VermilionGym(2,8)
   [ntoPINCH] at VermilionGym(8,6)
[m17] both switches found on search 4
[m17] frame=253390 screen=overworld map=VermilionGym pos=(5,2) party=1 money=6807 effect=None
   done (1.5s wall)
== m18: Route 9 CUT → Rock Tunnel entrance
[m18] frame=267831 screen=overworld map=Route10 pos=(11,19) party=1 money=7827 effect=None
   done (1.5s wall)
== m19: Rock Tunnel → Lavender Town
   [ntoPINCH] at RockTunnelB1F(26,31)
   [ntoPINCH] at RockTunnelB1F(31,10)
   [ntoPINCH] at RockTunnelB1F(31,10)
   [ntoPINCH] at RockTunnelB1F(31,10)
   [ntoPINCH] at RockTunnelB1F(31,10)
   [ntoPINCH] at RockTunnel1F(7,9)
   [ntoPINCH] at RockTunnelB1F(6,11)
   [ntoPINCH] at RockTunnel1F(36,24)
   [ntoPINCH] at RockTunnel1F(26,28)
   [ntoPINCH] at RockTunnel1F(26,28)
   [ntoPINCH] at RockTunnel1F(26,28)
   [ntoPINCH] at RockTunnel1F(26,31)
   [ntoPINCH] at RockTunnel1F(26,31)
   [ntoPINCH] at RockTunnel1F(26,31)
   [ntoPINCH] at RockTunnel1F(22,27)
   [ntoPINCH] at RockTunnel1F(15,33)
[m19] frame=292378 screen=overworld map=LavenderTown pos=(3,5) party=1 money=16122 effect=None
   done (2.7s wall)
== m20: Lavender → Underground Path → Celadon
[m20] frame=296640 screen=overworld map=CeladonCity pos=(41,9) party=1 money=16452 effect=None
   done (0.5s wall)
== m21: Rainbow Badge (Erika)
   [ntoPINCH] at CeladonGym(4,11)
   [ntoPINCH] at CeladonGym(5,6)
[m21] frame=304893 screen=overworld map=CeladonGym pos=(4,4) party=1 money=20508 effect=None
   done (0.7s wall)
== m22: Game Corner poster → Rocket Hideout Lift Key
Traceback (most recent call last):
  File "/tmp/run_gap_playthrough_driven.py", line 29, in <module>
    playthrough.main()
    ~~~~~~~~~~~~~~~~^^
  File "/Users/liuyanghe02/develop/open-pokered-2/scripts/playthrough.py", line 1980, in main
    fn(g)
    ~~^^^
  File "/Users/liuyanghe02/develop/open-pokered-2/scripts/playthrough_late.py", line 617, in m22_lift_key
    require_flag(g, "EVENT_BEAT_ROCKET_HIDEOUT_4_TRAINER_2")
    ~~~~~~~~~~~~^^^^^^^^^^^^^^^^^^^^^^^^^^^^^^^^^^^^^^^^^^^^
  File "/Users/liuyanghe02/develop/open-pokered-2/scripts/playthrough_late.py", line 146, in require_flag
    assert flags.get(name), f"missing story flag {name}"
           ~~~~~~~~~^^^^^^
AssertionError: missing story flag EVENT_BEAT_ROCKET_HIDEOUT_4_TRAINER_2
