== s01-bag-seed: give_item lands in the bag; unknown items rejected
[s01] frame=5 screen=gamefreak-splash map=PalletTown pos=(0,0) party=0 money=3000 effect=None
   PASS (3.1s)
== s02-party-seed: give_pokemon appends in order; leader is first
[s02] frame=6 screen=gamefreak-splash map=PalletTown pos=(0,0) party=3 money=3000 effect=None
   PASS (0.8s)
== s03-wild-run: wild battle: RUN escapes without moving the player
[m02] frame=1921 screen=overworld map=RedsHouse2F pos=(3,6) party=0 money=3000 effect=None
[s03] frame=2303 screen=overworld map=RedsHouse2F pos=(3,6) party=1 money=3000 effect=None
   PASS (7.4s)
== s04-wild-win: wild battle: winning grants experience
[m02] frame=1921 screen=overworld map=RedsHouse2F pos=(3,6) party=0 money=3000 effect=None
[s04] frame=2610 screen=overworld map=RedsHouse2F pos=(3,6) party=1 money=3000 effect=None
   PASS (8.0s)
== s05-wild-catch: throwing Poké Balls from the battle bag catches
[m02] frame=1921 screen=overworld map=RedsHouse2F pos=(3,6) party=0 money=3000 effect=None
[s05] frame=2584 screen=overworld map=RedsHouse2F pos=(3,6) party=2 money=3000 effect=None
   PASS (7.5s)
== s06-blackout: total party KO: whiteout respawns at home, party healed
[m02] frame=1921 screen=overworld map=RedsHouse2F pos=(3,6) party=0 money=3000 effect=None
   blackout: money 3000 -> 1500, respawn PalletTown (5,6)
[s06] frame=2376 screen=overworld map=PalletTown pos=(5,6) party=1 money=1500 effect=None
   PASS (6.9s)
== s07-save-roundtrip: save → fresh boot → CONTINUE restores everything
[m02] frame=1921 screen=overworld map=RedsHouse2F pos=(3,6) party=0 money=3000 effect=None
[resume-reentry] frame=637 screen=overworld map=RedsHouse2F pos=(3,6) party=1 money=3000 effect=None
   roundtrip restored RedsHouse2F (3,6) party=1 bag=1
   PASS (6.8s)
== s08-start-menu: START menu: party submenu opens; EXIT returns control
[m02] frame=1921 screen=overworld map=RedsHouse2F pos=(3,6) party=0 money=3000 effect=None
   pause menu screen: start-menu
   first-entry screen: party
[s08] frame=2423 screen=overworld map=RedsHouse2F pos=(3,6) party=1 money=3000 effect=None
   PASS (6.3s)
== s09-options: OPTIONS: text speed toggle takes effect and persists
[m02] frame=1921 screen=overworld map=RedsHouse2F pos=(3,6) party=0 money=3000 effect=None
   options screen: options text_speed 3
   text_speed 3 -> 1 (persisted)
[s09] frame=2222 screen=overworld map=RedsHouse2F pos=(3,6) party=1 money=3000 effect=None
   PASS (6.0s)
== s10-npcs: get_npcs: live NPCs report sane fields on the current map
[m02] frame=1921 screen=overworld map=RedsHouse2F pos=(3,6) party=0 money=3000 effect=None
[m03] frame=2275 screen=overworld map=PalletTown pos=(5,5) party=1 money=3000 effect=None
   PalletTown NPCs: [(3, 8), (11, 14)]
[s10] frame=2277 screen=overworld map=PalletTown pos=(5,5) party=1 money=3000 effect=None
   PASS (5.8s)
== s11-forced-switch: fainted leader → live replacement → battle victory
[m02] frame=1921 screen=overworld map=RedsHouse2F pos=(3,6) party=0 money=3000 effect=None
[s11] frame=2534 screen=overworld map=RedsHouse2F pos=(3,6) party=2 money=3000 effect=None
   PASS (7.8s)
SCENARIOS 11/11 PASS
