m01 boot to NEW GAME / Oak speech
m02 Oak speech + default names → bedroom
[m02] frame=1924 screen=overworld map=RedsHouse2F pos=(3,6) party=0 money=0 effect=None
m03 leave home → Pallet Town
[m03] frame=2256 screen=overworld map=PalletTown pos=(5,5) party=0 money=0 effect=None
m04 Oak interception → OaksLab
[m04] frame=4207 screen=overworld map=OaksLab pos=(5,3) party=0 money=0 effect=None
m05 take starter (bulbasaur)
[m05] frame=5327 screen=overworld map=OaksLab pos=(8,4) party=1 money=0 effect=None
m06 first rival battle
[m06] frame=7597 screen=overworld map=OaksLab pos=(5,6) party=1 money=0 effect=None
m07 Route 1 → Viridian Mart parcel
[m07-in-mart] frame=10696 screen=overworld map=ViridianMart pos=(3,5) party=1 money=0 effect=None
[m07-back-outside] frame=10808 screen=overworld map=ViridianCity pos=(29,19) party=1 money=0 effect=None
m08 deliver parcel → POKéDEX
[m08-southlane] frame=11057 screen=overworld map=ViridianCity pos=(20,32) party=1 money=0 effect=None
[m08-back-home] frame=12662 screen=overworld map=PalletTown pos=(12,12) party=1 money=0 effect=None
[m08-delivered] frame=15406 screen=overworld map=OaksLab pos=(5,3) party=1 money=0 effect=None
[m08] oak-after-delivery: POKeMON around the world wait for you, RED!
m09 Viridian Forest → Pewter City
[m09] frame=22783 screen=overworld map=PewterCity pos=(16,29) party=1 money=90 effect=None
m10 train + Boulder Badge (Brock)
[m10-arrived] frame=22788 screen=overworld map=PewterCity pos=(16,29) party=1 money=90 effect=None
   [ntoPINCH] at ViridianForest(6,18)
   [ntoPINCH] at ViridianForest(6,18)
   [ntoPINCH] at ViridianForest(6,18)
   [ntoPINCH] at ViridianForest(6,18)
   [ntoPINCH] at ViridianForest(6,18)
   [ntoPINCH] at ViridianForest(6,18)
   [ntoPINCH] at ViridianForest(6,18)
   [ntoPINCH] at ViridianForest(6,18)
   [ntoPINCH] at ViridianForest(6,18)
   [ntoPINCH] at ViridianForest(6,18)
   [ntoPINCH] at ViridianForest(6,18)
   [ntoPINCH] at ViridianForest(6,18)
   [ntoPINCH] at ViridianForest(6,18)
   [ntoPINCH] at ViridianForest(6,18)
   [ntoPINCH] at ViridianForest(13,8)
   [ntoPINCH] at ViridianForest(13,9)
   [ntoPINCH] at ViridianForest(11,19)
   [ntoPINCH] at ViridianForest(11,19)
   [ntoPINCH] at ViridianForest(11,19)
   [ntoPINCH] at ViridianForest(18,9)
   [ntoPINCH] at ViridianForest(18,9)
   [ntoPINCH] at ViridianForest(18,9)
   [ntoPINCH] at ViridianForest(18,9)
   [ntoPINCH] at ViridianForest(18,9)
   [ntoPINCH] at ViridianForest(18,9)
   [ntoPINCH] at ViridianForest(18,9)
   [ntoPINCH] at ViridianForest(18,9)
   [ntoPINCH] at ViridianForest(18,9)
   [ntoPINCH] at ViridianForest(26,10)
   [ntoPINCH] at Route2(7,48)
   [ntoPINCH] at Route2(7,48)
   [ntoPINCH] at Route2(7,48)
   [ntoPINCH] at Route2(7,48)
   [ntoPINCH] at Route2(7,48)
   [ntoPINCH] at Route2(7,48)
   [ntoPINCH] at Route2(7,48)
   [ntoPINCH] at Route2(7,48)
   [ntoPINCH] at Route2(8,51)
   [ntoPINCH] at Route2(8,51)
   [ntoPINCH] at Route2(8,51)
   [ntoPINCH] at Route2(8,51)
   [ntoPINCH] at Route2(8,51)
   [ntoPINCH] at Route2(8,51)
   [ntoPINCH] at Route2(8,51)
[train] grass spot Route1 (12,7), target L13
[train] cyc=0 battles=0 L6 hp=21/21 (0s)
[train] hp 16/28 -> heal
   [ntoPINCH] at Route1(14,6)
[train] hp 11/28 -> heal
   [ntoPINCH] at Route1(12,7)
   [ntoPINCH] at Route1(12,7)
   [ntoPINCH] at Route1(12,7)
   [ntoPINCH] at Route1(12,7)
   [ntoPINCH] at Route1(12,7)
[train] cyc=50 battles=14 L9 hp=25/28 (49s)
[train] hp 16/30 -> heal
[train] cyc=75 battles=24 L11 hp=23/32 (77s)
[train] hp 18/32 -> heal
[train] cyc=100 battles=33 L12 hp=28/34 (101s)
[train] hp 20/34 -> heal
   [ntoPINCH] at Route1(12,8)
   [ntoPINCH] at Route1(12,8)
   [ntoPINCH] at Route1(12,8)
   [ntoPINCH] at Route1(12,8)
   [ntoPINCH] at Route1(12,8)
[train] cyc=125 battles=40 L12 hp=34/34 (123s)
[train] level 13 reached (135s, 45 battles)
[m10-trained] frame=77145 screen=overworld map=Route1 pos=(12,7) party=1 money=90 effect=None
   [ntoPINCH] at ViridianCity(18,6)
[m10] frame=87049 screen=overworld map=PewterGym pos=(4,2) party=1 money=1696 effect=None
CHAIN PASSED
