warning: function `emit_flex_container` is never used
    --> crates/pokered-data/build.rs:2626:4
     |
2626 | fn emit_flex_container(out: &mut String, flex: &serde_json::Value) {
     |    ^^^^^^^^^^^^^^^^^^^
     |
     = note: `#[warn(dead_code)]` (part of `#[warn(unused)]`) on by default

warning: function `emit_list_params` is never used
    --> crates/pokered-data/build.rs:2878:4
     |
2878 | fn emit_list_params(out: &mut String, list: &serde_json::Value) {
     |    ^^^^^^^^^^^^^^^^

warning: `pokered-data` (build script) generated 2 warnings
   Compiling pokered-data v0.1.0 (/workspace/open-pokered/crates/pokered-data)
warning: unused imports: `Display`, `EnumCount`, `EnumIter`, and `EnumString`
 --> crates/pokered-data/src/items.rs:4:20
  |
4 | use strum_macros::{Display, EnumCount, EnumIter, EnumString};
  |                    ^^^^^^^  ^^^^^^^^^  ^^^^^^^^  ^^^^^^^^^^
  |
  = note: `#[warn(unused_imports)]` (part of `#[warn(unused)]`) on by default

warning: unused doc comment
   --> crates/pokered-data/src/trainer_data.rs:200:1
    |
200 | / /// ROM-resident trainer tables (generated by build.rs from trainers/*.json):
201 | | /// `TRAINER_CLASS_ORDER` lists the classes in `TrainerClass` numeric order
202 | | /// (Nobody excluded) and `trainer_parties(class)` returns that class's
203 | | /// parties as static slices — zero heap involvement.
    | |_----------------------------------------------------^
    |   |
    |   rustdoc does not generate documentation for macro invocations
    |
    = help: to document an item produced by a macro, the macro must produce the documentation as part of its expansion
    = note: `#[warn(unused_doc_comments)]` (part of `#[warn(unused)]`) on by default

warning: unused import: `PaletteTrait`
   --> crates/pokered-data/src/impl_traits.rs:265:48
    |
265 | use dotzuki_engine::palette::{PaletteProvider, PaletteTrait, SgbPaletteEntry};
    |                                                ^^^^^^^^^^^^

warning: unreachable pattern
  --> crates/pokered-data/src/lang_data.rs:90:9
   |
90 |         _ => "???", // species added through the editor (no localized name yet)
   |         ^ no value can reach this
   |
note: multiple earlier patterns match some of the same values
  --> crates/pokered-data/src/lang_data.rs:90:9
   |
38 |         Species::None=>"---",
   |         ------------- matches some of the same values
39 |         Species::Bulbasaur=>"BULBASAUR",Species::Ivysaur=>"IVYSAUR",Species::Venusaur=>"VENUSAUR",
   |         ------------------              ----------------            ----------------- matches some of the same values
   |         |                               |
   |         |                               matches some of the same values
   |         matches some of the same values
...
90 |         _ => "???", // species added through the editor (no localized name yet)
   |         ^ ...and 148 other patterns collectively make this unreachable
   = note: `#[warn(unreachable_patterns)]` (part of `#[warn(unused)]`) on by default

warning: unreachable pattern
   --> crates/pokered-data/src/lang_data.rs:234:13
    |
234 |             _ => "---",
    |             ^ no value can reach this
    |
note: multiple earlier patterns match some of the same values
   --> crates/pokered-data/src/lang_data.rs:234:13
    |
179 |             MoveId::None=>"---",MoveId::Pound=>"POUND",MoveId::KarateChop=>"KARATE CHOP",
    |             ------------        -------------          ------------------ matches some of the same values
    |             |                   |
    |             |                   matches some of the same values
    |             matches some of the same values
180 |             MoveId::Doubleslap=>"DOUBLESLAP",MoveId::CometPunch=>"COMET PUNCH",MoveId::MegaPunch=>"MEGA PUNCH",
    |             ------------------ matches some of the same values
...
234 |             _ => "---",
    |             ^ ...and 162 other patterns collectively make this unreachable

warning: unreachable pattern
   --> crates/pokered-data/src/lang_data.rs:369:9
    |
346 |         "BADGES" => "徽章",
    |         -------- matches all the relevant values
...
369 |         "BADGES" => "徽章",
    |         ^^^^^^^^ no value can reach this

warning: unreachable pattern
   --> crates/pokered-data/src/lang_data.rs:389:9
    |
362 |         "EXIT" => "退出",
    |         ------ matches all the relevant values
...
389 |         "EXIT" => "退出",
    |         ^^^^^^ no value can reach this

warning: function `default_true` is never used
   --> crates/pokered-data/src/ui_layout/schema.rs:112:4
    |
112 | fn default_true() -> bool { true }
    |    ^^^^^^^^^^^^
    |
    = note: `#[warn(dead_code)]` (part of `#[warn(unused)]`) on by default

warning: function `default_gap` is never used
   --> crates/pokered-data/src/ui_layout/schema.rs:113:4
    |
113 | fn default_gap() -> u32 { 1 }
    |    ^^^^^^^^^^^

warning: function `default_item_name_width` is never used
   --> crates/pokered-data/src/ui_layout/schema.rs:114:4
    |
114 | fn default_item_name_width() -> u32 { 14 }
    |    ^^^^^^^^^^^^^^^^^^^^^^^

warning: function `default_qty_width` is never used
   --> crates/pokered-data/src/ui_layout/schema.rs:115:4
    |
115 | fn default_qty_width() -> u32 { 2 }
    |    ^^^^^^^^^^^^^^^^^

warning: function `one` is never used
   --> crates/pokered-data/src/ui_layout/schema.rs:224:4
    |
224 | fn one() -> u32 { 1 }
    |    ^^^

   Compiling pokered-core v0.1.0 (/workspace/open-pokered/crates/pokered-core)
warning: `pokered-data` (lib) generated 12 warnings (run `cargo fix --lib -p pokered-data` to apply 1 suggestion)
warning: unused import: `crate::alloc_prelude::*`
 --> crates/pokered-core/src/battle/effects/damage_effects.rs:6:5
  |
6 | use crate::alloc_prelude::*;
  |     ^^^^^^^^^^^^^^^^^^^^^^^
  |
  = note: `#[warn(unused_imports)]` (part of `#[warn(unused)]`) on by default

warning: unused import: `crate::alloc_prelude::*`
 --> crates/pokered-core/src/battle/effects/field_effects.rs:8:5
  |
8 | use crate::alloc_prelude::*;
  |     ^^^^^^^^^^^^^^^^^^^^^^^

warning: unused import: `crate::alloc_prelude::*`
  --> crates/pokered-core/src/battle/effects/multi_hit_effects.rs:14:5
   |
14 | use crate::alloc_prelude::*;
   |     ^^^^^^^^^^^^^^^^^^^^^^^

warning: unused import: `crate::alloc_prelude::*`
 --> crates/pokered-core/src/battle/effects/multi_turn_effects.rs:7:5
  |
7 | use crate::alloc_prelude::*;
  |     ^^^^^^^^^^^^^^^^^^^^^^^

warning: unused import: `crate::alloc_prelude::*`
 --> crates/pokered-core/src/battle/effects/special_effects.rs:7:5
  |
7 | use crate::alloc_prelude::*;
  |     ^^^^^^^^^^^^^^^^^^^^^^^

warning: unused import: `crate::alloc_prelude::*`
 --> crates/pokered-core/src/battle/effects/stat_effects.rs:6:5
  |
6 | use crate::alloc_prelude::*;
  |     ^^^^^^^^^^^^^^^^^^^^^^^

warning: unused import: `crate::alloc_prelude::*`
 --> crates/pokered-core/src/battle/effects/status_effects.rs:8:5
  |
8 | use crate::alloc_prelude::*;
  |     ^^^^^^^^^^^^^^^^^^^^^^^

warning: unused import: `crate::alloc_prelude::*`
  --> crates/pokered-core/src/battle/special_moves.rs:15:5
   |
15 | use crate::alloc_prelude::*;
   |     ^^^^^^^^^^^^^^^^^^^^^^^

warning: unused import: `crate::alloc_prelude::*`
 --> crates/pokered-core/src/battle/turn_order.rs:1:5
  |
1 | use crate::alloc_prelude::*;
  |     ^^^^^^^^^^^^^^^^^^^^^^^

warning: unused import: `CaptureRandoms`
    --> crates/pokered-core/src/battle/mod.rs:3127:38
     |
3127 |         use crate::battle::capture::{CaptureRandoms, CaptureResult};
     |                                      ^^^^^^^^^^^^^^

warning: unused import: `crate::alloc_prelude::*`
    --> crates/pokered-core/src/battle/mod.rs:7288:9
     |
7288 |     use crate::alloc_prelude::*;
     |         ^^^^^^^^^^^^^^^^^^^^^^^
     |
help: if this is a test module, consider adding a `#[cfg(test)]` to the containing module
    --> crates/pokered-core/src/battle/mod.rs:7287:5
     |
7287 |     mod pp_lifecycle_tests {
     |     ^^^^^^^^^^^^^^^^^^^^^^

warning: unused import: `crate::battle::state::status1`
    --> crates/pokered-core/src/battle/mod.rs:7290:13
     |
7290 |         use crate::battle::state::status1;
     |             ^^^^^^^^^^^^^^^^^^^^^^^^^^^^^
     |
help: if this is a test module, consider adding a `#[cfg(test)]` to the containing module
    --> crates/pokered-core/src/battle/mod.rs:7287:5
     |
7287 |     mod pp_lifecycle_tests {
     |     ^^^^^^^^^^^^^^^^^^^^^^

warning: unused import: `crate::alloc_prelude::*`
  --> crates/pokered-core/src/link/rng.rs:67:5
   |
67 | use crate::alloc_prelude::*;
   |     ^^^^^^^^^^^^^^^^^^^^^^^

warning: unused import: `crate::alloc_prelude::*`
 --> crates/pokered-core/src/overworld/collision.rs:1:5
  |
1 | use crate::alloc_prelude::*;
  |     ^^^^^^^^^^^^^^^^^^^^^^^

warning: unused import: `pokered_data::tilesets::TilesetId`
  --> crates/pokered-core/src/overworld/doors_elevators.rs:11:5
   |
11 | use pokered_data::tilesets::TilesetId;
   |     ^^^^^^^^^^^^^^^^^^^^^^^^^^^^^^^^^

warning: unused import: `pokered_data::tilesets::TilesetId`
 --> crates/pokered-core/src/overworld/player_movement.rs:9:5
  |
9 | use pokered_data::tilesets::TilesetId;
  |     ^^^^^^^^^^^^^^^^^^^^^^^^^^^^^^^^^

warning: unused import: `pokered_data::tilesets::TilesetId`
 --> crates/pokered-core/src/overworld/special_terrain.rs:7:5
  |
7 | use pokered_data::tilesets::TilesetId;
  |     ^^^^^^^^^^^^^^^^^^^^^^^^^^^^^^^^^

warning: unnecessary parentheses around pattern
    --> crates/pokered-core/src/overworld/screen.rs:1686:21
     |
1686 |                 for (y) in [cy - r, cy + r] {
     |                     ^ ^
     |
     = note: `#[warn(unused_parens)]` (part of `#[warn(unused)]`) on by default
help: remove these parentheses
     |
1686 -                 for (y) in [cy - r, cy + r] {
1686 +                 for y in [cy - r, cy + r] {
     |

warning: unused import: `max_exp`
  --> crates/pokered-core/src/pokemon/engine_adapter.rs:42:56
   |
42 | use crate::battle::experience::growth::{exp_for_level, max_exp};
   |                                                        ^^^^^^^

warning: unused import: `crate::battle::experience::level_up::process_level_up`
  --> crates/pokered-core/src/pokemon/engine_adapter.rs:43:5
   |
43 | use crate::battle::experience::level_up::process_level_up;
   |     ^^^^^^^^^^^^^^^^^^^^^^^^^^^^^^^^^^^^^^^^^^^^^^^^^^^^^

warning: unused import: `pokered_data::items::ItemId`
  --> crates/pokered-core/src/snapshot.rs:61:5
   |
61 | use pokered_data::items::ItemId;
   |     ^^^^^^^^^^^^^^^^^^^^^^^^^^^

warning: unused variable: `randoms`
   --> crates/pokered-core/src/battle/capture.rs:113:9
    |
113 |     let randoms = CaptureRandoms { rand1, rand2 };
    |         ^^^^^^^ help: if this is intentional, prefix it with an underscore: `_randoms`
    |
    = note: `#[warn(unused_variables)]` (part of `#[warn(unused)]`) on by default

warning: variable does not need to be mutable
    --> crates/pokered-core/src/battle/mod.rs:2664:17
     |
2664 |                 mut wait_frames,
     |                 ----^^^^^^^^^^^
     |                 |
     |                 help: remove this `mut`
     |
     = note: `#[warn(unused_mut)]` (part of `#[warn(unused)]`) on by default

warning: unused variable: `pokemon_index`
    --> crates/pokered-core/src/battle/mod.rs:2342:39
     |
2342 |             BattlePhase::PartyStats { pokemon_index } => {
     |                                       ^^^^^^^^^^^^^ help: try ignoring the field: `pokemon_index: _`

warning: unused variable: `tileset`
   --> crates/pokered-core/src/overworld/collision.rs:166:9
    |
166 |         tileset: TilesetId,
    |         ^^^^^^^ help: if this is intentional, prefix it with an underscore: `_tileset`

warning: unused variable: `tileset`
   --> crates/pokered-core/src/overworld/collision.rs:214:9
    |
214 |         tileset: TilesetId,
    |         ^^^^^^^ help: if this is intentional, prefix it with an underscore: `_tileset`

warning: value assigned to `repel_wore_off` is never read
    --> crates/pokered-core/src/overworld/update.rs:2059:21
     |
2059 |                     repel_wore_off = true;
     |                     ^^^^^^^^^^^^^^^^^^^^^
     |
     = help: maybe it is overwritten before being read?
     = note: `#[warn(unused_assignments)]` (part of `#[warn(unused)]`) on by default

warning: irrefutable `if let` pattern
    --> crates/pokered-core/src/overworld/update.rs:3445:16
     |
3445 |               if let super::native_script::OverworldScriptEngine::Native(engine) =
     |  ________________^
3446 | |                 &mut self.script_engine
     | |_______________________________________^
     |
     = note: this pattern will always match, so the `if let` is useless
     = help: consider replacing the `if let` with a `let`
     = note: `#[warn(irrefutable_let_patterns)]` on by default

warning: irrefutable `if let` pattern
    --> crates/pokered-core/src/overworld/update.rs:3472:20
     |
3472 |                   if let super::native_script::OverworldScriptEngine::Native(engine) =
     |  ____________________^
3473 | |                     &self.script_engine
     | |_______________________________________^
     |
     = note: this pattern will always match, so the `if let` is useless
     = help: consider replacing the `if let` with a `let`

warning: irrefutable `if let` pattern
    --> crates/pokered-core/src/overworld/update.rs:3504:20
     |
3504 |                   if let super::native_script::OverworldScriptEngine::Native(engine) =
     |  ____________________^
3505 | |                     &mut self.script_engine
     | |___________________________________________^
     |
     = note: this pattern will always match, so the `if let` is useless
     = help: consider replacing the `if let` with a `let`

warning: unused variable: `probe`
   --> crates/pokered-core/src/save/sram_import.rs:469:29
    |
469 | fn blank_offset_after_water(probe: &[u8]) -> usize {
    |                             ^^^^^ help: if this is intentional, prefix it with an underscore: `_probe`

warning: type `screen::PendingConnection` is more private than the item `OverworldSnapshot::pending_connection`
   --> crates/pokered-core/src/snapshot.rs:90:5
    |
 90 |     pub pending_connection: Option<PendingConnection>,
    |     ^^^^^^^^^^^^^^^^^^^^^^^^^^^^^^^^^^^^^^^^^^^^^^^^^ field `OverworldSnapshot::pending_connection` is reachable at visibility `pub`
    |
note: but type `screen::PendingConnection` is only usable at visibility `pub(crate)`
   --> crates/pokered-core/src/overworld/screen.rs:313:1
    |
313 | pub(crate) struct PendingConnection {
    | ^^^^^^^^^^^^^^^^^^^^^^^^^^^^^^^^^^^
    = note: `#[warn(private_interfaces)]` on by default

warning: type `screen::PendingCut` is more private than the item `OverworldSnapshot::pending_cut`
   --> crates/pokered-core/src/snapshot.rs:103:5
    |
103 |     pub pending_cut: Option<PendingCut>,
    |     ^^^^^^^^^^^^^^^^^^^^^^^^^^^^^^^^^^^ field `OverworldSnapshot::pending_cut` is reachable at visibility `pub`
    |
note: but type `screen::PendingCut` is only usable at visibility `pub(crate)`
   --> crates/pokered-core/src/overworld/screen.rs:627:1
    |
627 | pub(crate) struct PendingCut {
    | ^^^^^^^^^^^^^^^^^^^^^^^^^^^^

warning: type `PendingFishing` is more private than the item `OverworldSnapshot::pending_fishing`
   --> crates/pokered-core/src/snapshot.rs:173:5
    |
173 |     pub pending_fishing: Option<PendingFishing>,
    |     ^^^^^^^^^^^^^^^^^^^^^^^^^^^^^^^^^^^^^^^^^^^ field `OverworldSnapshot::pending_fishing` is reachable at visibility `pub`
    |
note: but type `PendingFishing` is only usable at visibility `pub(crate)`
   --> crates/pokered-core/src/overworld/fishing.rs:161:1
    |
161 | pub(crate) struct PendingFishing {
    | ^^^^^^^^^^^^^^^^^^^^^^^^^^^^^^^^

warning: function `format_cannot_move` is never used
   --> crates/pokered-core/src/battle/mod.rs:744:4
    |
744 | fn format_cannot_move(reason: &CannotMoveReason) -> &'static str {
    |    ^^^^^^^^^^^^^^^^^^
    |
    = note: `#[warn(dead_code)]` (part of `#[warn(unused)]`) on by default

warning: associated functions `generate_move_randoms` and `format_move_outcome` are never used
    --> crates/pokered-core/src/battle/mod.rs:1618:8
     |
1269 | impl BattleScreen {
     | ----------------- associated functions in this implementation
...
1618 |     fn generate_move_randoms() -> MoveRandoms {
     |        ^^^^^^^^^^^^^^^^^^^^^
...
1790 |     fn format_move_outcome(
     |        ^^^^^^^^^^^^^^^^^^^

warning: function `mk` is never used
    --> crates/pokered-core/src/battle/mod.rs:7294:12
     |
7294 |         fn mk(sp: Species, lvl: u8, moves: [MoveId; 4]) -> crate::battle::state::Pokemon {
     |            ^^

warning: method `text_pages` is never used
   --> crates/pokered-core/src/oak_speech.rs:314:8
    |
313 | impl OakSpeechPhase {
    | ------------------- method in this implementation
314 |     fn text_pages(&self) -> Option<&'static [TextPage]> {
    |        ^^^^^^^^^^

warning: fields `scene_script_provider` and `scripts_dir` are never read
   --> crates/pokered-core/src/overworld/screen.rs:732:16
    |
638 | pub struct OverworldScreen<G: GameData = pokered_data::impl_traits::PokemonRedData> {
    |            --------------- fields in this struct
...
732 |     pub(crate) scene_script_provider: pokered_data::scene_loader::SceneScriptProvider,
    |                ^^^^^^^^^^^^^^^^^^^^^
...
740 |     pub(crate) scripts_dir: Option<std::path::PathBuf>,
    |                ^^^^^^^^^^^

warning: methods `map_scene_ast` and `repel_wore_off` are never used
    --> crates/pokered-core/src/overworld/screen.rs:1335:19
     |
 967 | impl<G: GameData<Tileset = TilesetId>> OverworldScreen<G> {
     | --------------------------------------------------------- methods in this implementation
...
1335 |     pub(crate) fn map_scene_ast(&self, map_key: &str) -> Option<dotzuki_engine_dsl::ast::GameScene> {
     |                   ^^^^^^^^^^^^^
...
2027 |     pub(crate) fn repel_wore_off(&self, repel_before: u16) -> bool {
     |                   ^^^^^^^^^^^^^^

warning: `pokered-core` (lib) generated 40 warnings (run `cargo fix --lib -p pokered-core` to apply 27 suggestions)
    Finished `test` profile [unoptimized] target(s) in 6.13s
     Running tests/audit_systems_probe.rs (target/debug/deps/audit_systems_probe-7ddb56217e823e30)

running 8 tests
full bag: result=BagFull, Potion95→99, money10000→10000
daycare deposited OT=1234, OT name length=0
main len=1841, daycare struct tail=23, canonical region=3891
daycare returned stat_exp=[0, 0, 0, 0, 0], OT=0, traded=false, PP Ups=[0, 0, 0, 0]
test full_bag_buy_is_not_atomic ... ok
test daycare_tail_is_23_not_33_bytes ... ok
daycare Lv25→30 moves=[Thundershock, Growl, ThunderWave, QuickAttack], Swift absent=true
replacement move Thunderbolt, PP=15, PP Ups=3
test daycare_loses_effort_ot_and_ppups_without_save_reload ... ok
box trick: old attack=69, actual=69, recomputed=101
test daycare_full_moves_silently_skip_grown_level_moves ... ok
test learned_move_inherits_old_slot_ppups ... ok
test pc_withdraw_does_not_recalculate_effort_stats ... ok
sell Nugget at cap: result=Success { total_value: 5000 }, money=1004999
Pikachu exports species=19; original 54 imports as Doduo
test mart_money_not_capped ... ok
test sram_species_is_dex_id_instead_of_original_internal_id ... ok

test result: ok. 8 passed; 0 failed; 0 ignored; 0 measured; 0 filtered out; finished in 0.00s
