intro-title-v1/update_avg_ticks: 142 -> 115 ticks (-19.0%, limit 167.0)
intro-title-v1/draw_per_frame_ticks: 3823 -> 1236 ticks (-67.7%, limit 4396.4)
intro-title-v1/draw_max_ticks: 14926 -> 9905 ticks (-33.6%, limit 17164.9)
intro-title-v1/present_per_frame_ticks: 376 -> 353 ticks (-6.1%, limit 432.4)
intro-title-v1/present_max_ticks: 782 -> 782 ticks (+0.0%, limit 899.3)
oak-dialogue-v1/update_avg_ticks: 167 -> 184 ticks (+10.2%, limit 192.1)
oak-dialogue-v1/draw_per_frame_ticks: 2613 -> 2975 ticks (+13.9%, limit 3004.9)
oak-dialogue-v1/draw_max_ticks: 9336 -> 9087 ticks (-2.7%, limit 10736.4)
oak-dialogue-v1/present_per_frame_ticks: 347 -> 392 ticks (+13.0%, limit 399.1)
oak-dialogue-v1/present_max_ticks: 781 -> 782 ticks (+0.1%, limit 898.1)
overworld-idle-v1/update_avg_ticks: 333 -> 334 ticks (+0.3%, limit 382.9)
overworld-movement-v1/update_avg_ticks: 343 -> 339 ticks (-1.2%, limit 394.4)
overworld-movement-v1/draw_per_frame_ticks: 252 -> 201 ticks (-20.2%, limit 289.8)
overworld-movement-v1/draw_max_ticks: 2707 -> 3065 ticks (+13.2%, limit 3113.1)
overworld-movement-v1/present_per_frame_ticks: 77 -> 63 ticks (-18.2%, limit 102.0)
overworld-movement-v1/present_max_ticks: 767 -> 770 ticks (+0.4%, limit 882.0)
battle-entry-v1/update_avg_ticks: 192 -> 201 ticks (+4.7%, limit 220.8)
battle-entry-v1/draw_per_frame_ticks: 2761 -> 2719 ticks (-1.5%, limit 3175.2)
battle-entry-v1/draw_max_ticks: 8898 -> 8932 ticks (+0.4%, limit 10232.7)
battle-entry-v1/present_per_frame_ticks: 567 -> 568 ticks (+0.2%, limit 652.0)
battle-entry-v1/present_max_ticks: 782 -> 782 ticks (+0.0%, limit 899.3)
trainer-battle-entry-v1/update_avg_ticks: 202 -> 217 ticks (+7.4%, limit 232.3)
trainer-battle-entry-v1/draw_per_frame_ticks: 2454 -> 2455 ticks (+0.0%, limit 2822.1)
trainer-battle-entry-v1/draw_max_ticks: 10197 -> 10234 ticks (+0.4%, limit 11726.5)
trainer-battle-entry-v1/present_per_frame_ticks: 343 -> 344 ticks (+0.3%, limit 394.4)
trainer-battle-entry-v1/present_max_ticks: 781 -> 782 ticks (+0.1%, limit 898.1)
pokedex-entry-v1/update_avg_ticks: 93 -> 101 ticks (+8.6%, limit 118.0)
pokedex-entry-v1/draw_per_frame_ticks: 44 -> 41 ticks (-6.8%, limit 69.0)
pokedex-entry-v1/draw_max_ticks: 17856 -> 16421 ticks (-8.0%, limit 20534.4)
pokedex-entry-v1/present_per_frame_ticks: 1 -> 1 ticks (+0.0%, limit 26.0)
pokedex-entry-v1/present_max_ticks: 767 -> 767 ticks (+0.0%, limit 882.0)
GBA performance is within the configured regression budget.
