== m01: boot to NEW GAME / Oak speech
   done (0.0s wall)
== m02: Oak speech + default names → bedroom
[m02] frame=1819 screen=overworld map=RedsHouse2F pos=(3,6) party=0 money=3000 effect=None
   done (0.0s wall)
== m03: leave home → Pallet Town
[m03] frame=2281 screen=overworld map=PalletTown pos=(5,6) party=0 money=3000 effect=None
   done (0.0s wall)
== m04: Oak interception → OaksLab
[m04] frame=4218 screen=overworld map=OaksLab pos=(5,3) party=0 money=3000 effect=None
   done (0.0s wall)
== m05: take starter (bulbasaur)
[m05] frame=5069 screen=overworld map=OaksLab pos=(8,4) party=1 money=3000 effect=None
   done (0.0s wall)
== m06: first rival battle
[m06] frame=8659 screen=overworld map=OaksLab pos=(5,6) party=1 money=3175 effect=None
   done (0.0s wall)
== m07: Route 1 → Viridian Mart parcel
[m07-in-mart] frame=12944 screen=overworld map=ViridianMart pos=(3,5) party=1 money=3175 effect=None
[m07-back-outside] frame=13096 screen=overworld map=ViridianCity pos=(29,20) party=1 money=3175 effect=None
   done (0.1s wall)
== m08: deliver parcel → POKéDEX
[m08-southlane] frame=13516 screen=overworld map=ViridianCity pos=(20,32) party=1 money=3175 effect=None
[m08-back-home] frame=15413 screen=overworld map=PalletTown pos=(12,12) party=1 money=3175 effect=None
[m08-delivered] frame=18017 screen=overworld map=OaksLab pos=(5,3) party=1 money=3175 effect=None
[m08] oak-after-delivery: POKeMON around the world wait for you, RED!
   done (0.1s wall)
== m09: Viridian Forest → Pewter City
[m09] frame=30247 screen=overworld map=PewterCity pos=(16,29) party=1 money=3265 effect=None
   done (0.4s wall)
== m10: train + Boulder Badge (Brock)
[m10-arrived] frame=30247 screen=overworld map=PewterCity pos=(16,29) party=1 money=3265 effect=None
   [ntoPINCH] at Route2(8,52)
[train] grass spot Route1 (12,7), target L13
[train] cyc=0 battles=0 L7 hp=25/25 (0s)
[train] hp 13/27 -> heal
[train] hp 13/29 -> heal
[train] cyc=25 battles=5 L9 hp=29/29 (0s)
[train] hp 15/29 -> heal
[train] cyc=50 battles=12 L10 hp=18/31 (0s)
[train] hp 18/31 -> heal
[train] hp 17/31 -> heal
[train] hp 18/34 -> heal
[train] cyc=100 battles=25 L11 hp=28/34 (1s)
[train] hp 21/36 -> heal
   [ntoPINCH] at Route1(12,2)
[train] hp 21/36 -> heal
[train] cyc=125 battles=34 L12 hp=36/36 (1s)
[train] hp 20/36 -> heal
[train] cyc=150 battles=41 L12 hp=36/36 (1s)
[train] level 13 reached (1s, 42 battles)
[m10-trained] frame=111177 screen=overworld map=Route1 pos=(12,9) party=1 money=3265 effect=None
   [ntoPINCH] at PewterGym(4,2)
[m10] frame=125475 screen=overworld map=PewterGym pos=(4,2) party=1 money=4871 effect=None
   done (1.6s wall)
== m11: Route 3 trainers → Mt Moon entrance
[m11] frame=150514 screen=overworld map=Route4 pos=(11,6) party=1 money=2978 effect=None
   done (1.2s wall)
== m12: Mt Moon fossil → Cerulean City
   [ntoPINCH] at MtMoon1F(20,10)
[m12] blackout 1: healed at Mt Moon, retrying
   [ntoPINCH] at MtMoonB2F(27,15)
   [ntoPINCH] at MtMoonB2F(28,13)
   [ntoPINCH] at MtMoonB2F(28,14)
   [ntoPINCH] at MtMoonB2F(28,14)
   [ntoPINCH] at MtMoonB2F(28,14)
   [ntoPINCH] at MtMoonB2F(26,18)
   [ntoPINCH] at MtMoonB2F(11,20)
   [ntoPINCH] at MtMoonB2F(11,16)
   [ntoPINCH] at MtMoonB2F(11,16)
[m12] blackout 2: healed at Mt Moon, retrying
[m12] frame=193338 screen=overworld map=CeruleanCity pos=(19,18) party=1 money=1559 effect=None
   done (1.1s wall)
== m13: Cascade Badge (Misty)
[m13] frame=200297 screen=overworld map=CeruleanGym pos=(5,2) party=1 money=4098 effect=None
   done (0.2s wall)
== m14: Nugget Bridge → Bill → S.S. Ticket
[m14] frame=246916 screen=overworld map=BillsHouse pos=(4,5) party=1 money=5942 effect=None
   done (2.0s wall)
== m15: Cerulean thief → Underground Path → Vermilion
[m15] frame=297205 screen=overworld map=VermilionCity pos=(11,4) party=1 money=798 effect=None
   done (4.3s wall)
== m16: S.S. Anne rival + captain → HM01
   [ntoPINCH] at VermilionCity(17,6)
   [ntoPINCH] at VermilionCity(18,6)
   [ntoPINCH] at VermilionCity(30,12)
   [ntoPINCH] at VermilionCity(30,12)
   [ntoPINCH] at VermilionCity(26,12)
   [ntoPINCH] at VermilionCity(26,12)
   [ntoPINCH] at VermilionCity(26,12)
   [ntoPINCH] at VermilionCity(26,12)
   [ntoPINCH] at VermilionCity(26,12)
   [ntoPINCH] at VermilionCity(26,12)
   [ntoPINCH] at VermilionCity(19,26)
   [ntoPINCH] at SSAnne1F(12,6)
   [ntoPINCH] at SSAnne1F(11,6)
   [ntoPINCH] at SSAnne1F(11,6)
[m16] rival blackout 1: boarding again
[train] grass spot Route6 (10,23), target L30
[train] cyc=0 battles=0 L29 hp=85/85 (0s)
[train] cyc=25 battles=1 L29 hp=84/85 (0s)
[train] cyc=50 battles=3 L29 hp=83/85 (0s)
[train] cyc=75 battles=6 L29 hp=62/85 (0s)
[train] cyc=100 battles=9 L29 hp=56/85 (0s)
[train] cyc=125 battles=11 L29 hp=51/85 (1s)
[train] level 30 reached (1s, 12 battles)
   [ntoPINCH] at SSAnne1F(8,7)
[m16] frame=347881 screen=overworld map=SSAnneCaptainsRoom pos=(4,3) party=1 money=1699 effect=None
   done (0.8s wall)
== m17: CUT + trash switches → Thunder Badge
[m17] both switches found on search 1
[m17] frame=370057 screen=overworld map=VermilionGym pos=(5,2) party=1 money=6815 effect=None
   done (0.2s wall)
== m18: Route 9 CUT → Rock Tunnel entrance
[m18] frame=395537 screen=overworld map=Route10 pos=(11,20) party=1 money=7835 effect=None
   done (0.5s wall)
== m19: Rock Tunnel → Lavender Town
   [ntoPINCH] at RockTunnelB1F(16,24)
[m19] blackout 1: retrying Rock Tunnel
   [ntoPINCH] at RockTunnel1F(37,3)
   [ntoPINCH] at RockTunnelB1F(21,16)
[m19] frame=442248 screen=overworld map=LavenderTown pos=(3,6) party=1 money=9968 effect=None
   done (0.6s wall)
== m20: Lavender → Underground Path → Celadon
[m20] frame=448599 screen=overworld map=CeladonCity pos=(41,10) party=1 money=10298 effect=None
   done (0.1s wall)
== m21: Rainbow Badge (Erika)
   [ntoPINCH] at CeladonCity(40,13)
   [ntoPINCH] at CeladonCity(26,23)
   [ntoPINCH] at CeladonCity(26,23)
[m21] frame=464450 screen=overworld map=CeladonGym pos=(4,4) party=1 money=14354 effect=None
   done (0.2s wall)
== m22: Game Corner poster → Rocket Hideout Lift Key
[m22] frame=475801 screen=overworld map=RocketHideoutB4F pos=(10,3) party=1 money=15584 effect=None
   done (0.1s wall)
== m23: Rocket elevator + Giovanni → Silph Scope
   [ntoPINCH] at RocketHideoutB4F(25,15)
   [ntoPINCH] at RocketHideoutB4F(25,15)
   [ntoPINCH] at RocketHideoutB4F(25,15)
   [ntoPINCH] at RocketHideoutB4F(25,15)
[m23] frame=486798 screen=overworld map=RocketHideoutB4F pos=(24,2) party=1 money=19835 effect=None
   done (0.1s wall)
== m24: Pokemon Tower → purified healing zone
   [ntoPINCH] at RocketHideoutB1F(25,19)
   [ntoPINCH] at RocketHideoutB1F(25,19)
   [ntoPINCH] at RocketHideoutB1F(25,19)
   [ntoPINCH] at RocketHideoutB1F(25,14)
   [ntoPINCH] at PokemonTower3F(16,13)
   [ntoPINCH] at PokemonTower3F(16,13)
   [ntoPINCH] at PokemonTower4F(11,8)
   [ntoPINCH] at PokemonTower5F(11,9)
[m24] frame=512675 screen=overworld map=PokemonTower5F pos=(10,8) party=1 money=24385 effect=None
   done (0.3s wall)
== m25: Marowak + Fuji rescue → Poke Flute
[m25] frame=528723 screen=overworld map=MrFujisHouse pos=(2,1) party=1 money=28045 effect=None
   done (0.2s wall)
== m26: Poke Flute + Route 12 Snorlax → Fuchsia
[m26] frame=565861 screen=overworld map=FuchsiaCity pos=(19,28) party=1 money=36795 effect=None
   done (2.8s wall)
== m27: Invisible wall maze → Soul Badge
   [ntoPINCH] at FuchsiaGym(9,1)
   [ntoPINCH] at FuchsiaGym(1,10)
   [ntoPINCH] at FuchsiaGym(1,10)
[m27] frame=579932 screen=overworld map=FuchsiaGym pos=(3,10) party=1 money=44657 effect=None
   done (0.2s wall)
== m28: Safari Zone fee + Gold Teeth + HM03
   [ntoPINCH] at SafariZoneEast(21,22)
   [ntoPINCH] at SafariZoneEast(17,22)
   [ntoPINCH] at SafariZoneNorth(15,5)
   [ntoPINCH] at SafariZoneNorth(15,5)
   [ntoPINCH] at SafariZoneNorth(15,5)
   [ntoPINCH] at SafariZoneNorth(15,5)
   [ntoPINCH] at SafariZoneNorth(15,5)
   [ntoPINCH] at SafariZoneNorth(15,5)
   [ntoPINCH] at SafariZoneNorth(12,5)
   [ntoPINCH] at SafariZoneNorth(12,5)
   [ntoPINCH] at SafariZoneNorth(12,5)
   [ntoPINCH] at SafariZoneNorth(12,5)
   [ntoPINCH] at SafariZoneNorth(12,5)
   [ntoPINCH] at SafariZoneNorth(12,9)
   [ntoPINCH] at SafariZoneNorth(11,14)
   [ntoPINCH] at SafariZoneNorth(11,14)
   [ntoPINCH] at SafariZoneNorth(11,14)
   [ntoPINCH] at SafariZoneNorth(15,14)
   [ntoPINCH] at SafariZoneNorth(15,14)
   [ntoPINCH] at SafariZoneNorth(15,13)
   [ntoPINCH] at SafariZoneNorth(15,13)
   [ntoPINCH] at SafariZoneNorth(12,11)
   [ntoPINCH] at SafariZoneNorth(12,11)
   [ntoPINCH] at SafariZoneNorth(12,11)
   [ntoPINCH] at SafariZoneNorth(12,11)
   [ntoPINCH] at SafariZoneNorth(12,11)
   [ntoPINCH] at SafariZoneNorth(18,7)
   [ntoPINCH] at SafariZoneNorth(18,7)
   [ntoPINCH] at SafariZoneNorth(22,5)
   [ntoPINCH] at SafariZoneNorth(22,5)
   [ntoPINCH] at SafariZoneNorth(22,5)
   [ntoPINCH] at SafariZoneNorth(22,5)
   [ntoPINCH] at SafariZoneNorth(22,5)
   [ntoPINCH] at SafariZoneNorth(19,10)
   [ntoPINCH] at SafariZoneNorth(18,10)
   [ntoPINCH] at SafariZoneNorth(18,10)
   [ntoPINCH] at SafariZoneNorth(18,10)
   [ntoPINCH] at SafariZoneNorth(18,10)
   [ntoPINCH] at SafariZoneNorth(18,10)
   [ntoPINCH] at SafariZoneNorth(18,10)
   [ntoPINCH] at SafariZoneNorth(18,10)
   [ntoPINCH] at SafariZoneNorth(18,10)
   [ntoPINCH] at SafariZoneNorth(18,10)
[m28] frame=601984 screen=overworld map=SafariZoneSecretHouse pos=(2,3) party=1 money=44157 effect=None
   done (0.3s wall)
== m29: Safari timeout + Warden → HM04 Strength
[m29] frame=610508 screen=overworld map=FuchsiaCity pos=(19,28) party=1 money=44157 effect=None
   done (0.2s wall)
== m30: Celadon roof drink → Saffron guards
[m20] frame=634598 screen=overworld map=CeladonCity pos=(41,10) party=1 money=47012 effect=None
[m30] frame=641684 screen=overworld map=SaffronCity pos=(9,29) party=1 money=46812 effect=None
   done (1.0s wall)
== m31: Silph Co fifth floor → Card Key
[m31] frame=646015 screen=overworld map=SilphCo5F pos=(20,16) party=1 money=47802 effect=None
   done (0.1s wall)
== m32: Silph rival + Lapras gift + Surf
   [ntoPINCH] at SaffronCity(36,14)
[m32] frame=668757 screen=overworld map=SilphCo7F pos=(1,4) party=2 money=40542 effect=None
   done (0.3s wall)
== m33: Silph Giovanni + president → Master Ball
[m33] frame=677564 screen=overworld map=SilphCo11F pos=(6,5) party=2 money=45561 effect=None
   done (0.1s wall)
== m34: Saffron teleport maze → Marsh Badge
[m34] blackout 1: healed, retrying
[m34] frame=700569 screen=overworld map=SaffronGym pos=(9,9) party=2 money=25538 effect=None
   done (0.4s wall)
== m35: Route 16 CUT + hidden house → HM02
[m35] frame=709030 screen=overworld map=Route16FlyHouse pos=(2,4) party=2 money=25538 effect=None
   done (2.0s wall)
== m36: Surf to Power Plant + Master Ball Zapdos
   [ntoPINCH] at Route10(9,40)
   [ntoPINCH] at PowerPlant(18,12)
   [ntoPINCH] at PowerPlant(18,12)
   [ntoPINCH] at PowerPlant(16,10)
   [ntoPINCH] at PowerPlant(16,10)
   [ntoPINCH] at PowerPlant(16,9)
   [ntoPINCH] at PowerPlant(16,7)
   [ntoPINCH] at PowerPlant(16,7)
   [ntoPINCH] at PowerPlant(16,7)
   [ntoPINCH] at PowerPlant(16,7)
   [ntoPINCH] at PowerPlant(16,7)
   [ntoPINCH] at PowerPlant(16,9)
[m36] frame=728021 screen=overworld map=PowerPlant pos=(4,8) party=3 money=27038 effect=None
   done (0.8s wall)
== m37: Fly to Pallet + Route 21 Surf → Cinnabar
   [ntoPINCH] at ViridianCity(23,26)
[m37] frame=736133 screen=overworld map=CinnabarIsland pos=(11,12) party=3 money=27038 effect=None
   done (0.3s wall)
== m38: Mansion statues + floor hole → Secret Key
   [ntoPINCH] at PokemonMansion1F(18,20)
[m38] frame=745610 screen=overworld map=PokemonMansionB1F pos=(5,12) party=3 money=28488 effect=None
   done (0.2s wall)
== m39: Cinnabar quiz machines → Volcano Badge
   [ntoPINCH] at PokemonMansion1F(25,23)
[m39] frame=760200 screen=overworld map=CinnabarGym pos=(3,4) party=3 money=33141 effect=None
   done (0.3s wall)
== m40: Viridian spinner gym → eighth badge
   [ntoPINCH] at ViridianGym(14,7)
   [ntoPINCH] at ViridianGym(14,7)
   [ntoPINCH] at ViridianGym(15,7)
   [ntoPINCH] at ViridianGym(16,7)
[m40] frame=774487 screen=overworld map=ViridianGym pos=(2,2) party=3 money=40546 effect=None
   done (0.3s wall)
== m41: Route 22 rival + eight badge gates → Victory Road
[m41] frame=790830 screen=overworld map=VictoryRoad1F pos=(8,17) party=3 money=43991 effect=None
   done (0.8s wall)
== m42: Victory Road Strength → first two switches
[boulder] VictoryRoad1F (5, 15) → (17, 13): 18 pushes
[boulder] VictoryRoad1F (5, 16) → (17, 13): 17 pushes
[boulder] VictoryRoad1F (6, 16) → (17, 13): 16 pushes
[boulder] VictoryRoad1F (7, 16) → (17, 13): 15 pushes
[boulder] VictoryRoad1F (8, 16) → (17, 13): 14 pushes
[boulder] VictoryRoad1F (8, 15) → (17, 13): 13 pushes
[boulder] VictoryRoad1F (9, 15) → (17, 13): 12 pushes
[boulder] VictoryRoad1F (9, 14) → (17, 13): 11 pushes
[boulder] VictoryRoad1F (10, 14) → (17, 13): 10 pushes
[boulder] VictoryRoad1F (11, 14) → (17, 13): 9 pushes
[boulder] VictoryRoad1F (12, 14) → (17, 13): 8 pushes
[boulder] VictoryRoad1F (13, 14) → (17, 13): 7 pushes
[boulder] VictoryRoad1F (14, 14) → (17, 13): 6 pushes
[boulder] VictoryRoad1F (15, 14) → (17, 13): 5 pushes
[boulder] VictoryRoad1F (16, 14) → (17, 13): 4 pushes
[boulder] VictoryRoad1F (16, 13) → (17, 13): 3 pushes
[boulder] VictoryRoad1F (16, 12) → (17, 13): 2 pushes
[boulder] VictoryRoad1F (17, 12) → (17, 13): 1 pushes
[boulder] VictoryRoad2F (4, 14) → (1, 16): 5 pushes
[boulder] VictoryRoad2F (4, 15) → (1, 16): 4 pushes
[boulder] VictoryRoad2F (3, 15) → (1, 16): 3 pushes
[boulder] VictoryRoad2F (3, 16) → (1, 16): 2 pushes
[boulder] VictoryRoad2F (2, 16) → (1, 16): 1 pushes
[m42] frame=800245 screen=overworld map=VictoryRoad2F pos=(2,16) party=3 money=45461 effect=None
   done (0.5s wall)
== m43: Victory Road upper switch + boulder hole
[boulder] VictoryRoad3F (22, 3) → (3, 5): 27 pushes
[boulder] VictoryRoad3F (22, 2) → (3, 5): 26 pushes
[boulder] VictoryRoad3F (22, 1) → (3, 5): 25 pushes
[boulder] VictoryRoad3F (21, 1) → (3, 5): 24 pushes
[boulder] VictoryRoad3F (20, 1) → (3, 5): 23 pushes
[boulder] VictoryRoad3F (19, 1) → (3, 5): 22 pushes
[boulder] VictoryRoad3F (18, 1) → (3, 5): 21 pushes
[boulder] VictoryRoad3F (17, 1) → (3, 5): 20 pushes
[boulder] VictoryRoad3F (16, 1) → (3, 5): 19 pushes
[boulder] VictoryRoad3F (15, 1) → (3, 5): 18 pushes
[boulder] VictoryRoad3F (14, 1) → (3, 5): 17 pushes
[boulder] VictoryRoad3F (13, 1) → (3, 5): 16 pushes
[boulder] VictoryRoad3F (12, 1) → (3, 5): 15 pushes
[boulder] VictoryRoad3F (11, 1) → (3, 5): 14 pushes
[boulder] VictoryRoad3F (10, 1) → (3, 5): 13 pushes
[boulder] VictoryRoad3F (9, 1) → (3, 5): 12 pushes
[boulder] VictoryRoad3F (8, 1) → (3, 5): 11 pushes
[boulder] VictoryRoad3F (7, 1) → (3, 5): 10 pushes
[boulder] VictoryRoad3F (6, 1) → (3, 5): 9 pushes
[boulder] VictoryRoad3F (6, 2) → (3, 5): 8 pushes
[boulder] VictoryRoad3F (5, 2) → (3, 5): 7 pushes
[boulder] VictoryRoad3F (4, 2) → (3, 5): 6 pushes
[boulder] VictoryRoad3F (3, 2) → (3, 5): 5 pushes
[boulder] VictoryRoad3F (2, 2) → (3, 5): 4 pushes
[boulder] VictoryRoad3F (2, 3) → (3, 5): 3 pushes
[boulder] VictoryRoad3F (2, 4) → (3, 5): 2 pushes
[boulder] VictoryRoad3F (2, 5) → (3, 5): 1 pushes
[boulder] VictoryRoad3F (22, 15) → (23, 15): 1 pushes
[boulder] VictoryRoad2F (23, 16) → (9, 16): 14 pushes
[boulder] VictoryRoad2F (22, 16) → (9, 16): 13 pushes
[boulder] VictoryRoad2F (21, 16) → (9, 16): 12 pushes
[boulder] VictoryRoad2F (20, 16) → (9, 16): 11 pushes
[boulder] VictoryRoad2F (19, 16) → (9, 16): 10 pushes
[boulder] VictoryRoad2F (18, 16) → (9, 16): 9 pushes
[boulder] VictoryRoad2F (18, 16) → (9, 16): 9 pushes
[boulder] VictoryRoad2F (17, 16) → (9, 16): 8 pushes
[boulder] VictoryRoad2F (16, 16) → (9, 16): 7 pushes
[boulder] VictoryRoad2F (15, 16) → (9, 16): 6 pushes
[boulder] VictoryRoad2F (14, 16) → (9, 16): 5 pushes
[boulder] VictoryRoad2F (13, 16) → (9, 16): 4 pushes
[boulder] VictoryRoad2F (12, 16) → (9, 16): 3 pushes
[boulder] VictoryRoad2F (11, 16) → (9, 16): 2 pushes
[boulder] VictoryRoad2F (10, 16) → (9, 16): 1 pushes
[m43] frame=810628 screen=overworld map=VictoryRoad2F pos=(10,16) party=3 money=45461 effect=None
   done (3.0s wall)
== m44: Victory Road exit + Indigo healing and supplies
[m44] frame=815431 screen=overworld map=IndigoPlateauLobby pos=(2,5) party=3 money=1461 effect=None
   done (0.1s wall)
== m45: Elite Four: Lorelei
[m45] frame=818719 screen=overworld map=LoreleisRoom pos=(4,2) party=3 money=7005 effect=None
   done (0.0s wall)
== m46: Elite Four: Bruno
[m46] frame=822435 screen=overworld map=BrunosRoom pos=(4,2) party=3 money=12747 effect=None
   done (0.1s wall)
== m47: Elite Four: Agatha
[m47] frame=826975 screen=overworld map=AgathasRoom pos=(4,2) party=3 money=18687 effect=None
   done (0.1s wall)
== m48: Elite Four: Lance
[m48] frame=833359 screen=overworld map=LancesRoom pos=(6,2) party=3 money=24825 effect=None
   done (0.1s wall)
== m49: Champion → Hall of Fame → credits → saved Continue
[resume-reentry] frame=608 screen=overworld map=PalletTown pos=(5,6) party=3 money=31260 effect=None
[resume-reentry] frame=848910 screen=overworld map=PalletTown pos=(5,6) party=3 money=31260 effect=None
[m49] frame=848910 screen=overworld map=PalletTown pos=(5,6) party=3 money=31260 effect=None
   done (0.1s wall)
PLAYTHROUGH REACHED REQUESTED MILESTONE
