intro-title-v1/update_avg_ticks: 30 -> 30 ticks (+0.0%, limit 55.0)
intro-title-v1/draw_per_frame_ticks: 2201 -> 2212 ticks (+0.5%, limit 2531.2)
intro-title-v1/draw_max_ticks: 18444 -> 18519 ticks (+0.4%, limit 21210.6)
intro-title-v1/present_per_frame_ticks: 225 -> 225 ticks (+0.0%, limit 258.8)
intro-title-v1/present_max_ticks: 785 -> 785 ticks (+0.0%, limit 902.8)
oak-dialogue-v1/update_avg_ticks: 90 -> 90 ticks (+0.0%, limit 115.0)
oak-dialogue-v1/draw_per_frame_ticks: 1943 -> 1937 ticks (-0.3%, limit 2234.4)
oak-dialogue-v1/draw_max_ticks: 9425 -> 9414 ticks (-0.1%, limit 10838.8)
oak-dialogue-v1/present_per_frame_ticks: 265 -> 265 ticks (+0.0%, limit 304.8)
oak-dialogue-v1/present_max_ticks: 798 -> 798 ticks (+0.0%, limit 917.7)
overworld-idle-v1/update_avg_ticks: 266 -> 267 ticks (+0.4%, limit 305.9)
overworld-movement-v1/update_avg_ticks: 279 -> 279 ticks (+0.0%, limit 320.9)
overworld-movement-v1/draw_per_frame_ticks: 247 -> 249 ticks (+0.8%, limit 284.1)
overworld-movement-v1/draw_max_ticks: 2658 -> 2674 ticks (+0.6%, limit 3056.7)
overworld-movement-v1/present_per_frame_ticks: 79 -> 78 ticks (-1.3%, limit 104.0)
overworld-movement-v1/present_max_ticks: 797 -> 797 ticks (+0.0%, limit 916.5)
battle-entry-v1/update_avg_ticks: 106 -> 105 ticks (-0.9%, limit 131.0)
battle-entry-v1/draw_per_frame_ticks: 2441 -> 2527 ticks (+3.5%, limit 2807.2)
battle-entry-v1/draw_max_ticks: 9667 -> 9646 ticks (-0.2%, limit 11117.0)
battle-entry-v1/present_per_frame_ticks: 538 -> 536 ticks (-0.4%, limit 618.7)
battle-entry-v1/present_max_ticks: 798 -> 798 ticks (+0.0%, limit 917.7)
trainer-battle-entry-v1/update_avg_ticks: 114 -> 114 ticks (+0.0%, limit 139.0)
trainer-battle-entry-v1/draw_per_frame_ticks: 1755 -> 1608 ticks (-8.4%, limit 2018.2)
trainer-battle-entry-v1/draw_max_ticks: 10544 -> 10536 ticks (-0.1%, limit 12125.6)
trainer-battle-entry-v1/present_per_frame_ticks: 230 -> 225 ticks (-2.2%, limit 264.5)
trainer-battle-entry-v1/present_max_ticks: 798 -> 798 ticks (+0.0%, limit 917.7)
pokedex-entry-v1/update_avg_ticks: 22 -> 22 ticks (+0.0%, limit 47.0)
pokedex-entry-v1/draw_per_frame_ticks: 47 -> 47 ticks (+0.0%, limit 72.0)
pokedex-entry-v1/draw_max_ticks: 18914 -> 18909 ticks (-0.0%, limit 21751.1)
pokedex-entry-v1/present_per_frame_ticks: 1 -> 1 ticks (+0.0%, limit 26.0)
pokedex-entry-v1/present_max_ticks: 785 -> 785 ticks (+0.0%, limit 902.8)
GBA performance is within the configured regression budget.
