== m01: boot to NEW GAME / Oak speech
   done (1.0s wall)
== m02: Oak speech + default names → bedroom
[m02] frame=1925 screen=overworld map=RedsHouse2F pos=(3,6) party=0 money=3000 effect=None
   done (2.8s wall)
== m03: leave home → Pallet Town
[m03] frame=2281 screen=overworld map=PalletTown pos=(5,5) party=0 money=3000 effect=None
   done (1.0s wall)
== m04: Oak interception → OaksLab
[m04] frame=4240 screen=overworld map=OaksLab pos=(5,3) party=0 money=3000 effect=None
   done (1.1s wall)
== m05: take starter (bulbasaur)
[m05] frame=5360 screen=overworld map=OaksLab pos=(8,4) party=1 money=3000 effect=None
   done (0.7s wall)
== m06: first rival battle
[m06] frame=7558 screen=overworld map=OaksLab pos=(5,6) party=1 money=3175 effect=None
   done (4.3s wall)
== m07: Route 1 → Viridian Mart parcel
[m07-in-mart] frame=10116 screen=overworld map=ViridianMart pos=(3,5) party=1 money=3175 effect=None
[m07-back-outside] frame=10228 screen=overworld map=ViridianCity pos=(29,19) party=1 money=3175 effect=None
   done (5.5s wall)
== m08: deliver parcel → POKéDEX
   [ntoPINCH] at ViridianCity(22,30)
   [ntoPINCH] at ViridianCity(23,30)
[m08-southlane] frame=10722 screen=overworld map=ViridianCity pos=(20,32) party=1 money=3175 effect=None
[m08-back-home] frame=12419 screen=overworld map=PalletTown pos=(12,12) party=1 money=3175 effect=None
[m08-delivered] frame=12878 screen=overworld map=OaksLab pos=(5,3) party=1 money=3175 effect=None
[m08] oak-after-delivery: OAK: RED, raise your young POKeMON by making it
   done (7.7s wall)
== m09: Viridian Forest → Pewter City
Traceback (most recent call last):
  File "/private/tmp/pokered-memory-audit-base/scripts/playthrough.py", line 2024, in <module>
    main()
    ~~~~^^
  File "/private/tmp/pokered-memory-audit-base/scripts/playthrough.py", line 1980, in main
    fn(g)
    ~~^^^
  File "/private/tmp/pokered-memory-audit-base/scripts/playthrough.py", line 1740, in m09_to_pewter
    walk_pallet_to_pewter(g)
    ~~~~~~~~~~~~~~~~~~~~~^^^
  File "/private/tmp/pokered-memory-audit-base/scripts/playthrough.py", line 1721, in walk_pallet_to_pewter
    g.nav_to_map(3, 44, "Route2")                     # below south gate
    ~~~~~~~~~~~~^^^^^^^^^^^^^^^^^
  File "/private/tmp/pokered-memory-audit-base/scripts/playthrough.py", line 1029, in nav_to_map
    raise NavError(f"nav_to_map({map_name},{x},{y}) did not converge")
NavError: nav_to_map(Route2,3,44) did not converge
